Archive member included to satisfy reference by file (symbol)

c:/program files (x86)/atmel/studio/7.0/toolchain/arm/arm-gnu-toolchain/bin/../lib/gcc/arm-none-eabi/6.3.1/../../../../arm-none-eabi/lib/thumb/v7e-m\libc.a(lib_a-exit.o)
                              c:/program files (x86)/atmel/studio/7.0/toolchain/arm/arm-gnu-toolchain/bin/../lib/gcc/arm-none-eabi/6.3.1/../../../../arm-none-eabi/lib/thumb/v7e-m/crt0.o (exit)
c:/program files (x86)/atmel/studio/7.0/toolchain/arm/arm-gnu-toolchain/bin/../lib/gcc/arm-none-eabi/6.3.1/../../../../arm-none-eabi/lib/thumb/v7e-m\libc.a(lib_a-impure.o)
                              c:/program files (x86)/atmel/studio/7.0/toolchain/arm/arm-gnu-toolchain/bin/../lib/gcc/arm-none-eabi/6.3.1/../../../../arm-none-eabi/lib/thumb/v7e-m\libc.a(lib_a-exit.o) (_global_impure_ptr)
c:/program files (x86)/atmel/studio/7.0/toolchain/arm/arm-gnu-toolchain/bin/../lib/gcc/arm-none-eabi/6.3.1/../../../../arm-none-eabi/lib/thumb/v7e-m\libc.a(lib_a-init.o)
                              c:/program files (x86)/atmel/studio/7.0/toolchain/arm/arm-gnu-toolchain/bin/../lib/gcc/arm-none-eabi/6.3.1/../../../../arm-none-eabi/lib/thumb/v7e-m/crt0.o (__libc_init_array)
c:/program files (x86)/atmel/studio/7.0/toolchain/arm/arm-gnu-toolchain/bin/../lib/gcc/arm-none-eabi/6.3.1/../../../../arm-none-eabi/lib/thumb/v7e-m\libc.a(lib_a-iprintf.o)
                              src/ASF/sam/utils/syscalls/gcc/syscalls.o (iprintf)
c:/program files (x86)/atmel/studio/7.0/toolchain/arm/arm-gnu-toolchain/bin/../lib/gcc/arm-none-eabi/6.3.1/../../../../arm-none-eabi/lib/thumb/v7e-m\libc.a(lib_a-memcpy.o)
                              src/main.o (memcpy)
c:/program files (x86)/atmel/studio/7.0/toolchain/arm/arm-gnu-toolchain/bin/../lib/gcc/arm-none-eabi/6.3.1/../../../../arm-none-eabi/lib/thumb/v7e-m\libc.a(lib_a-memset.o)
                              c:/program files (x86)/atmel/studio/7.0/toolchain/arm/arm-gnu-toolchain/bin/../lib/gcc/arm-none-eabi/6.3.1/../../../../arm-none-eabi/lib/thumb/v7e-m/crt0.o (memset)
c:/program files (x86)/atmel/studio/7.0/toolchain/arm/arm-gnu-toolchain/bin/../lib/gcc/arm-none-eabi/6.3.1/../../../../arm-none-eabi/lib/thumb/v7e-m\libc.a(lib_a-vfiprintf.o)
                              c:/program files (x86)/atmel/studio/7.0/toolchain/arm/arm-gnu-toolchain/bin/../lib/gcc/arm-none-eabi/6.3.1/../../../../arm-none-eabi/lib/thumb/v7e-m\libc.a(lib_a-iprintf.o) (_vfiprintf_r)
c:/program files (x86)/atmel/studio/7.0/toolchain/arm/arm-gnu-toolchain/bin/../lib/gcc/arm-none-eabi/6.3.1/../../../../arm-none-eabi/lib/thumb/v7e-m\libc.a(lib_a-wsetup.o)
                              c:/program files (x86)/atmel/studio/7.0/toolchain/arm/arm-gnu-toolchain/bin/../lib/gcc/arm-none-eabi/6.3.1/../../../../arm-none-eabi/lib/thumb/v7e-m\libc.a(lib_a-vfiprintf.o) (__swsetup_r)
c:/program files (x86)/atmel/studio/7.0/toolchain/arm/arm-gnu-toolchain/bin/../lib/gcc/arm-none-eabi/6.3.1/../../../../arm-none-eabi/lib/thumb/v7e-m\libc.a(lib_a-__call_atexit.o)
                              c:/program files (x86)/atmel/studio/7.0/toolchain/arm/arm-gnu-toolchain/bin/../lib/gcc/arm-none-eabi/6.3.1/../../../../arm-none-eabi/lib/thumb/v7e-m\libc.a(lib_a-exit.o) (__call_exitprocs)
c:/program files (x86)/atmel/studio/7.0/toolchain/arm/arm-gnu-toolchain/bin/../lib/gcc/arm-none-eabi/6.3.1/../../../../arm-none-eabi/lib/thumb/v7e-m\libc.a(lib_a-atexit.o)
                              c:/program files (x86)/atmel/studio/7.0/toolchain/arm/arm-gnu-toolchain/bin/../lib/gcc/arm-none-eabi/6.3.1/../../../../arm-none-eabi/lib/thumb/v7e-m\libc.a(lib_a-__call_atexit.o) (atexit)
c:/program files (x86)/atmel/studio/7.0/toolchain/arm/arm-gnu-toolchain/bin/../lib/gcc/arm-none-eabi/6.3.1/../../../../arm-none-eabi/lib/thumb/v7e-m\libc.a(lib_a-fflush.o)
                              c:/program files (x86)/atmel/studio/7.0/toolchain/arm/arm-gnu-toolchain/bin/../lib/gcc/arm-none-eabi/6.3.1/../../../../arm-none-eabi/lib/thumb/v7e-m\libc.a(lib_a-vfiprintf.o) (_fflush_r)
c:/program files (x86)/atmel/studio/7.0/toolchain/arm/arm-gnu-toolchain/bin/../lib/gcc/arm-none-eabi/6.3.1/../../../../arm-none-eabi/lib/thumb/v7e-m\libc.a(lib_a-findfp.o)
                              c:/program files (x86)/atmel/studio/7.0/toolchain/arm/arm-gnu-toolchain/bin/../lib/gcc/arm-none-eabi/6.3.1/../../../../arm-none-eabi/lib/thumb/v7e-m\libc.a(lib_a-vfiprintf.o) (__sinit)
c:/program files (x86)/atmel/studio/7.0/toolchain/arm/arm-gnu-toolchain/bin/../lib/gcc/arm-none-eabi/6.3.1/../../../../arm-none-eabi/lib/thumb/v7e-m\libc.a(lib_a-fini.o)
                              c:/program files (x86)/atmel/studio/7.0/toolchain/arm/arm-gnu-toolchain/bin/../lib/gcc/arm-none-eabi/6.3.1/../../../../arm-none-eabi/lib/thumb/v7e-m\libc.a(lib_a-__call_atexit.o) (__libc_fini_array)
c:/program files (x86)/atmel/studio/7.0/toolchain/arm/arm-gnu-toolchain/bin/../lib/gcc/arm-none-eabi/6.3.1/../../../../arm-none-eabi/lib/thumb/v7e-m\libc.a(lib_a-fputwc.o)
[...]
Memory Configuration

Name             Origin             Length             Attributes
rom              0x00400000         0x00200000         xr
ram              0x20400000         0x00060000         xrw
*default*        0x00000000         0xffffffff

Linker script and memory map

LOAD c:/program files (x86)/atmel/studio/7.0/toolchain/arm/arm-gnu-toolchain/bin/../lib/gcc/arm-none-eabi/6.3.1/thumb/v7e-m/crti.o
LOAD c:/program files (x86)/atmel/studio/7.0/toolchain/arm/arm-gnu-toolchain/bin/../lib/gcc/arm-none-eabi/6.3.1/thumb/v7e-m/crtbegin.o
LOAD c:/program files (x86)/atmel/studio/7.0/toolchain/arm/arm-gnu-toolchain/bin/../lib/gcc/arm-none-eabi/6.3.1/../../../../arm-none-eabi/lib/thumb/v7e-m/crt0.o
LOAD src/ASF/common/components/memory/sd_mmc/sd_mmc.o
LOAD src/ASF/sam/drivers/hsmci/hsmci.o
LOAD src/ASF/sam/drivers/matrix/matrix.o
LOAD src/ASF/sam/drivers/pwm/pwm.o
LOAD src/ASF/sam/drivers/wdt/wdt.o
LOAD src/time_tick_sam.o
LOAD src/ASF/common/services/delay/sam/cycle_counter.o
LOAD src/ASF/common/services/clock/same70/sysclk.o
LOAD src/ASF/sam/drivers/pmc/pmc.o
LOAD src/ASF/sam/drivers/twihs/twihs.o
LOAD src/ASF/sam/drivers/xdmac/xdmac.o
LOAD src/ASF/sam/drivers/pmc/sleep.o
LOAD src/ASF/common/boards/user_board/init.o
LOAD src/ASF/common/utils/interrupt/interrupt_sam_nvic.o
LOAD src/ASF/sam/utils/cmsis/same70/source/templates/gcc/startup_same70.o
LOAD src/ASF/sam/utils/cmsis/same70/source/templates/system_same70.o
LOAD src/ASF/sam/utils/syscalls/gcc/syscalls.o
LOAD src/main.o
START GROUP
LOAD ../src/ASF/thirdparty/CMSIS/Lib/GCC\libarm_cortexM7lfsp_math_softfp.a
LOAD c:/program files (x86)/atmel/studio/7.0/toolchain/arm/arm-gnu-toolchain/bin/../lib/gcc/arm-none-eabi/6.3.1/../../../../arm-none-eabi/lib/thumb/v7e-m\libm.a
END GROUP
START GROUP
LOAD c:/program files (x86)/atmel/studio/7.0/toolchain/arm/arm-gnu-toolchain/bin/../lib/gcc/arm-none-eabi/6.3.1/thumb/v7e-m\libgcc.a
LOAD c:/program files (x86)/atmel/studio/7.0/toolchain/arm/arm-gnu-toolchain/bin/../lib/gcc/arm-none-eabi/6.3.1/../../../../arm-none-eabi/lib/thumb/v7e-m\libc.a
END GROUP
LOAD c:/program files (x86)/atmel/studio/7.0/toolchain/arm/arm-gnu-toolchain/bin/../lib/gcc/arm-none-eabi/6.3.1/thumb/v7e-m/crtend.o
LOAD c:/program files (x86)/atmel/studio/7.0/toolchain/arm/arm-gnu-toolchain/bin/../lib/gcc/arm-none-eabi/6.3.1/thumb/v7e-m/crtn.o
                0x00002000                STACK_SIZE = DEFINED (STACK_SIZE)?STACK_SIZE:0x2000
                0x2045fffc                __ram_end__ = ((ORIGIN (ram) + LENGTH (ram)) - 0x4)
                0x00000200                HEAP_SIZE = DEFINED (HEAP_SIZE)?HEAP_SIZE:0x200

.text           0x00400000     0x273c
                0x00400000                . = ALIGN (0x4)
                0x00400000                _sfixed = .
 *(.vectors .vectors.*)
 .vectors       0x00400000      0x140 src/ASF/sam/utils/cmsis/same70/source/templates/gcc/startup_same70.o
                0x00400000                exception_table
 *(.text .text.* .gnu.linkonce.t.*)
 .text          0x00400140       0x6c c:/program files (x86)/atmel/studio/7.0/toolchain/arm/arm-gnu-toolchain/bin/../lib/gcc/arm-none-eabi/6.3.1/thumb/v7e-m/crtbegin.o
 .text.sd_mmc_configure_slot
                0x004001ac       0x28 src/ASF/common/components/memory/sd_mmc/sd_mmc.o
 .text.sd_mmc_select_slot
                0x004001d4       0x58 src/ASF/common/components/memory/sd_mmc/sd_mmc.o
 .text.sd_mmc_cmd9_mci
                0x0040022c       0x34 src/ASF/common/components/memory/sd_mmc/sd_mmc.o
 .text.sd_mmc_deselect_slot
                0x00400260       0x1c src/ASF/common/components/memory/sd_mmc/sd_mmc.o
 .text.sd_mmc_init
                0x0040027c       0x20 src/ASF/common/components/memory/sd_mmc/sd_mmc.o
                0x0040027c                sd_mmc_init
 .text.sd_mmc_check
                0x0040029c      0x65c src/ASF/common/components/memory/sd_mmc/sd_mmc.o
                0x0040029c                sd_mmc_check
 .text.sd_mmc_get_type
                0x004008f8       0x24 src/ASF/common/components/memory/sd_mmc/sd_mmc.o
                0x004008f8                sd_mmc_get_type
 .text.sd_mmc_get_capacity
                0x0040091c       0x24 src/ASF/common/components/memory/sd_mmc/sd_mmc.o
                0x0040091c                sd_mmc_get_capacity
 .text.sd_mmc_init_read_blocks
                0x00400940       0xd4 src/ASF/common/components/memory/sd_mmc/sd_mmc.o
                0x00400940                sd_mmc_init_read_blocks
 .text.sd_mmc_start_read_blocks
                0x00400a14       0x28 src/ASF/common/components/memory/sd_mmc/sd_mmc.o
                0x00400a14                sd_mmc_start_read_blocks
 .text.sd_mmc_wait_end_of_read_blocks
                0x00400a3c       0x68 src/ASF/common/components/memory/sd_mmc/sd_mmc.o
                0x00400a3c                sd_mmc_wait_end_of_read_blocks
 .text.sd_mmc_init_write_blocks
                0x00400aa4       0x8c src/ASF/common/components/memory/sd_mmc/sd_mmc.o
                0x00400aa4                sd_mmc_init_write_blocks
 .text.sd_mmc_start_write_blocks
                0x00400b30       0x28 src/ASF/common/components/memory/sd_mmc/sd_mmc.o
                0x00400b30                sd_mmc_start_write_blocks
 .text.sd_mmc_wait_end_of_write_blocks
                0x00400b58       0x64 src/ASF/common/components/memory/sd_mmc/sd_mmc.o
                0x00400b58                sd_mmc_wait_end_of_write_blocks
 .text.hsmci_reset
                0x00400bbc       0x2a src/ASF/sam/drivers/hsmci/hsmci.o
 *fill*         0x00400be6        0x2 
 .text.hsmci_send_cmd_execute
                0x00400be8       0xa0 src/ASF/sam/drivers/hsmci/hsmci.o
 .text.hsmci_init
                0x00400c88       0x2c src/ASF/sam/drivers/hsmci/hsmci.o
                0x00400c88                hsmci_init
 .text.hsmci_get_bus_width
                0x00400cb4        0xa src/ASF/sam/drivers/hsmci/hsmci.o
                0x00400cb4                hsmci_get_bus_width
 .text.hsmci_is_high_speed_capable
                0x00400cbe        0x4 src/ASF/sam/drivers/hsmci/hsmci.o
                0x00400cbe                hsmci_is_high_speed_capable
 *fill*         0x00400cc2        0x2 
 .text.hsmci_select_device
                0x00400cc4       0x70 src/ASF/sam/drivers/hsmci/hsmci.o
                0x00400cc4                hsmci_select_device
 .text.hsmci_deselect_device
                0x00400d34        0x2 src/ASF/sam/drivers/hsmci/hsmci.o
                0x00400d34                hsmci_deselect_device
 .text.hsmci_send_clock
                0x00400d36       0x22 src/ASF/sam/drivers/hsmci/hsmci.o
                0x00400d36                hsmci_send_clock
 .text.hsmci_send_cmd
                0x00400d58       0x24 src/ASF/sam/drivers/hsmci/hsmci.o
                0x00400d58                hsmci_send_cmd
 .text.hsmci_get_response
                0x00400d7c        0x8 src/ASF/sam/drivers/hsmci/hsmci.o
                0x00400d7c                hsmci_get_response
 .text.hsmci_get_response_128
                0x00400d84       0x2e src/ASF/sam/drivers/hsmci/hsmci.o
                0x00400d84                hsmci_get_response_128
 *fill*         0x00400db2        0x2 
 .text.hsmci_adtc_start
                0x00400db4       0xc8 src/ASF/sam/drivers/hsmci/hsmci.o
                0x00400db4                hsmci_adtc_start
 .text.hsmci_read_word
                0x00400e7c       0x74 src/ASF/sam/drivers/hsmci/hsmci.o
                0x00400e7c                hsmci_read_word
 .text.hsmci_start_read_blocks
                0x00400ef0       0x64 src/ASF/sam/drivers/hsmci/hsmci.o
                0x00400ef0                hsmci_start_read_blocks
 .text.hsmci_wait_end_of_read_blocks
                0x00400f54       0x64 src/ASF/sam/drivers/hsmci/hsmci.o
                0x00400f54                hsmci_wait_end_of_read_blocks
 .text.hsmci_start_write_blocks
                0x00400fb8       0x64 src/ASF/sam/drivers/hsmci/hsmci.o
                0x00400fb8                hsmci_start_write_blocks
 .text.hsmci_wait_end_of_write_blocks
                0x0040101c       0x64 src/ASF/sam/drivers/hsmci/hsmci.o
                0x0040101c                hsmci_wait_end_of_write_blocks
 .text.matrix_set_system_io
                0x00401080       0x24 src/ASF/sam/drivers/matrix/matrix.o
                0x00401080                matrix_set_system_io
 .text.matrix_get_system_io
                0x004010a4       0x10 src/ASF/sam/drivers/matrix/matrix.o
                0x004010a4                matrix_get_system_io
 .text.pwm_clocks_generate
                0x004010b4       0x54 src/ASF/sam/drivers/pwm/pwm.o
 .text.pwm_init
                0x00401108       0x44 src/ASF/sam/drivers/pwm/pwm.o
                0x00401108                pwm_init
 .text.pwm_channel_init
                0x0040114c      0x16a src/ASF/sam/drivers/pwm/pwm.o
                0x0040114c                pwm_channel_init
 .text.pwm_channel_update_duty
                0x004012b6       0x1c src/ASF/sam/drivers/pwm/pwm.o
                0x004012b6                pwm_channel_update_duty
 .text.pwm_channel_enable
                0x004012d2        0xa src/ASF/sam/drivers/pwm/pwm.o
                0x004012d2                pwm_channel_enable
 .text.pwm_channel_disable
                0x004012dc        0xa src/ASF/sam/drivers/pwm/pwm.o
                0x004012dc                pwm_channel_disable
 .text.pwm_channel_disable_interrupt
                0x004012e6       0x12 src/ASF/sam/drivers/pwm/pwm.o
                0x004012e6                pwm_channel_disable_interrupt
 .text.SysTick_Handler
                0x004012f8       0x10 src/time_tick_sam.o
                0x004012f8                SysTick_Handler
 .text.time_tick_init
                0x00401308       0x2c src/time_tick_sam.o
                0x00401308                time_tick_init
 .text.time_tick_get
                0x00401334        0xc src/time_tick_sam.o
                0x00401334                time_tick_get
 .text.time_tick_calc_delay
                0x00401340        0xe src/time_tick_sam.o
                0x00401340                time_tick_calc_delay
 *fill*         0x0040134e        0x2 
 .text.sysclk_init
                0x00401350       0x74 src/ASF/common/services/clock/same70/sysclk.o
                0x00401350                sysclk_init
 .text.pmc_mck_set_division
                0x004013c4       0x38 src/ASF/sam/drivers/pmc/pmc.o
                0x004013c4                pmc_mck_set_division
 .text.pmc_switch_mck_to_pllack
                0x004013fc       0x64 src/ASF/sam/drivers/pmc/pmc.o
                0x004013fc                pmc_switch_mck_to_pllack
 .text.pmc_switch_mainck_to_xtal
                0x00401460       0x54 src/ASF/sam/drivers/pmc/pmc.o
                0x00401460                pmc_switch_mainck_to_xtal
 .text.pmc_osc_is_ready_mainck
                0x004014b4       0x10 src/ASF/sam/drivers/pmc/pmc.o
                0x004014b4                pmc_osc_is_ready_mainck
 .text.pmc_disable_pllack
                0x004014c4       0x10 src/ASF/sam/drivers/pmc/pmc.o
                0x004014c4                pmc_disable_pllack
 .text.pmc_is_locked_pllack
                0x004014d4       0x10 src/ASF/sam/drivers/pmc/pmc.o
                0x004014d4                pmc_is_locked_pllack
 .text.pmc_enable_periph_clk
                0x004014e4       0x54 src/ASF/sam/drivers/pmc/pmc.o
                0x004014e4                pmc_enable_periph_clk
 .text.twihs_set_speed
                0x00401538       0x48 src/ASF/sam/drivers/twihs/twihs.o
                0x00401538                twihs_set_speed
 .text.twihs_master_init
                0x00401580       0x34 src/ASF/sam/drivers/twihs/twihs.o
                0x00401580                twihs_master_init
 .text.twihs_master_write
                0x004015b4       0xb6 src/ASF/sam/drivers/twihs/twihs.o
                0x004015b4                twihs_master_write
 .text.xdmac_configure_transfer
                0x0040166a       0x3c src/ASF/sam/drivers/xdmac/xdmac.o
                0x0040166a                xdmac_configure_transfer
 *fill*         0x004016a6        0x2 
 .text.board_init
                0x004016a8       0xd4 src/ASF/common/boards/user_board/init.o
                0x004016a8                board_init
 .text.Dummy_Handler
                0x0040177c        0x2 src/ASF/sam/utils/cmsis/same70/source/templates/gcc/startup_same70.o
                0x0040177c                DACC_Handler
                0x0040177c                DebugMon_Handler
                0x0040177c                UART3_Handler
                0x0040177c                UART2_Handler
                0x0040177c                TRNG_Handler
                0x0040177c                HardFault_Handler
                0x0040177c                TC2_Handler
                0x0040177c                AFEC1_Handler
                0x0040177c                PendSV_Handler
                0x0040177c                NMI_Handler
                0x0040177c                QSPI_Handler
                0x0040177c                ISI_Handler
                0x0040177c                TC9_Handler
                0x0040177c                RSWDT_Handler
                0x0040177c                MCAN1_Handler
                0x0040177c                USART0_Handler
                0x0040177c                RTT_Handler
                0x0040177c                USBHS_Handler
                0x0040177c                PIOB_Handler
                0x0040177c                RTC_Handler
                0x0040177c                UsageFault_Handler
                0x0040177c                WDT_Handler
                0x0040177c                TC1_Handler
                0x0040177c                HSMCI_Handler
                0x0040177c                UART1_Handler
                0x0040177c                Dummy_Handler
                0x0040177c                TWIHS1_Handler
                0x0040177c                UART4_Handler
                0x0040177c                PWM1_Handler
                0x0040177c                USART1_Handler
                0x0040177c                PWM0_Handler
                0x0040177c                AFEC0_Handler
                0x0040177c                SSC_Handler
                0x0040177c                TC11_Handler
                0x0040177c                ACC_Handler
                0x0040177c                PMC_Handler
                0x0040177c                GMAC_Handler
                0x0040177c                MemManage_Handler
                0x0040177c                SUPC_Handler
                0x0040177c                SVC_Handler
                0x0040177c                EFC_Handler
                0x0040177c                USART2_Handler
                0x0040177c                SPI1_Handler
                0x0040177c                MCAN0_Handler
                0x0040177c                TC10_Handler
                0x0040177c                PIOD_Handler
                0x0040177c                TWIHS2_Handler
                0x0040177c                UART0_Handler
                0x0040177c                BusFault_Handler
                0x0040177c                RSTC_Handler
                0x0040177c                TC0_Handler
                0x0040177c                ICM_Handler
                0x0040177c                AES_Handler
                0x0040177c                TWIHS0_Handler
                0x0040177c                SPI0_Handler
 *fill*         0x0040177e        0x2 
 .text.Reset_Handler
                0x00401780       0xbc src/ASF/sam/utils/cmsis/same70/source/templates/gcc/startup_same70.o
                0x00401780                Reset_Handler
 .text.SystemCoreClockUpdate
                0x0040183c      0x10c src/ASF/sam/utils/cmsis/same70/source/templates/system_same70.o
                0x0040183c                SystemCoreClockUpdate
 .text.system_init_flash
                0x00401948       0x74 src/ASF/sam/utils/cmsis/same70/source/templates/system_same70.o
                0x00401948                system_init_flash
 .text.enableSourceClk
                0x004019bc       0x44 src/main.o
                0x004019bc                enableSourceClk
 .text.imagingSensorConfigure
                0x00401a00      0x1ec src/main.o
                0x00401a00                imagingSensorConfigure
 .text.imagingSensorParamInit
                0x00401bec       0x14 src/main.o
                0x00401bec                imagingSensorParamInit
 .text.imagingSensorDMAInit
                0x00401c00       0x24 src/main.o
                0x00401c00                imagingSensorDMAInit
 .text.imagingSensorStartDMA
                0x00401c24       0xb0 src/main.o
                0x00401c24                imagingSensorStartDMA
 .text.imagingSensorItInit
                0x00401cd4       0x14 src/main.o
                0x00401cd4                imagingSensorItInit
 .text.imageSensorVSyncItInit
                0x00401ce8       0x50 src/main.o
                0x00401ce8                imageSensorVSyncItInit
 .text.imageSensorHSyncItInit
                0x00401d38       0x50 src/main.o
                0x00401d38                imageSensorHSyncItInit
 .text.imagingSensorLoadHeader
                0x00401d88       0x64 src/main.o
                0x00401d88                imagingSensorLoadHeader
 .text.imagingSensorCaptureEnable
                0x00401dec       0x14 src/main.o
                0x00401dec                imagingSensorCaptureEnable
 .text.imagingSensorCaptureDisable
                0x00401e00       0x14 src/main.o
                0x00401e00                imagingSensorCaptureDisable
 .text.imagingSensorSetup
                0x00401e14       0x64 src/main.o
                0x00401e14                imagingSensorSetup
 .text.checkVSync
                0x00401e78      0x138 src/main.o
                0x00401e78                checkVSync
 .text.PIOA_Handler
                0x00401fb0       0x40 src/main.o
                0x00401fb0                PIOA_Handler
 .text.XDMAC_Handler
                0x00401ff0       0x1c src/main.o
                0x00401ff0                XDMAC_Handler
 .text.PWM_Init
                0x0040200c       0xbc src/main.o
                0x0040200c                PWM_Init
 .text.TWIHS_init
                0x004020c8       0x94 src/main.o
                0x004020c8                TWIHS_init
 .text.main     0x0040215c      0x2e4 src/main.o
                0x0040215c                main
 .text.__libc_init_array
                0x00402440       0x50 c:/program files (x86)/atmel/studio/7.0/toolchain/arm/arm-gnu-toolchain/bin/../lib/gcc/arm-none-eabi/6.3.1/../../../../arm-none-eabi/lib/thumb/v7e-m\libc.a(lib_a-init.o)
                0x00402440                __libc_init_array
 .text.memset   0x00402490       0x9c c:/program files (x86)/atmel/studio/7.0/toolchain/arm/arm-gnu-toolchain/bin/../lib/gcc/arm-none-eabi/6.3.1/../../../../arm-none-eabi/lib/thumb/v7e-m\libc.a(lib_a-memset.o)
                0x00402490                memset
 .text.startup.register_fini
                0x0040252c       0x14 c:/program files (x86)/atmel/studio/7.0/toolchain/arm/arm-gnu-toolchain/bin/../lib/gcc/arm-none-eabi/6.3.1/../../../../arm-none-eabi/lib/thumb/v7e-m\libc.a(lib_a-__call_atexit.o)
 .text.atexit   0x00402540        0xc c:/program files (x86)/atmel/studio/7.0/toolchain/arm/arm-gnu-toolchain/bin/../lib/gcc/arm-none-eabi/6.3.1/../../../../arm-none-eabi/lib/thumb/v7e-m\libc.a(lib_a-atexit.o)
                0x00402540                atexit
 .text.__libc_fini_array
                0x0040254c       0x34 c:/program files (x86)/atmel/studio/7.0/toolchain/arm/arm-gnu-toolchain/bin/../lib/gcc/arm-none-eabi/6.3.1/../../../../arm-none-eabi/lib/thumb/v7e-m\libc.a(lib_a-fini.o)
                0x0040254c                __libc_fini_array
 .text.__retarget_lock_acquire_recursive
                0x00402580        0x4 c:/program files (x86)/atmel/studio/7.0/toolchain/arm/arm-gnu-toolchain/bin/../lib/gcc/arm-none-eabi/6.3.1/../../../../arm-none-eabi/lib/thumb/v7e-m\libc.a(lib_a-lock.o)
                0x00402580                __retarget_lock_acquire_recursive
 .text.__retarget_lock_release_recursive
                0x00402584        0x4 c:/program files (x86)/atmel/studio/7.0/toolchain/arm/arm-gnu-toolchain/bin/../lib/gcc/arm-none-eabi/6.3.1/../../../../arm-none-eabi/lib/thumb/v7e-m\libc.a(lib_a-lock.o)
                0x00402584                __retarget_lock_release_recursive
 .text.__register_exitproc
                0x00402588       0xc4 c:/program files (x86)/atmel/studio/7.0/toolchain/arm/arm-gnu-toolchain/bin/../lib/gcc/arm-none-eabi/6.3.1/../../../../arm-none-eabi/lib/thumb/v7e-m\libc.a(lib_a-__atexit.o)
                0x00402588                __register_exitproc
 *(.glue_7t)
 .glue_7t       0x0040264c        0x0 linker stubs
 *(.glue_7)
 .glue_7        0x0040264c        0x0 linker stubs
 *(.rodata .rodata* .gnu.linkonce.r.*)
 .rodata.mmc_trans_multipliers
                0x0040264c       0x40 src/ASF/common/components/memory/sd_mmc/sd_mmc.o
                0x0040264c                mmc_trans_multipliers
 .rodata.sd_mmc_trans_units
                0x0040268c       0x1c src/ASF/common/components/memory/sd_mmc/sd_mmc.o
                0x0040268c                sd_mmc_trans_units
 .rodata.sd_trans_multipliers
                0x004026a8       0x40 src/ASF/common/components/memory/sd_mmc/sd_mmc.o
                0x004026a8                sd_trans_multipliers
 .rodata        0x004026e8       0x2c src/ASF/sam/drivers/pwm/pwm.o
 .rodata._global_impure_ptr
                0x00402714        0x4 c:/program files (x86)/atmel/studio/7.0/toolchain/arm/arm-gnu-toolchain/bin/../lib/gcc/arm-none-eabi/6.3.1/../../../../arm-none-eabi/lib/thumb/v7e-m\libc.a(lib_a-impure.o)
                0x00402714                _global_impure_ptr
 *(.ARM.extab* .gnu.linkonce.armextab.*)
                0x00402718                . = ALIGN (0x4)
 *(.init)
 .init          0x00402718        0x4 c:/program files (x86)/atmel/studio/7.0/toolchain/arm/arm-gnu-toolchain/bin/../lib/gcc/arm-none-eabi/6.3.1/thumb/v7e-m/crti.o
                0x00402718                _init
 .init          0x0040271c        0x8 c:/program files (x86)/atmel/studio/7.0/toolchain/arm/arm-gnu-toolchain/bin/../lib/gcc/arm-none-eabi/6.3.1/thumb/v7e-m/crtn.o
                0x00402724                . = ALIGN (0x4)
                0x00402724                __preinit_array_start = .
 *(.preinit_array)
                0x00402724                __preinit_array_end = .
                0x00402724                . = ALIGN (0x4)
                0x00402724                __init_array_start = .
 *(SORT(.init_array.*))
 .init_array.00000
                0x00402724        0x4 c:/program files (x86)/atmel/studio/7.0/toolchain/arm/arm-gnu-toolchain/bin/../lib/gcc/arm-none-eabi/6.3.1/../../../../arm-none-eabi/lib/thumb/v7e-m\libc.a(lib_a-__call_atexit.o)
 *(.init_array)
 .init_array    0x00402728        0x4 c:/program files (x86)/atmel/studio/7.0/toolchain/arm/arm-gnu-toolchain/bin/../lib/gcc/arm-none-eabi/6.3.1/thumb/v7e-m/crtbegin.o
                0x0040272c                __init_array_end = .
                0x0040272c                . = ALIGN (0x4)
 *crtbegin.o(.ctors)
 *(EXCLUDE_FILE(*crtend.o) .ctors)
 *(SORT(.ctors.*))
 *crtend.o(.ctors)
                0x0040272c                . = ALIGN (0x4)
 *(.fini)
 .fini          0x0040272c        0x4 c:/program files (x86)/atmel/studio/7.0/toolchain/arm/arm-gnu-toolchain/bin/../lib/gcc/arm-none-eabi/6.3.1/thumb/v7e-m/crti.o
                0x0040272c                _fini
 .fini          0x00402730        0x8 c:/program files (x86)/atmel/studio/7.0/toolchain/arm/arm-gnu-toolchain/bin/../lib/gcc/arm-none-eabi/6.3.1/thumb/v7e-m/crtn.o
                0x00402738                . = ALIGN (0x4)
                0x00402738                __fini_array_start = .
 *(.fini_array)
 .fini_array    0x00402738        0x4 c:/program files (x86)/atmel/studio/7.0/toolchain/arm/arm-gnu-toolchain/bin/../lib/gcc/arm-none-eabi/6.3.1/thumb/v7e-m/crtbegin.o
 *(SORT(.fini_array.*))
                0x0040273c                __fini_array_end = .
 *crtbegin.o(.dtors)
 *(EXCLUDE_FILE(*crtend.o) .dtors)
 *(SORT(.dtors.*))
 *crtend.o(.dtors)
                0x0040273c                . = ALIGN (0x4)
                0x0040273c                _efixed = .
                [!provide]                PROVIDE (__exidx_start, .)

.vfp11_veneer   0x0040273c        0x0
 .vfp11_veneer  0x0040273c        0x0 linker stubs

.v4_bx          0x0040273c        0x0
 .v4_bx         0x0040273c        0x0 linker stubs

.iplt           0x0040273c        0x0
 .iplt          0x0040273c        0x0 c:/program files (x86)/atmel/studio/7.0/toolchain/arm/arm-gnu-toolchain/bin/../lib/gcc/arm-none-eabi/6.3.1/thumb/v7e-m/crtbegin.o

.eh_frame       0x0040273c        0x0
 .eh_frame      0x0040273c        0x0 c:/program files (x86)/atmel/studio/7.0/toolchain/arm/arm-gnu-toolchain/bin/../lib/gcc/arm-none-eabi/6.3.1/thumb/v7e-m/crtbegin.o

.rel.dyn        0x0040273c        0x0
 .rel.iplt      0x0040273c        0x0 c:/program files (x86)/atmel/studio/7.0/toolchain/arm/arm-gnu-toolchain/bin/../lib/gcc/arm-none-eabi/6.3.1/thumb/v7e-m/crtbegin.o

.jcr            0x0040273c        0x0
 .jcr           0x0040273c        0x0 c:/program files (x86)/atmel/studio/7.0/toolchain/arm/arm-gnu-toolchain/bin/../lib/gcc/arm-none-eabi/6.3.1/thumb/v7e-m/crtbegin.o

.igot.plt       0x0040273c        0x0
 .igot.plt      0x0040273c        0x0 c:/program files (x86)/atmel/studio/7.0/toolchain/arm/arm-gnu-toolchain/bin/../lib/gcc/arm-none-eabi/6.3.1/thumb/v7e-m/crtbegin.o

.ARM.exidx
 *(.ARM.exidx* .gnu.linkonce.armexidx.*)
                [!provide]                PROVIDE (__exidx_end, .)
                0x0040273c                . = ALIGN (0x4)
                0x0040273c                _etext = .

.relocate       0x20400000      0x43c load address 0x0040273c
                0x20400000                . = ALIGN (0x4)
                0x20400000                _srelocate = .
 *(.ramfunc .ramfunc.*)
 *(.data .data.*)
 .data.g_interrupt_enabled
                0x20400000        0x1 src/ASF/common/utils/interrupt/interrupt_sam_nvic.o
                0x20400000                g_interrupt_enabled
 *fill*         0x20400001        0x3 
 .data.SystemCoreClock
                0x20400004        0x4 src/ASF/sam/utils/cmsis/same70/source/templates/system_same70.o
                0x20400004                SystemCoreClock
 .data.gain     0x20400008        0x4 src/main.o
                0x20400008                gain
 *fill*         0x2040000c        0x4 
 .data.impure_data
                0x20400010      0x428 c:/program files (x86)/atmel/studio/7.0/toolchain/arm/arm-gnu-toolchain/bin/../lib/gcc/arm-none-eabi/6.3.1/../../../../arm-none-eabi/lib/thumb/v7e-m\libc.a(lib_a-impure.o)
 .data.__atexit_recursive_mutex
                0x20400438        0x4 c:/program files (x86)/atmel/studio/7.0/toolchain/arm/arm-gnu-toolchain/bin/../lib/gcc/arm-none-eabi/6.3.1/../../../../arm-none-eabi/lib/thumb/v7e-m\libc.a(lib_a-__call_atexit.o)
                0x20400438                __atexit_recursive_mutex
                0x2040043c                . = ALIGN (0x4)
                0x2040043c                _erelocate = .

.bss            0x20400440    0x4b308 load address 0x00402b80
                0x20400440                . = ALIGN (0x4)
                0x20400440                _sbss = .
                0x20400440                _szero = .
 *(.bss .bss.*)
 .bss           0x20400440       0x1c c:/program files (x86)/atmel/studio/7.0/toolchain/arm/arm-gnu-toolchain/bin/../lib/gcc/arm-none-eabi/6.3.1/thumb/v7e-m/crtbegin.o
 .bss.sd_mmc_card
                0x2040045c        0x4 src/ASF/common/components/memory/sd_mmc/sd_mmc.o
 .bss.sd_mmc_cards
                0x20400460       0x20 src/ASF/common/components/memory/sd_mmc/sd_mmc.o
 .bss.sd_mmc_nb_block_remaining
                0x20400480        0x2 src/ASF/common/components/memory/sd_mmc/sd_mmc.o
 .bss.sd_mmc_nb_block_to_tranfer
                0x20400482        0x2 src/ASF/common/components/memory/sd_mmc/sd_mmc.o
 .bss.sd_mmc_slot_sel
                0x20400484        0x1 src/ASF/common/components/memory/sd_mmc/sd_mmc.o
 *fill*         0x20400485        0x1 
 .bss.hsmci_block_size
                0x20400486        0x2 src/ASF/sam/drivers/hsmci/hsmci.o
 .bss.hsmci_nb_block
                0x20400488        0x2 src/ASF/sam/drivers/hsmci/hsmci.o
 *fill*         0x2040048a        0x2 
 .bss.hsmci_transfert_pos
                0x2040048c        0x4 src/ASF/sam/drivers/hsmci/hsmci.o
 .bss.g_ms_ticks
                0x20400490        0x4 src/time_tick_sam.o
                0x20400490                g_ms_ticks
 .bss.captureEnabled
                0x20400494        0x1 src/main.o
                0x20400494                captureEnabled
 *fill*         0x20400495        0x3 
 .bss.frameNumber
                0x20400498        0x4 src/main.o
                0x20400498                frameNumber
 *fill*         0x2040049c        0x4 
 .bss.imageBuffer0
                0x204004a0    0x19000 src/main.o
 .bss.imageBuffer1
                0x204194a0    0x19000 src/main.o
 .bss.imageBuffer2
                0x204324a0    0x19000 src/main.o
 .bss.ledValue  0x2044b4a0        0x4 src/main.o
                0x2044b4a0                ledValue
 .bss.lineCount
                0x2044b4a4        0x4 src/main.o
                0x2044b4a4                lineCount
 .bss.numFramesToRecord
                0x2044b4a8        0x4 src/main.o
                0x2044b4a8                numFramesToRecord
 .bss.overflowCount
                0x2044b4ac        0x4 src/main.o
                0x2044b4ac                overflowCount
 .bss.pcISR     0x2044b4b0        0x4 src/main.o
                0x2044b4b0                pcISR
 .bss.sdImageWriteFrameNum
                0x2044b4b4        0x4 src/main.o
                0x2044b4b4                sdImageWriteFrameNum
 .bss.startRecording
                0x2044b4b8        0x1 src/main.o
                0x2044b4b8                startRecording
 *fill*         0x2044b4b9        0x3 
 .bss.testPoint
                0x2044b4bc        0x4 src/main.o
                0x2044b4bc                testPoint
 .bss.xferDMAComplete
                0x2044b4c0        0x4 src/main.o
                0x2044b4c0                xferDMAComplete
 *(COMMON)
 COMMON         0x2044b4c4      0x260 src/main.o
                0x2044b4c4                g_pwm_channel_led
                0x2044b500                packetCMOS
                0x2044b514                nbErrors
                0x2044b518                tick_start
                0x2044b51c                test
                0x2044b71c                i2cbuf
                0x2044b720                time_ms
 COMMON         0x2044b724       0x21 c:/program files (x86)/atmel/studio/7.0/toolchain/arm/arm-gnu-toolchain/bin/../lib/gcc/arm-none-eabi/6.3.1/../../../../arm-none-eabi/lib/thumb/v7e-m\libc.a(lib_a-lock.o)
                0x2044b724                __lock___atexit_recursive_mutex
                0x2044b728                __lock___arc4random_mutex
                0x2044b72c                __lock___env_recursive_mutex
                0x2044b730                __lock___sinit_recursive_mutex
                0x2044b734                __lock___malloc_recursive_mutex
                0x2044b738                __lock___at_quick_exit_mutex
                0x2044b73c                __lock___dd_hash_mutex
                0x2044b740                __lock___tz_mutex
                0x2044b744                __lock___sfp_recursive_mutex
                0x2044b748                . = ALIGN (0x4)
 *fill*         0x2044b745        0x3 
                0x2044b748                _ebss = .
                0x2044b748                _ezero = .

.stack          0x2044b748     0x2000 load address 0x0044de88
                0x2044b748                . = ALIGN (0x8)
                0x2044b748                _sstack = .
                0x2044d748                . = (. + STACK_SIZE)
 *fill*         0x2044b748     0x2000 
                0x2044d748                . = ALIGN (0x8)
                0x2044d748                _estack = .

.heap           0x2044d748      0x200 load address 0x0044fe88
                0x2044d748                . = ALIGN (0x8)
                0x2044d748                _sheap = .
                0x2044d948                . = (. + HEAP_SIZE)
 *fill*         0x2044d748      0x200 
                0x2044d948                . = ALIGN (0x8)
                0x2044d948                _eheap = .
                0x2044d948                . = ALIGN (0x4)
                0x2044d948                _end = .
                0x2045ffff                _ram_end_ = ((ORIGIN (ram) + LENGTH (ram)) - 0x1)
OUTPUT(MiniscopeUntethered.elf elf32-littlearm)

.ARM.attributes
                0x00000000       0x2e
 .ARM.attributes
                0x00000000       0x1e c:/program files (x86)/atmel/studio/7.0/toolchain/arm/arm-gnu-toolchain/bin/../lib/gcc/arm-none-eabi/6.3.1/thumb/v7e-m/crti.o
 .ARM.attributes
                0x0000001e       0x2e c:/program files (x86)/atmel/studio/7.0/toolchain/arm/arm-gnu-toolchain/bin/../lib/gcc/arm-none-eabi/6.3.1/thumb/v7e-m/crtbegin.o
 .ARM.attributes
                0x0000004c       0x37 src/ASF/common/components/memory/sd_mmc/sd_mmc.o
 .ARM.attributes
                0x00000083       0x37 src/ASF/sam/drivers/hsmci/hsmci.o
 .ARM.attributes
                0x000000ba       0x37 src/ASF/sam/drivers/matrix/matrix.o
 .ARM.attributes
                0x000000f1       0x37 src/ASF/sam/drivers/pwm/pwm.o
 .ARM.attributes
                0x00000128       0x37 src/time_tick_sam.o
 .ARM.attributes
                0x0000015f       0x37 src/ASF/common/services/clock/same70/sysclk.o
 .ARM.attributes
                0x00000196       0x37 src/ASF/sam/drivers/pmc/pmc.o
 .ARM.attributes
                0x000001cd       0x37 src/ASF/sam/drivers/twihs/twihs.o
 .ARM.attributes
                0x00000204       0x37 src/ASF/sam/drivers/xdmac/xdmac.o
 .ARM.attributes
                0x0000023b       0x37 src/ASF/common/boards/user_board/init.o
 .ARM.attributes
                0x00000272       0x37 src/ASF/common/utils/interrupt/interrupt_sam_nvic.o
 .ARM.attributes
                0x000002a9       0x37 src/ASF/sam/utils/cmsis/same70/source/templates/gcc/startup_same70.o
 .ARM.attributes
                0x000002e0       0x37 src/ASF/sam/utils/cmsis/same70/source/templates/system_same70.o
 .ARM.attributes
                0x00000317       0x37 src/main.o
 .ARM.attributes
                0x0000034e       0x2e c:/program files (x86)/atmel/studio/7.0/toolchain/arm/arm-gnu-toolchain/bin/../lib/gcc/arm-none-eabi/6.3.1/../../../../arm-none-eabi/lib/thumb/v7e-m\libc.a(lib_a-impure.o)
 .ARM.attributes
                0x0000037c       0x2e c:/program files (x86)/atmel/studio/7.0/toolchain/arm/arm-gnu-toolchain/bin/../lib/gcc/arm-none-eabi/6.3.1/../../../../arm-none-eabi/lib/thumb/v7e-m\libc.a(lib_a-init.o)
 .ARM.attributes
                0x000003aa       0x2e c:/program files (x86)/atmel/studio/7.0/toolchain/arm/arm-gnu-toolchain/bin/../lib/gcc/arm-none-eabi/6.3.1/../../../../arm-none-eabi/lib/thumb/v7e-m\libc.a(lib_a-memset.o)
 .ARM.attributes
                0x000003d8       0x2e c:/program files (x86)/atmel/studio/7.0/toolchain/arm/arm-gnu-toolchain/bin/../lib/gcc/arm-none-eabi/6.3.1/../../../../arm-none-eabi/lib/thumb/v7e-m\libc.a(lib_a-__call_atexit.o)
 .ARM.attributes
                0x00000406       0x2e c:/program files (x86)/atmel/studio/7.0/toolchain/arm/arm-gnu-toolchain/bin/../lib/gcc/arm-none-eabi/6.3.1/../../../../arm-none-eabi/lib/thumb/v7e-m\libc.a(lib_a-atexit.o)
 .ARM.attributes
                0x00000434       0x2e c:/program files (x86)/atmel/studio/7.0/toolchain/arm/arm-gnu-toolchain/bin/../lib/gcc/arm-none-eabi/6.3.1/../../../../arm-none-eabi/lib/thumb/v7e-m\libc.a(lib_a-fini.o)
 .ARM.attributes
                0x00000462       0x2e c:/program files (x86)/atmel/studio/7.0/toolchain/arm/arm-gnu-toolchain/bin/../lib/gcc/arm-none-eabi/6.3.1/../../../../arm-none-eabi/lib/thumb/v7e-m\libc.a(lib_a-lock.o)
 .ARM.attributes
                0x00000490       0x2e c:/program files (x86)/atmel/studio/7.0/toolchain/arm/arm-gnu-toolchain/bin/../lib/gcc/arm-none-eabi/6.3.1/../../../../arm-none-eabi/lib/thumb/v7e-m\libc.a(lib_a-__atexit.o)
 .ARM.attributes
                0x000004be       0x1e c:/program files (x86)/atmel/studio/7.0/toolchain/arm/arm-gnu-toolchain/bin/../lib/gcc/arm-none-eabi/6.3.1/thumb/v7e-m/crtn.o

.comment        0x00000000       0x59
 .comment       0x00000000       0x59 src/ASF/common/components/memory/sd_mmc/sd_mmc.o
                                 0x5a (size before relaxing)
 .comment       0x00000059       0x5a src/ASF/sam/drivers/hsmci/hsmci.o
 .comment       0x00000059       0x5a src/ASF/sam/drivers/matrix/matrix.o
 .comment       0x00000059       0x5a src/ASF/sam/drivers/pwm/pwm.o
 .comment       0x00000059       0x5a src/time_tick_sam.o
 .comment       0x00000059       0x5a src/ASF/common/services/clock/same70/sysclk.o
 .comment       0x00000059       0x5a src/ASF/sam/drivers/pmc/pmc.o
 .comment       0x00000059       0x5a src/ASF/sam/drivers/twihs/twihs.o
 .comment       0x00000059       0x5a src/ASF/sam/drivers/xdmac/xdmac.o
 .comment       0x00000059       0x5a src/ASF/common/boards/user_board/init.o
 .comment       0x00000059       0x5a src/ASF/common/utils/interrupt/interrupt_sam_nvic.o
 .comment       0x00000059       0x5a src/ASF/sam/utils/cmsis/same70/source/templates/gcc/startup_same70.o
 .comment       0x00000059       0x5a src/ASF/sam/utils/cmsis/same70/source/templates/system_same70.o
 .comment       0x00000059       0x5a src/main.o

.debug_info     0x00000000    0x15976
 .debug_info    0x00000000     0x1f51 src/ASF/common/components/memory/sd_mmc/sd_mmc.o
 .debug_info    0x00001f51     0x1884 src/ASF/sam/drivers/hsmci/hsmci.o
 .debug_info    0x000037d5     0x1326 src/ASF/sam/drivers/matrix/matrix.o
 .debug_info    0x00004afb     0x2118 src/ASF/sam/drivers/pwm/pwm.o
 .debug_info    0x00006c13     0x1293 src/time_tick_sam.o
 .debug_info    0x00007ea6     0x1267 src/ASF/common/services/clock/same70/sysclk.o
 .debug_info    0x0000910d     0x1dd6 src/ASF/sam/drivers/pmc/pmc.o
 .debug_info    0x0000aee3     0x1516 src/ASF/sam/drivers/twihs/twihs.o
 .debug_info    0x0000c3f9     0x109e src/ASF/sam/drivers/xdmac/xdmac.o
 .debug_info    0x0000d497     0x15a2 src/ASF/common/boards/user_board/init.o
 .debug_info    0x0000ea39      0xb01 src/ASF/common/utils/interrupt/interrupt_sam_nvic.o
 .debug_info    0x0000f53a     0x1562 src/ASF/sam/utils/cmsis/same70/source/templates/gcc/startup_same70.o
 .debug_info    0x00010a9c      0x55b src/ASF/sam/utils/cmsis/same70/source/templates/system_same70.o
 .debug_info    0x00010ff7     0x497f src/main.o

.debug_abbrev   0x00000000     0x2b46
 .debug_abbrev  0x00000000      0x3d3 src/ASF/common/components/memory/sd_mmc/sd_mmc.o
 .debug_abbrev  0x000003d3      0x488 src/ASF/sam/drivers/hsmci/hsmci.o
 .debug_abbrev  0x0000085b      0x2d0 src/ASF/sam/drivers/matrix/matrix.o
 .debug_abbrev  0x00000b2b      0x324 src/ASF/sam/drivers/pwm/pwm.o
 .debug_abbrev  0x00000e4f      0x2e3 src/time_tick_sam.o
 .debug_abbrev  0x00001132      0x31f src/ASF/common/services/clock/same70/sysclk.o
 .debug_abbrev  0x00001451      0x369 src/ASF/sam/drivers/pmc/pmc.o
 .debug_abbrev  0x000017ba      0x3cc src/ASF/sam/drivers/twihs/twihs.o
 .debug_abbrev  0x00001b86      0x238 src/ASF/sam/drivers/xdmac/xdmac.o
 .debug_abbrev  0x00001dbe      0x26b src/ASF/common/boards/user_board/init.o
 .debug_abbrev  0x00002029      0x212 src/ASF/common/utils/interrupt/interrupt_sam_nvic.o
 .debug_abbrev  0x0000223b      0x2db src/ASF/sam/utils/cmsis/same70/source/templates/gcc/startup_same70.o
 .debug_abbrev  0x00002516      0x102 src/ASF/sam/utils/cmsis/same70/source/templates/system_same70.o
 .debug_abbrev  0x00002618      0x52e src/main.o

.debug_loc      0x00000000     0x5a7d
 .debug_loc     0x00000000     0x111a src/ASF/common/components/memory/sd_mmc/sd_mmc.o
 .debug_loc     0x0000111a      0xc38 src/ASF/sam/drivers/hsmci/hsmci.o
 .debug_loc     0x00001d52      0x49e src/ASF/sam/drivers/matrix/matrix.o
 .debug_loc     0x000021f0      0xe89 src/ASF/sam/drivers/pwm/pwm.o
 .debug_loc     0x00003079       0xa7 src/time_tick_sam.o
 .debug_loc     0x00003120      0x183 src/ASF/common/services/clock/same70/sysclk.o
 .debug_loc     0x000032a3      0xce3 src/ASF/sam/drivers/pmc/pmc.o
 .debug_loc     0x00003f86      0xb4d src/ASF/sam/drivers/twihs/twihs.o
 .debug_loc     0x00004ad3      0x239 src/ASF/sam/drivers/xdmac/xdmac.o
 .debug_loc     0x00004d0c      0x168 src/ASF/common/boards/user_board/init.o
 .debug_loc     0x00004e74       0x6b src/ASF/sam/utils/cmsis/same70/source/templates/gcc/startup_same70.o
 .debug_loc     0x00004edf      0xb9e src/main.o

.debug_aranges  0x00000000      0x8c0
 .debug_aranges
                0x00000000       0xa0 src/ASF/common/components/memory/sd_mmc/sd_mmc.o
 .debug_aranges
                0x000000a0       0xb0 src/ASF/sam/drivers/hsmci/hsmci.o
 .debug_aranges
                0x00000150       0xc8 src/ASF/sam/drivers/matrix/matrix.o
 .debug_aranges
                0x00000218      0x160 src/ASF/sam/drivers/pwm/pwm.o
 .debug_aranges
                0x00000378       0x38 src/time_tick_sam.o
 .debug_aranges
                0x000003b0       0x40 src/ASF/common/services/clock/same70/sysclk.o
 .debug_aranges
                0x000003f0      0x250 src/ASF/sam/drivers/pmc/pmc.o
 .debug_aranges
                0x00000640       0xe8 src/ASF/sam/drivers/twihs/twihs.o
 .debug_aranges
                0x00000728       0x20 src/ASF/sam/drivers/xdmac/xdmac.o
 .debug_aranges
                0x00000748       0x20 src/ASF/common/boards/user_board/init.o
 .debug_aranges
                0x00000768       0x28 src/ASF/common/utils/interrupt/interrupt_sam_nvic.o
 .debug_aranges
                0x00000790       0x28 src/ASF/sam/utils/cmsis/same70/source/templates/gcc/startup_same70.o
 .debug_aranges
                0x000007b8       0x30 src/ASF/sam/utils/cmsis/same70/source/templates/system_same70.o
 .debug_aranges
                0x000007e8       0xd8 src/main.o

.debug_ranges   0x00000000      0x9a8
 .debug_ranges  0x00000000      0x1f8 src/ASF/common/components/memory/sd_mmc/sd_mmc.o
 .debug_ranges  0x000001f8       0xe8 src/ASF/sam/drivers/hsmci/hsmci.o
 .debug_ranges  0x000002e0       0xb8 src/ASF/sam/drivers/matrix/matrix.o
 .debug_ranges  0x00000398      0x150 src/ASF/sam/drivers/pwm/pwm.o
 .debug_ranges  0x000004e8       0x28 src/time_tick_sam.o
 .debug_ranges  0x00000510       0x30 src/ASF/common/services/clock/same70/sysclk.o
 .debug_ranges  0x00000540      0x240 src/ASF/sam/drivers/pmc/pmc.o
 .debug_ranges  0x00000780       0xd8 src/ASF/sam/drivers/twihs/twihs.o
 .debug_ranges  0x00000858       0x10 src/ASF/sam/drivers/xdmac/xdmac.o
 .debug_ranges  0x00000868       0x10 src/ASF/common/boards/user_board/init.o
 .debug_ranges  0x00000878       0x18 src/ASF/common/utils/interrupt/interrupt_sam_nvic.o
 .debug_ranges  0x00000890       0x18 src/ASF/sam/utils/cmsis/same70/source/templates/gcc/startup_same70.o
 .debug_ranges  0x000008a8       0x20 src/ASF/sam/utils/cmsis/same70/source/templates/system_same70.o
 .debug_ranges  0x000008c8       0xe0 src/main.o

.debug_macro    0x00000000    0x1de1b
 .debug_macro   0x00000000      0x7a8 src/ASF/common/components/memory/sd_mmc/sd_mmc.o
 .debug_macro   0x000007a8      0x8c8 src/ASF/common/components/memory/sd_mmc/sd_mmc.o
 .debug_macro   0x00001070       0x22 src/ASF/common/components/memory/sd_mmc/sd_mmc.o
 .debug_macro   0x00001092       0x52 src/ASF/common/components/memory/sd_mmc/sd_mmc.o
 .debug_macro   0x000010e4       0x8d src/ASF/common/components/memory/sd_mmc/sd_mmc.o
 .debug_macro   0x00001171       0x35 src/ASF/common/components/memory/sd_mmc/sd_mmc.o
 .debug_macro   0x000011a6       0x9c src/ASF/common/components/memory/sd_mmc/sd_mmc.o
 .debug_macro   0x00001242      0x16d src/ASF/common/components/memory/sd_mmc/sd_mmc.o
 .debug_macro   0x000013af       0x57 src/ASF/common/components/memory/sd_mmc/sd_mmc.o
 .debug_macro   0x00001406       0x58 src/ASF/common/components/memory/sd_mmc/sd_mmc.o
 .debug_macro   0x0000145e       0x1f src/ASF/common/components/memory/sd_mmc/sd_mmc.o
 .debug_macro   0x0000147d       0x43 src/ASF/common/components/memory/sd_mmc/sd_mmc.o
 .debug_macro   0x000014c0       0x20 src/ASF/common/components/memory/sd_mmc/sd_mmc.o
 .debug_macro   0x000014e0      0x187 src/ASF/common/components/memory/sd_mmc/sd_mmc.o
 .debug_macro   0x00001667      0x353 src/ASF/common/components/memory/sd_mmc/sd_mmc.o
 .debug_macro   0x000019ba       0x10 src/ASF/common/components/memory/sd_mmc/sd_mmc.o
 .debug_macro   0x000019ca       0x35 src/ASF/common/components/memory/sd_mmc/sd_mmc.o
 .debug_macro   0x000019ff       0x64 src/ASF/common/components/memory/sd_mmc/sd_mmc.o
 .debug_macro   0x00001a63      0x644 src/ASF/common/components/memory/sd_mmc/sd_mmc.o
 .debug_macro   0x000020a7       0x76 src/ASF/common/components/memory/sd_mmc/sd_mmc.o
 .debug_macro   0x0000211d       0x16 src/ASF/common/components/memory/sd_mmc/sd_mmc.o
 .debug_macro   0x00002133      0x6e4 src/ASF/common/components/memory/sd_mmc/sd_mmc.o
 .debug_macro   0x00002817       0xef src/ASF/common/components/memory/sd_mmc/sd_mmc.o
 .debug_macro   0x00002906       0x6a src/ASF/common/components/memory/sd_mmc/sd_mmc.o
 .debug_macro   0x00002970      0x1df src/ASF/common/components/memory/sd_mmc/sd_mmc.o
 .debug_macro   0x00002b4f       0x4a src/ASF/common/components/memory/sd_mmc/sd_mmc.o
 .debug_macro   0x00002b99       0x3b src/ASF/common/components/memory/sd_mmc/sd_mmc.o
 .debug_macro   0x00002bd4       0x2d src/ASF/common/components/memory/sd_mmc/sd_mmc.o
 .debug_macro   0x00002c01       0x26 src/ASF/common/components/memory/sd_mmc/sd_mmc.o
 .debug_macro   0x00002c27      0xf9a src/ASF/common/components/memory/sd_mmc/sd_mmc.o
 .debug_macro   0x00003bc1      0x175 src/ASF/common/components/memory/sd_mmc/sd_mmc.o
 .debug_macro   0x00003d36      0x257 src/ASF/common/components/memory/sd_mmc/sd_mmc.o
 .debug_macro   0x00003f8d      0xa0f src/ASF/common/components/memory/sd_mmc/sd_mmc.o
 .debug_macro   0x0000499c      0x1b9 src/ASF/common/components/memory/sd_mmc/sd_mmc.o
 .debug_macro   0x00004b55      0x336 src/ASF/common/components/memory/sd_mmc/sd_mmc.o
 .debug_macro   0x00004e8b      0x15b src/ASF/common/components/memory/sd_mmc/sd_mmc.o
 .debug_macro   0x00004fe6     0x1851 src/ASF/common/components/memory/sd_mmc/sd_mmc.o
 .debug_macro   0x00006837       0x1c src/ASF/common/components/memory/sd_mmc/sd_mmc.o
 .debug_macro   0x00006853      0x68d src/ASF/common/components/memory/sd_mmc/sd_mmc.o
 .debug_macro   0x00006ee0      0x31e src/ASF/common/components/memory/sd_mmc/sd_mmc.o
 .debug_macro   0x000071fe      0x4d4 src/ASF/common/components/memory/sd_mmc/sd_mmc.o
 .debug_macro   0x000076d2      0x56e src/ASF/common/components/memory/sd_mmc/sd_mmc.o
 .debug_macro   0x00007c40     0x1332 src/ASF/common/components/memory/sd_mmc/sd_mmc.o
 .debug_macro   0x00008f72     0x2907 src/ASF/common/components/memory/sd_mmc/sd_mmc.o
 .debug_macro   0x0000b879     0x102b src/ASF/common/components/memory/sd_mmc/sd_mmc.o
 .debug_macro   0x0000c8a4      0xe01 src/ASF/common/components/memory/sd_mmc/sd_mmc.o
 .debug_macro   0x0000d6a5      0x3b1 src/ASF/common/components/memory/sd_mmc/sd_mmc.o
 .debug_macro   0x0000da56       0xa0 src/ASF/common/components/memory/sd_mmc/sd_mmc.o
 .debug_macro   0x0000daf6       0x76 src/ASF/common/components/memory/sd_mmc/sd_mmc.o
 .debug_macro   0x0000db6c      0x409 src/ASF/common/components/memory/sd_mmc/sd_mmc.o
 .debug_macro   0x0000df75       0x64 src/ASF/common/components/memory/sd_mmc/sd_mmc.o
 .debug_macro   0x0000dfd9      0x248 src/ASF/common/components/memory/sd_mmc/sd_mmc.o
 .debug_macro   0x0000e221      0x524 src/ASF/common/components/memory/sd_mmc/sd_mmc.o
 .debug_macro   0x0000e745      0x63b src/ASF/common/components/memory/sd_mmc/sd_mmc.o
 .debug_macro   0x0000ed80      0x6b8 src/ASF/common/components/memory/sd_mmc/sd_mmc.o
 .debug_macro   0x0000f438       0x4c src/ASF/common/components/memory/sd_mmc/sd_mmc.o
 .debug_macro   0x0000f484      0x468 src/ASF/common/components/memory/sd_mmc/sd_mmc.o
 .debug_macro   0x0000f8ec      0x207 src/ASF/common/components/memory/sd_mmc/sd_mmc.o
 .debug_macro   0x0000faf3      0x866 src/ASF/common/components/memory/sd_mmc/sd_mmc.o
 .debug_macro   0x00010359     0x1547 src/ASF/common/components/memory/sd_mmc/sd_mmc.o
 .debug_macro   0x000118a0       0x40 src/ASF/common/components/memory/sd_mmc/sd_mmc.o
 .debug_macro   0x000118e0       0x76 src/ASF/common/components/memory/sd_mmc/sd_mmc.o
 .debug_macro   0x00011956      0xdaf src/ASF/common/components/memory/sd_mmc/sd_mmc.o
 .debug_macro   0x00012705       0x82 src/ASF/common/components/memory/sd_mmc/sd_mmc.o
 .debug_macro   0x00012787       0x76 src/ASF/common/components/memory/sd_mmc/sd_mmc.o
 .debug_macro   0x000127fd       0x4c src/ASF/common/components/memory/sd_mmc/sd_mmc.o
 .debug_macro   0x00012849      0x135 src/ASF/common/components/memory/sd_mmc/sd_mmc.o
 .debug_macro   0x0001297e       0x6a src/ASF/common/components/memory/sd_mmc/sd_mmc.o
 .debug_macro   0x000129e8       0x6a src/ASF/common/components/memory/sd_mmc/sd_mmc.o
 .debug_macro   0x00012a52      0x313 src/ASF/common/components/memory/sd_mmc/sd_mmc.o
 .debug_macro   0x00012d65       0xb2 src/ASF/common/components/memory/sd_mmc/sd_mmc.o
 .debug_macro   0x00012e17       0xb2 src/ASF/common/components/memory/sd_mmc/sd_mmc.o
 .debug_macro   0x00012ec9       0xb2 src/ASF/common/components/memory/sd_mmc/sd_mmc.o
 .debug_macro   0x00012f7b      0x11d src/ASF/common/components/memory/sd_mmc/sd_mmc.o
 .debug_macro   0x00013098      0x11d src/ASF/common/components/memory/sd_mmc/sd_mmc.o
 .debug_macro   0x000131b5      0x2cd src/ASF/common/components/memory/sd_mmc/sd_mmc.o
 .debug_macro   0x00013482       0xb8 src/ASF/common/components/memory/sd_mmc/sd_mmc.o
 .debug_macro   0x0001353a       0x5e src/ASF/common/components/memory/sd_mmc/sd_mmc.o
 .debug_macro   0x00013598       0x40 src/ASF/common/components/memory/sd_mmc/sd_mmc.o
 .debug_macro   0x000135d8       0x4c src/ASF/common/components/memory/sd_mmc/sd_mmc.o
 .debug_macro   0x00013624       0xa0 src/ASF/common/components/memory/sd_mmc/sd_mmc.o
 .debug_macro   0x000136c4      0x494 src/ASF/common/components/memory/sd_mmc/sd_mmc.o
 .debug_macro   0x00013b58      0x135 src/ASF/common/components/memory/sd_mmc/sd_mmc.o
 .debug_macro   0x00013c8d       0x4c src/ASF/common/components/memory/sd_mmc/sd_mmc.o
 .debug_macro   0x00013cd9      0x313 src/ASF/common/components/memory/sd_mmc/sd_mmc.o
 .debug_macro   0x00013fec       0x6a src/ASF/common/components/memory/sd_mmc/sd_mmc.o
 .debug_macro   0x00014056       0xb8 src/ASF/common/components/memory/sd_mmc/sd_mmc.o
 .debug_macro   0x0001410e       0x6a src/ASF/common/components/memory/sd_mmc/sd_mmc.o
 .debug_macro   0x00014178       0x2e src/ASF/common/components/memory/sd_mmc/sd_mmc.o
 .debug_macro   0x000141a6      0x9b1 src/ASF/common/components/memory/sd_mmc/sd_mmc.o
 .debug_macro   0x00014b57       0x6a src/ASF/common/components/memory/sd_mmc/sd_mmc.o
 .debug_macro   0x00014bc1       0xe2 src/ASF/common/components/memory/sd_mmc/sd_mmc.o
 .debug_macro   0x00014ca3       0x16 src/ASF/common/components/memory/sd_mmc/sd_mmc.o
 .debug_macro   0x00014cb9       0xe2 src/ASF/common/components/memory/sd_mmc/sd_mmc.o
 .debug_macro   0x00014d9b       0x4c src/ASF/common/components/memory/sd_mmc/sd_mmc.o
 .debug_macro   0x00014de7       0x16 src/ASF/common/components/memory/sd_mmc/sd_mmc.o
 .debug_macro   0x00014dfd       0x4c src/ASF/common/components/memory/sd_mmc/sd_mmc.o
 .debug_macro   0x00014e49       0x2e src/ASF/common/components/memory/sd_mmc/sd_mmc.o
 .debug_macro   0x00014e77      0x1b5 src/ASF/common/components/memory/sd_mmc/sd_mmc.o
 .debug_macro   0x0001502c      0x1b5 src/ASF/common/components/memory/sd_mmc/sd_mmc.o
 .debug_macro   0x000151e1      0x1b5 src/ASF/common/components/memory/sd_mmc/sd_mmc.o
 .debug_macro   0x00015396       0x1c src/ASF/common/components/memory/sd_mmc/sd_mmc.o
 .debug_macro   0x000153b2       0x2e src/ASF/common/components/memory/sd_mmc/sd_mmc.o
 .debug_macro   0x000153e0       0x22 src/ASF/common/components/memory/sd_mmc/sd_mmc.o
 .debug_macro   0x00015402       0x1c src/ASF/common/components/memory/sd_mmc/sd_mmc.o
 .debug_macro   0x0001541e       0x52 src/ASF/common/components/memory/sd_mmc/sd_mmc.o
 .debug_macro   0x00015470       0x10 src/ASF/common/components/memory/sd_mmc/sd_mmc.o
 .debug_macro   0x00015480       0x1c src/ASF/common/components/memory/sd_mmc/sd_mmc.o
 .debug_macro   0x0001549c       0x4c src/ASF/common/components/memory/sd_mmc/sd_mmc.o
 .debug_macro   0x000154e8       0x4c src/ASF/common/components/memory/sd_mmc/sd_mmc.o
 .debug_macro   0x00015534       0x4c src/ASF/common/components/memory/sd_mmc/sd_mmc.o
 .debug_macro   0x00015580      0x2ab src/ASF/common/components/memory/sd_mmc/sd_mmc.o
 .debug_macro   0x0001582b      0xb7d src/ASF/common/components/memory/sd_mmc/sd_mmc.o
 .debug_macro   0x000163a8      0x100 src/ASF/common/components/memory/sd_mmc/sd_mmc.o
 .debug_macro   0x000164a8       0x1c src/ASF/common/components/memory/sd_mmc/sd_mmc.o
 .debug_macro   0x000164c4       0x10 src/ASF/common/components/memory/sd_mmc/sd_mmc.o
 .debug_macro   0x000164d4       0x10 src/ASF/common/components/memory/sd_mmc/sd_mmc.o
 .debug_macro   0x000164e4       0x1c src/ASF/common/components/memory/sd_mmc/sd_mmc.o
 .debug_macro   0x00016500       0x52 src/ASF/common/components/memory/sd_mmc/sd_mmc.o
 .debug_macro   0x00016552       0x40 src/ASF/common/components/memory/sd_mmc/sd_mmc.o
 .debug_macro   0x00016592       0x10 src/ASF/common/components/memory/sd_mmc/sd_mmc.o
 .debug_macro   0x000165a2       0x40 src/ASF/common/components/memory/sd_mmc/sd_mmc.o
 .debug_macro   0x000165e2       0xd7 src/ASF/common/components/memory/sd_mmc/sd_mmc.o
 .debug_macro   0x000166b9       0x16 src/ASF/common/components/memory/sd_mmc/sd_mmc.o
 .debug_macro   0x000166cf      0x18b src/ASF/common/components/memory/sd_mmc/sd_mmc.o
 .debug_macro   0x0001685a       0x22 src/ASF/common/components/memory/sd_mmc/sd_mmc.o
 .debug_macro   0x0001687c       0x16 src/ASF/common/components/memory/sd_mmc/sd_mmc.o
 .debug_macro   0x00016892       0x16 src/ASF/common/components/memory/sd_mmc/sd_mmc.o
 .debug_macro   0x000168a8       0x29 src/ASF/common/components/memory/sd_mmc/sd_mmc.o
 .debug_macro   0x000168d1       0x75 src/ASF/common/components/memory/sd_mmc/sd_mmc.o
 .debug_macro   0x00016946       0x3f src/ASF/common/components/memory/sd_mmc/sd_mmc.o
 .debug_macro   0x00016985      0x3ca src/ASF/common/components/memory/sd_mmc/sd_mmc.o
 .debug_macro   0x00016d4f      0x2a4 src/ASF/common/components/memory/sd_mmc/sd_mmc.o
 .debug_macro   0x00016ff3       0x3a src/ASF/common/components/memory/sd_mmc/sd_mmc.o
 .debug_macro   0x0001702d      0xd3f src/ASF/common/components/memory/sd_mmc/sd_mmc.o
 .debug_macro   0x00017d6c       0xa0 src/ASF/common/components/memory/sd_mmc/sd_mmc.o
 .debug_macro   0x00017e0c       0x40 src/ASF/common/components/memory/sd_mmc/sd_mmc.o
 .debug_macro   0x00017e4c       0x58 src/ASF/common/components/memory/sd_mmc/sd_mmc.o
 .debug_macro   0x00017ea4       0x64 src/ASF/common/components/memory/sd_mmc/sd_mmc.o
 .debug_macro   0x00017f08       0x5f src/ASF/common/components/memory/sd_mmc/sd_mmc.o
 .debug_macro   0x00017f67       0xac src/ASF/common/components/memory/sd_mmc/sd_mmc.o
 .debug_macro   0x00018013       0x28 src/ASF/common/components/memory/sd_mmc/sd_mmc.o
 .debug_macro   0x0001803b       0x23 src/ASF/common/components/memory/sd_mmc/sd_mmc.o
 .debug_macro   0x0001805e       0x88 src/ASF/common/components/memory/sd_mmc/sd_mmc.o
 .debug_macro   0x000180e6      0x753 src/ASF/sam/drivers/hsmci/hsmci.o
 .debug_macro   0x00018839       0x87 src/ASF/sam/drivers/hsmci/hsmci.o
 .debug_macro   0x000188c0       0x51 src/ASF/sam/drivers/hsmci/hsmci.o
 .debug_macro   0x00018911       0x58 src/ASF/sam/drivers/hsmci/hsmci.o
 .debug_macro   0x00018969       0x16 src/ASF/sam/drivers/hsmci/hsmci.o
 .debug_macro   0x0001897f       0x34 src/ASF/sam/drivers/hsmci/hsmci.o
 .debug_macro   0x000189b3      0x2aa src/ASF/sam/drivers/hsmci/hsmci.o
 .debug_macro   0x00018c5d       0x10 src/ASF/sam/drivers/hsmci/hsmci.o
 .debug_macro   0x00018c6d       0x34 src/ASF/sam/drivers/hsmci/hsmci.o
 .debug_macro   0x00018ca1       0x10 src/ASF/sam/drivers/hsmci/hsmci.o
 .debug_macro   0x00018cb1       0x16 src/ASF/sam/drivers/hsmci/hsmci.o
 .debug_macro   0x00018cc7       0x9a src/ASF/sam/drivers/hsmci/hsmci.o
 .debug_macro   0x00018d61       0x4c src/ASF/sam/drivers/hsmci/hsmci.o
 .debug_macro   0x00018dad       0x10 src/ASF/sam/drivers/hsmci/hsmci.o
 .debug_macro   0x00018dbd      0x1ad src/ASF/sam/drivers/hsmci/hsmci.o
 .debug_macro   0x00018f6a      0x60e src/ASF/sam/drivers/matrix/matrix.o
 .debug_macro   0x00019578      0x61a src/ASF/sam/drivers/pwm/pwm.o
 .debug_macro   0x00019b92      0x74d src/time_tick_sam.o
 .debug_macro   0x0001a2df      0x687 src/ASF/common/services/clock/same70/sysclk.o
 .debug_macro   0x0001a966      0x613 src/ASF/sam/drivers/pmc/pmc.o
 .debug_macro   0x0001af79       0x52 src/ASF/sam/drivers/pmc/pmc.o
 .debug_macro   0x0001afcb      0x62b src/ASF/sam/drivers/twihs/twihs.o
 .debug_macro   0x0001b5f6       0x46 src/ASF/sam/drivers/twihs/twihs.o
 .debug_macro   0x0001b63c      0x618 src/ASF/sam/drivers/xdmac/xdmac.o
 .debug_macro   0x0001bc54      0x1a7 src/ASF/sam/drivers/xdmac/xdmac.o
 .debug_macro   0x0001bdfb      0x742 src/ASF/common/boards/user_board/init.o
 .debug_macro   0x0001c53d      0x5fd src/ASF/common/utils/interrupt/interrupt_sam_nvic.o
 .debug_macro   0x0001cb3a      0x60c src/ASF/sam/utils/cmsis/same70/source/templates/gcc/startup_same70.o
 .debug_macro   0x0001d146       0x10 src/ASF/sam/utils/cmsis/same70/source/templates/gcc/startup_same70.o
 .debug_macro   0x0001d156      0x405 src/ASF/sam/utils/cmsis/same70/source/templates/system_same70.o
 .debug_macro   0x0001d55b      0x7c4 src/main.o
 .debug_macro   0x0001dd1f       0xfc src/main.o

.debug_line     0x00000000     0xb0d4
 .debug_line    0x00000000      0xf83 src/ASF/common/components/memory/sd_mmc/sd_mmc.o
 .debug_line    0x00000f83      0xfc3 src/ASF/sam/drivers/hsmci/hsmci.o
 .debug_line    0x00001f46      0xb17 src/ASF/sam/drivers/matrix/matrix.o
 .debug_line    0x00002a5d      0xd50 src/ASF/sam/drivers/pwm/pwm.o
 .debug_line    0x000037ad      0xd47 src/time_tick_sam.o
 .debug_line    0x000044f4      0xb08 src/ASF/common/services/clock/same70/sysclk.o
 .debug_line    0x00004ffc     0x1014 src/ASF/sam/drivers/pmc/pmc.o
 .debug_line    0x00006010      0xc1d src/ASF/sam/drivers/twihs/twihs.o
 .debug_line    0x00006c2d      0x9d8 src/ASF/sam/drivers/xdmac/xdmac.o
 .debug_line    0x00007605      0xd51 src/ASF/common/boards/user_board/init.o
 .debug_line    0x00008356      0x9b1 src/ASF/common/utils/interrupt/interrupt_sam_nvic.o
 .debug_line    0x00008d07      0xa1a src/ASF/sam/utils/cmsis/same70/source/templates/gcc/startup_same70.o
 .debug_line    0x00009721      0x797 src/ASF/sam/utils/cmsis/same70/source/templates/system_same70.o
 .debug_line    0x00009eb8     0x121c src/main.o

.debug_str      0x00000000    0x88612
 .debug_str     0x00000000    0x835c8 src/ASF/common/components/memory/sd_mmc/sd_mmc.o
                              0x83cdd (size before relaxing)
 .debug_str     0x000835c8     0x1005 src/ASF/sam/drivers/hsmci/hsmci.o
                              0x84359 (size before relaxing)
 .debug_str     0x000845cd      0x592 src/ASF/sam/drivers/matrix/matrix.o
                              0x7d4ad (size before relaxing)
 .debug_str     0x00084b5f      0xe94 src/ASF/sam/drivers/pwm/pwm.o
                              0x7de1c (size before relaxing)
 .debug_str     0x000859f3      0x4d0 src/time_tick_sam.o
                              0x84201 (size before relaxing)
 .debug_str     0x00085ec3      0x3e4 src/ASF/common/services/clock/same70/sysclk.o
                              0x7e91e (size before relaxing)
 .debug_str     0x000862a7      0x6a1 src/ASF/sam/drivers/pmc/pmc.o
                              0x7dbb9 (size before relaxing)
 .debug_str     0x00086948      0x4ac src/ASF/sam/drivers/twihs/twihs.o
                              0x7d4ca (size before relaxing)
 .debug_str     0x00086df4      0x171 src/ASF/sam/drivers/xdmac/xdmac.o
                              0x7da34 (size before relaxing)
 .debug_str     0x00086f65      0x3dd src/ASF/common/boards/user_board/init.o
                              0x840eb (size before relaxing)
 .debug_str     0x00087342       0x94 src/ASF/common/utils/interrupt/interrupt_sam_nvic.o
                              0x7cf3e (size before relaxing)
 .debug_str     0x000873d6      0x641 src/ASF/sam/utils/cmsis/same70/source/templates/gcc/startup_same70.o
                              0x7d6f4 (size before relaxing)
 .debug_str     0x00087a17      0x172 src/ASF/sam/utils/cmsis/same70/source/templates/system_same70.o
                              0x6d4b8 (size before relaxing)
 .debug_str     0x00087b89      0xa89 src/main.o
                              0x85e26 (size before relaxing)

.debug_frame    0x00000000     0x1538
 .debug_frame   0x00000000      0x1cc src/ASF/common/components/memory/sd_mmc/sd_mmc.o
 .debug_frame   0x000001cc      0x1d8 src/ASF/sam/drivers/hsmci/hsmci.o
 .debug_frame   0x000003a4      0x1b8 src/ASF/sam/drivers/matrix/matrix.o
 .debug_frame   0x0000055c      0x31c src/ASF/sam/drivers/pwm/pwm.o
 .debug_frame   0x00000878       0x50 src/time_tick_sam.o
 .debug_frame   0x000008c8       0x88 src/ASF/common/services/clock/same70/sysclk.o
 .debug_frame   0x00000950      0x494 src/ASF/sam/drivers/pmc/pmc.o
 .debug_frame   0x00000de4      0x23c src/ASF/sam/drivers/twihs/twihs.o
 .debug_frame   0x00001020       0x20 src/ASF/sam/drivers/xdmac/xdmac.o
 .debug_frame   0x00001040       0x20 src/ASF/common/boards/user_board/init.o
 .debug_frame   0x00001060       0x30 src/ASF/common/utils/interrupt/interrupt_sam_nvic.o
 .debug_frame   0x00001090       0x38 src/ASF/sam/utils/cmsis/same70/source/templates/gcc/startup_same70.o
 .debug_frame   0x000010c8       0x40 src/ASF/sam/utils/cmsis/same70/source/templates/system_same70.o
 .debug_frame   0x00001108      0x23c src/main.o
 .debug_frame   0x00001344       0x2c c:/program files (x86)/atmel/studio/7.0/toolchain/arm/arm-gnu-toolchain/bin/../lib/gcc/arm-none-eabi/6.3.1/../../../../arm-none-eabi/lib/thumb/v7e-m\libc.a(lib_a-init.o)
 .debug_frame   0x00001370       0x34 c:/program files (x86)/atmel/studio/7.0/toolchain/arm/arm-gnu-toolchain/bin/../lib/gcc/arm-none-eabi/6.3.1/../../../../arm-none-eabi/lib/thumb/v7e-m\libc.a(lib_a-memset.o)
 .debug_frame   0x000013a4       0x5c c:/program files (x86)/atmel/studio/7.0/toolchain/arm/arm-gnu-toolchain/bin/../lib/gcc/arm-none-eabi/6.3.1/../../../../arm-none-eabi/lib/thumb/v7e-m\libc.a(lib_a-__call_atexit.o)
 .debug_frame   0x00001400       0x20 c:/program files (x86)/atmel/studio/7.0/toolchain/arm/arm-gnu-toolchain/bin/../lib/gcc/arm-none-eabi/6.3.1/../../../../arm-none-eabi/lib/thumb/v7e-m\libc.a(lib_a-atexit.o)
 .debug_frame   0x00001420       0x34 c:/program files (x86)/atmel/studio/7.0/toolchain/arm/arm-gnu-toolchain/bin/../lib/gcc/arm-none-eabi/6.3.1/../../../../arm-none-eabi/lib/thumb/v7e-m\libc.a(lib_a-fini.o)
 .debug_frame   0x00001454       0xb0 c:/program files (x86)/atmel/studio/7.0/toolchain/arm/arm-gnu-toolchain/bin/../lib/gcc/arm-none-eabi/6.3.1/../../../../arm-none-eabi/lib/thumb/v7e-m\libc.a(lib_a-lock.o)
 .debug_frame   0x00001504       0x34 c:/program files (x86)/atmel/studio/7.0/toolchain/arm/arm-gnu-toolchain/bin/../lib/gcc/arm-none-eabi/6.3.1/../../../../arm-none-eabi/lib/thumb/v7e-m\libc.a(lib_a-__atexit.o)

Cross Reference Table

Symbol                                            File
ACC_Handler                                       src/ASF/sam/utils/cmsis/same70/source/templates/gcc/startup_same70.o
AES_Handler                                       src/ASF/sam/utils/cmsis/same70/source/templates/gcc/startup_same70.o
AFEC0_Handler                                     src/ASF/sam/utils/cmsis/same70/source/templates/gcc/startup_same70.o
AFEC1_Handler                                     src/ASF/sam/utils/cmsis/same70/source/templates/gcc/startup_same70.o
BusFault_Handler                                  src/ASF/sam/utils/cmsis/same70/source/templates/gcc/startup_same70.o
DACC_Handler                                      src/ASF/sam/utils/cmsis/same70/source/templates/gcc/startup_same70.o
DACC_init                                         src/main.o
DACC_updateOutput                                 src/main.o
DebugMon_Handler                                  src/ASF/sam/utils/cmsis/same70/source/templates/gcc/startup_same70.o
Dummy_Handler                                     src/ASF/sam/utils/cmsis/same70/source/templates/gcc/startup_same70.o
EFC_Handler                                       src/ASF/sam/utils/cmsis/same70/source/templates/gcc/startup_same70.o
GMAC_Handler                                      src/ASF/sam/utils/cmsis/same70/source/templates/gcc/startup_same70.o
HSMCI_Handler                                     src/ASF/sam/utils/cmsis/same70/source/templates/gcc/startup_same70.o
HardFault_Handler                                 src/ASF/sam/utils/cmsis/same70/source/templates/gcc/startup_same70.o
ICM_Handler                                       src/ASF/sam/utils/cmsis/same70/source/templates/gcc/startup_same70.o
ISI_Handler                                       src/ASF/sam/utils/cmsis/same70/source/templates/gcc/startup_same70.o
MCAN0_Handler                                     src/ASF/sam/utils/cmsis/same70/source/templates/gcc/startup_same70.o
MCAN1_Handler                                     src/ASF/sam/utils/cmsis/same70/source/templates/gcc/startup_same70.o
MemManage_Handler                                 src/ASF/sam/utils/cmsis/same70/source/templates/gcc/startup_same70.o
NMI_Handler                                       src/ASF/sam/utils/cmsis/same70/source/templates/gcc/startup_same70.o
PIOA_Handler                                      src/main.o
                                                  src/ASF/sam/utils/cmsis/same70/source/templates/gcc/startup_same70.o
PIOB_Handler                                      src/ASF/sam/utils/cmsis/same70/source/templates/gcc/startup_same70.o
PIOD_Handler                                      src/ASF/sam/utils/cmsis/same70/source/templates/gcc/startup_same70.o
PMC_Handler                                       src/ASF/sam/utils/cmsis/same70/source/templates/gcc/startup_same70.o
PWM0_Handler                                      src/ASF/sam/utils/cmsis/same70/source/templates/gcc/startup_same70.o
PWM1_Handler                                      src/ASF/sam/utils/cmsis/same70/source/templates/gcc/startup_same70.o
PWM_Init                                          src/main.o
PendSV_Handler                                    src/ASF/sam/utils/cmsis/same70/source/templates/gcc/startup_same70.o
QSPI_Handler                                      src/ASF/sam/utils/cmsis/same70/source/templates/gcc/startup_same70.o
RSTC_Handler                                      src/ASF/sam/utils/cmsis/same70/source/templates/gcc/startup_same70.o
RSWDT_Handler                                     src/ASF/sam/utils/cmsis/same70/source/templates/gcc/startup_same70.o
RTC_Handler                                       src/ASF/sam/utils/cmsis/same70/source/templates/gcc/startup_same70.o
RTT_Handler                                       src/ASF/sam/utils/cmsis/same70/source/templates/gcc/startup_same70.o
Reset_Handler                                     src/ASF/sam/utils/cmsis/same70/source/templates/gcc/startup_same70.o
SDWriteNum                                        src/main.o
SPI0_Handler                                      src/ASF/sam/utils/cmsis/same70/source/templates/gcc/startup_same70.o
SPI1_Handler                                      src/ASF/sam/utils/cmsis/same70/source/templates/gcc/startup_same70.o
SPI_BitBag_init                                   src/main.o
SSC_Handler                                       src/ASF/sam/utils/cmsis/same70/source/templates/gcc/startup_same70.o
SUPC_Handler                                      src/ASF/sam/utils/cmsis/same70/source/templates/gcc/startup_same70.o
SVC_Handler                                       src/ASF/sam/utils/cmsis/same70/source/templates/gcc/startup_same70.o
SysTick_Handler                                   src/time_tick_sam.o
SystemCoreClock                                   src/ASF/sam/utils/cmsis/same70/source/templates/system_same70.o
SystemCoreClockUpdate                             src/ASF/sam/utils/cmsis/same70/source/templates/system_same70.o
                                                  src/ASF/common/services/clock/same70/sysclk.o
SystemInit                                        src/ASF/sam/utils/cmsis/same70/source/templates/system_same70.o
TC0_Handler                                       src/ASF/sam/utils/cmsis/same70/source/templates/gcc/startup_same70.o
TC10_Handler                                      src/ASF/sam/utils/cmsis/same70/source/templates/gcc/startup_same70.o
TC11_Handler                                      src/ASF/sam/utils/cmsis/same70/source/templates/gcc/startup_same70.o
TC1_Handler                                       src/ASF/sam/utils/cmsis/same70/source/templates/gcc/startup_same70.o
TC2_Handler                                       src/ASF/sam/utils/cmsis/same70/source/templates/gcc/startup_same70.o
TC9_Handler                                       src/ASF/sam/utils/cmsis/same70/source/templates/gcc/startup_same70.o
TRNG_Handler                                      src/ASF/sam/utils/cmsis/same70/source/templates/gcc/startup_same70.o
TWIHS0_Handler                                    src/ASF/sam/utils/cmsis/same70/source/templates/gcc/startup_same70.o
TWIHS1_Handler                                    src/ASF/sam/utils/cmsis/same70/source/templates/gcc/startup_same70.o
TWIHS2_Handler                                    src/ASF/sam/utils/cmsis/same70/source/templates/gcc/startup_same70.o
TWIHS_init                                        src/main.o
UART0_Handler                                     src/ASF/sam/utils/cmsis/same70/source/templates/gcc/startup_same70.o
UART1_Handler                                     src/ASF/sam/utils/cmsis/same70/source/templates/gcc/startup_same70.o
UART2_Handler                                     src/ASF/sam/utils/cmsis/same70/source/templates/gcc/startup_same70.o
UART3_Handler                                     src/ASF/sam/utils/cmsis/same70/source/templates/gcc/startup_same70.o
UART4_Handler                                     src/ASF/sam/utils/cmsis/same70/source/templates/gcc/startup_same70.o
USART0_Handler                                    src/ASF/sam/utils/cmsis/same70/source/templates/gcc/startup_same70.o
USART1_Handler                                    src/ASF/sam/utils/cmsis/same70/source/templates/gcc/startup_same70.o
USART2_Handler                                    src/ASF/sam/utils/cmsis/same70/source/templates/gcc/startup_same70.o
USBHS_Handler                                     src/ASF/sam/utils/cmsis/same70/source/templates/gcc/startup_same70.o
UsageFault_Handler                                src/ASF/sam/utils/cmsis/same70/source/templates/gcc/startup_same70.o
WDT_Handler                                       src/ASF/sam/utils/cmsis/same70/source/templates/gcc/startup_same70.o
XDMAC_Handler                                     src/main.o
                                                  src/ASF/sam/utils/cmsis/same70/source/templates/gcc/startup_same70.o
_Jv_RegisterClasses                               c:/program files (x86)/atmel/studio/7.0/toolchain/arm/arm-gnu-toolchain/bin/../lib/gcc/arm-none-eabi/6.3.1/thumb/v7e-m/crtbegin.o
_PathLocale                                       c:/program files (x86)/atmel/studio/7.0/toolchain/arm/arm-gnu-toolchain/bin/../lib/gcc/arm-none-eabi/6.3.1/../../../../arm-none-eabi/lib/thumb/v7e-m\libc.a(lib_a-locale.o)
__aeabi_idiv0                                     c:/program files (x86)/atmel/studio/7.0/toolchain/arm/arm-gnu-toolchain/bin/../lib/gcc/arm-none-eabi/6.3.1/thumb/v7e-m\libgcc.a(_dvmd_tls.o)
__aeabi_ldiv0                                     c:/program files (x86)/atmel/studio/7.0/toolchain/arm/arm-gnu-toolchain/bin/../lib/gcc/arm-none-eabi/6.3.1/thumb/v7e-m\libgcc.a(_dvmd_tls.o)
                                                  c:/program files (x86)/atmel/studio/7.0/toolchain/arm/arm-gnu-toolchain/bin/../lib/gcc/arm-none-eabi/6.3.1/thumb/v7e-m\libgcc.a(_aeabi_uldivmod.o)
__aeabi_uldivmod                                  c:/program files (x86)/atmel/studio/7.0/toolchain/arm/arm-gnu-toolchain/bin/../lib/gcc/arm-none-eabi/6.3.1/thumb/v7e-m\libgcc.a(_aeabi_uldivmod.o)
                                                  c:/program files (x86)/atmel/studio/7.0/toolchain/arm/arm-gnu-toolchain/bin/../lib/gcc/arm-none-eabi/6.3.1/../../../../arm-none-eabi/lib/thumb/v7e-m\libc.a(lib_a-vfiprintf.o)
__ascii_mbtowc                                    c:/program files (x86)/atmel/studio/7.0/toolchain/arm/arm-gnu-toolchain/bin/../lib/gcc/arm-none-eabi/6.3.1/../../../../arm-none-eabi/lib/thumb/v7e-m\libc.a(lib_a-mbtowc_r.o)
                                                  c:/program files (x86)/atmel/studio/7.0/toolchain/arm/arm-gnu-toolchain/bin/../lib/gcc/arm-none-eabi/6.3.1/../../../../arm-none-eabi/lib/thumb/v7e-m\libc.a(lib_a-locale.o)
__ascii_wctomb                                    c:/program files (x86)/atmel/studio/7.0/toolchain/arm/arm-gnu-toolchain/bin/../lib/gcc/arm-none-eabi/6.3.1/../../../../arm-none-eabi/lib/thumb/v7e-m\libc.a(lib_a-wctomb_r.o)
                                                  c:/program files (x86)/atmel/studio/7.0/toolchain/arm/arm-gnu-toolchain/bin/../lib/gcc/arm-none-eabi/6.3.1/../../../../arm-none-eabi/lib/thumb/v7e-m\libc.a(lib_a-locale.o)
__atexit_recursive_mutex                          c:/program files (x86)/atmel/studio/7.0/toolchain/arm/arm-gnu-toolchain/bin/../lib/gcc/arm-none-eabi/6.3.1/../../../../arm-none-eabi/lib/thumb/v7e-m\libc.a(lib_a-__call_atexit.o)
                                                  c:/program files (x86)/atmel/studio/7.0/toolchain/arm/arm-gnu-toolchain/bin/../lib/gcc/arm-none-eabi/6.3.1/../../../../arm-none-eabi/lib/thumb/v7e-m\libc.a(lib_a-__atexit.o)
__bss_end__                                       c:/program files (x86)/atmel/studio/7.0/toolchain/arm/arm-gnu-toolchain/bin/../lib/gcc/arm-none-eabi/6.3.1/../../../../arm-none-eabi/lib/thumb/v7e-m/crt0.o
__bss_start__                                     c:/program files (x86)/atmel/studio/7.0/toolchain/arm/arm-gnu-toolchain/bin/../lib/gcc/arm-none-eabi/6.3.1/../../../../arm-none-eabi/lib/thumb/v7e-m/crt0.o
__call_exitprocs                                  c:/program files (x86)/atmel/studio/7.0/toolchain/arm/arm-gnu-toolchain/bin/../lib/gcc/arm-none-eabi/6.3.1/../../../../arm-none-eabi/lib/thumb/v7e-m\libc.a(lib_a-__call_atexit.o)
                                                  c:/program files (x86)/atmel/studio/7.0/toolchain/arm/arm-gnu-toolchain/bin/../lib/gcc/arm-none-eabi/6.3.1/../../../../arm-none-eabi/lib/thumb/v7e-m\libc.a(lib_a-exit.o)
__deregister_frame_info                           c:/program files (x86)/atmel/studio/7.0/toolchain/arm/arm-gnu-toolchain/bin/../lib/gcc/arm-none-eabi/6.3.1/thumb/v7e-m/crtbegin.o
__dso_handle                                      c:/program files (x86)/atmel/studio/7.0/toolchain/arm/arm-gnu-toolchain/bin/../lib/gcc/arm-none-eabi/6.3.1/thumb/v7e-m/crtbegin.o
__fini_array_end                                  c:/program files (x86)/atmel/studio/7.0/toolchain/arm/arm-gnu-toolchain/bin/../lib/gcc/arm-none-eabi/6.3.1/../../../../arm-none-eabi/lib/thumb/v7e-m\libc.a(lib_a-fini.o)
__fini_array_start                                c:/program files (x86)/atmel/studio/7.0/toolchain/arm/arm-gnu-toolchain/bin/../lib/gcc/arm-none-eabi/6.3.1/../../../../arm-none-eabi/lib/thumb/v7e-m\libc.a(lib_a-fini.o)
__fp_lock_all                                     c:/program files (x86)/atmel/studio/7.0/toolchain/arm/arm-gnu-toolchain/bin/../lib/gcc/arm-none-eabi/6.3.1/../../../../arm-none-eabi/lib/thumb/v7e-m\libc.a(lib_a-findfp.o)
__fp_unlock_all                                   c:/program files (x86)/atmel/studio/7.0/toolchain/arm/arm-gnu-toolchain/bin/../lib/gcc/arm-none-eabi/6.3.1/../../../../arm-none-eabi/lib/thumb/v7e-m\libc.a(lib_a-findfp.o)
__fputwc                                          c:/program files (x86)/atmel/studio/7.0/toolchain/arm/arm-gnu-toolchain/bin/../lib/gcc/arm-none-eabi/6.3.1/../../../../arm-none-eabi/lib/thumb/v7e-m\libc.a(lib_a-fputwc.o)
__global_locale                                   c:/program files (x86)/atmel/studio/7.0/toolchain/arm/arm-gnu-toolchain/bin/../lib/gcc/arm-none-eabi/6.3.1/../../../../arm-none-eabi/lib/thumb/v7e-m\libc.a(lib_a-locale.o)
                                                  c:/program files (x86)/atmel/studio/7.0/toolchain/arm/arm-gnu-toolchain/bin/../lib/gcc/arm-none-eabi/6.3.1/../../../../arm-none-eabi/lib/thumb/v7e-m\libc.a(lib_a-wctomb_r.o)
                                                  c:/program files (x86)/atmel/studio/7.0/toolchain/arm/arm-gnu-toolchain/bin/../lib/gcc/arm-none-eabi/6.3.1/../../../../arm-none-eabi/lib/thumb/v7e-m\libc.a(lib_a-wcrtomb.o)
                                                  c:/program files (x86)/atmel/studio/7.0/toolchain/arm/arm-gnu-toolchain/bin/../lib/gcc/arm-none-eabi/6.3.1/../../../../arm-none-eabi/lib/thumb/v7e-m\libc.a(lib_a-mbtowc_r.o)
__init_array_end                                  c:/program files (x86)/atmel/studio/7.0/toolchain/arm/arm-gnu-toolchain/bin/../lib/gcc/arm-none-eabi/6.3.1/../../../../arm-none-eabi/lib/thumb/v7e-m\libc.a(lib_a-init.o)
__init_array_start                                c:/program files (x86)/atmel/studio/7.0/toolchain/arm/arm-gnu-toolchain/bin/../lib/gcc/arm-none-eabi/6.3.1/../../../../arm-none-eabi/lib/thumb/v7e-m\libc.a(lib_a-init.o)
__libc_fini                                       c:/program files (x86)/atmel/studio/7.0/toolchain/arm/arm-gnu-toolchain/bin/../lib/gcc/arm-none-eabi/6.3.1/../../../../arm-none-eabi/lib/thumb/v7e-m\libc.a(lib_a-__call_atexit.o)
__libc_fini_array                                 c:/program files (x86)/atmel/studio/7.0/toolchain/arm/arm-gnu-toolchain/bin/../lib/gcc/arm-none-eabi/6.3.1/../../../../arm-none-eabi/lib/thumb/v7e-m\libc.a(lib_a-fini.o)
                                                  c:/program files (x86)/atmel/studio/7.0/toolchain/arm/arm-gnu-toolchain/bin/../lib/gcc/arm-none-eabi/6.3.1/../../../../arm-none-eabi/lib/thumb/v7e-m\libc.a(lib_a-__call_atexit.o)
                                                  c:/program files (x86)/atmel/studio/7.0/toolchain/arm/arm-gnu-toolchain/bin/../lib/gcc/arm-none-eabi/6.3.1/../../../../arm-none-eabi/lib/thumb/v7e-m/crt0.o
__libc_init_array                                 c:/program files (x86)/atmel/studio/7.0/toolchain/arm/arm-gnu-toolchain/bin/../lib/gcc/arm-none-eabi/6.3.1/../../../../arm-none-eabi/lib/thumb/v7e-m\libc.a(lib_a-init.o)
                                                  src/ASF/sam/utils/cmsis/same70/source/templates/gcc/startup_same70.o
                                                  c:/program files (x86)/atmel/studio/7.0/toolchain/arm/arm-gnu-toolchain/bin/../lib/gcc/arm-none-eabi/6.3.1/../../../../arm-none-eabi/lib/thumb/v7e-m/crt0.o
__locale_ctype_ptr                                c:/program files (x86)/atmel/studio/7.0/toolchain/arm/arm-gnu-toolchain/bin/../lib/gcc/arm-none-eabi/6.3.1/../../../../arm-none-eabi/lib/thumb/v7e-m\libc.a(lib_a-locale.o)
__locale_ctype_ptr_l                              c:/program files (x86)/atmel/studio/7.0/toolchain/arm/arm-gnu-toolchain/bin/../lib/gcc/arm-none-eabi/6.3.1/../../../../arm-none-eabi/lib/thumb/v7e-m\libc.a(lib_a-locale.o)
__locale_mb_cur_max                               c:/program files (x86)/atmel/studio/7.0/toolchain/arm/arm-gnu-toolchain/bin/../lib/gcc/arm-none-eabi/6.3.1/../../../../arm-none-eabi/lib/thumb/v7e-m\libc.a(lib_a-locale.o)
                                                  c:/program files (x86)/atmel/studio/7.0/toolchain/arm/arm-gnu-toolchain/bin/../lib/gcc/arm-none-eabi/6.3.1/../../../../arm-none-eabi/lib/thumb/v7e-m\libc.a(lib_a-fputwc.o)
__lock___arc4random_mutex                         c:/program files (x86)/atmel/studio/7.0/toolchain/arm/arm-gnu-toolchain/bin/../lib/gcc/arm-none-eabi/6.3.1/../../../../arm-none-eabi/lib/thumb/v7e-m\libc.a(lib_a-lock.o)
__lock___at_quick_exit_mutex                      c:/program files (x86)/atmel/studio/7.0/toolchain/arm/arm-gnu-toolchain/bin/../lib/gcc/arm-none-eabi/6.3.1/../../../../arm-none-eabi/lib/thumb/v7e-m\libc.a(lib_a-lock.o)
__lock___atexit_recursive_mutex                   c:/program files (x86)/atmel/studio/7.0/toolchain/arm/arm-gnu-toolchain/bin/../lib/gcc/arm-none-eabi/6.3.1/../../../../arm-none-eabi/lib/thumb/v7e-m\libc.a(lib_a-lock.o)
                                                  c:/program files (x86)/atmel/studio/7.0/toolchain/arm/arm-gnu-toolchain/bin/../lib/gcc/arm-none-eabi/6.3.1/../../../../arm-none-eabi/lib/thumb/v7e-m\libc.a(lib_a-__call_atexit.o)
__lock___dd_hash_mutex                            c:/program files (x86)/atmel/studio/7.0/toolchain/arm/arm-gnu-toolchain/bin/../lib/gcc/arm-none-eabi/6.3.1/../../../../arm-none-eabi/lib/thumb/v7e-m\libc.a(lib_a-lock.o)
__lock___env_recursive_mutex                      c:/program files (x86)/atmel/studio/7.0/toolchain/arm/arm-gnu-toolchain/bin/../lib/gcc/arm-none-eabi/6.3.1/../../../../arm-none-eabi/lib/thumb/v7e-m\libc.a(lib_a-lock.o)
__lock___malloc_recursive_mutex                   c:/program files (x86)/atmel/studio/7.0/toolchain/arm/arm-gnu-toolchain/bin/../lib/gcc/arm-none-eabi/6.3.1/../../../../arm-none-eabi/lib/thumb/v7e-m\libc.a(lib_a-lock.o)
                                                  c:/program files (x86)/atmel/studio/7.0/toolchain/arm/arm-gnu-toolchain/bin/../lib/gcc/arm-none-eabi/6.3.1/../../../../arm-none-eabi/lib/thumb/v7e-m\libc.a(lib_a-mlock.o)
__lock___sfp_recursive_mutex                      c:/program files (x86)/atmel/studio/7.0/toolchain/arm/arm-gnu-toolchain/bin/../lib/gcc/arm-none-eabi/6.3.1/../../../../arm-none-eabi/lib/thumb/v7e-m\libc.a(lib_a-lock.o)
                                                  c:/program files (x86)/atmel/studio/7.0/toolchain/arm/arm-gnu-toolchain/bin/../lib/gcc/arm-none-eabi/6.3.1/../../../../arm-none-eabi/lib/thumb/v7e-m\libc.a(lib_a-findfp.o)
__lock___sinit_recursive_mutex                    c:/program files (x86)/atmel/studio/7.0/toolchain/arm/arm-gnu-toolchain/bin/../lib/gcc/arm-none-eabi/6.3.1/../../../../arm-none-eabi/lib/thumb/v7e-m\libc.a(lib_a-lock.o)
                                                  c:/program files (x86)/atmel/studio/7.0/toolchain/arm/arm-gnu-toolchain/bin/../lib/gcc/arm-none-eabi/6.3.1/../../../../arm-none-eabi/lib/thumb/v7e-m\libc.a(lib_a-findfp.o)
__lock___tz_mutex                                 c:/program files (x86)/atmel/studio/7.0/toolchain/arm/arm-gnu-toolchain/bin/../lib/gcc/arm-none-eabi/6.3.1/../../../../arm-none-eabi/lib/thumb/v7e-m\libc.a(lib_a-lock.o)
__malloc_av_                                      c:/program files (x86)/atmel/studio/7.0/toolchain/arm/arm-gnu-toolchain/bin/../lib/gcc/arm-none-eabi/6.3.1/../../../../arm-none-eabi/lib/thumb/v7e-m\libc.a(lib_a-mallocr.o)
                                                  c:/program files (x86)/atmel/studio/7.0/toolchain/arm/arm-gnu-toolchain/bin/../lib/gcc/arm-none-eabi/6.3.1/../../../../arm-none-eabi/lib/thumb/v7e-m\libc.a(lib_a-reallocr.o)
                                                  c:/program files (x86)/atmel/studio/7.0/toolchain/arm/arm-gnu-toolchain/bin/../lib/gcc/arm-none-eabi/6.3.1/../../../../arm-none-eabi/lib/thumb/v7e-m\libc.a(lib_a-freer.o)
__malloc_current_mallinfo                         c:/program files (x86)/atmel/studio/7.0/toolchain/arm/arm-gnu-toolchain/bin/../lib/gcc/arm-none-eabi/6.3.1/../../../../arm-none-eabi/lib/thumb/v7e-m\libc.a(lib_a-mallocr.o)
                                                  c:/program files (x86)/atmel/studio/7.0/toolchain/arm/arm-gnu-toolchain/bin/../lib/gcc/arm-none-eabi/6.3.1/../../../../arm-none-eabi/lib/thumb/v7e-m\libc.a(lib_a-freer.o)
__malloc_lock                                     c:/program files (x86)/atmel/studio/7.0/toolchain/arm/arm-gnu-toolchain/bin/../lib/gcc/arm-none-eabi/6.3.1/../../../../arm-none-eabi/lib/thumb/v7e-m\libc.a(lib_a-mlock.o)
                                                  c:/program files (x86)/atmel/studio/7.0/toolchain/arm/arm-gnu-toolchain/bin/../lib/gcc/arm-none-eabi/6.3.1/../../../../arm-none-eabi/lib/thumb/v7e-m\libc.a(lib_a-reallocr.o)
                                                  c:/program files (x86)/atmel/studio/7.0/toolchain/arm/arm-gnu-toolchain/bin/../lib/gcc/arm-none-eabi/6.3.1/../../../../arm-none-eabi/lib/thumb/v7e-m\libc.a(lib_a-mallocr.o)
                                                  c:/program files (x86)/atmel/studio/7.0/toolchain/arm/arm-gnu-toolchain/bin/../lib/gcc/arm-none-eabi/6.3.1/../../../../arm-none-eabi/lib/thumb/v7e-m\libc.a(lib_a-freer.o)
__malloc_max_sbrked_mem                           c:/program files (x86)/atmel/studio/7.0/toolchain/arm/arm-gnu-toolchain/bin/../lib/gcc/arm-none-eabi/6.3.1/../../../../arm-none-eabi/lib/thumb/v7e-m\libc.a(lib_a-mallocr.o)
__malloc_max_total_mem                            c:/program files (x86)/atmel/studio/7.0/toolchain/arm/arm-gnu-toolchain/bin/../lib/gcc/arm-none-eabi/6.3.1/../../../../arm-none-eabi/lib/thumb/v7e-m\libc.a(lib_a-mallocr.o)
__malloc_sbrk_base                                c:/program files (x86)/atmel/studio/7.0/toolchain/arm/arm-gnu-toolchain/bin/../lib/gcc/arm-none-eabi/6.3.1/../../../../arm-none-eabi/lib/thumb/v7e-m\libc.a(lib_a-mallocr.o)
                                                  c:/program files (x86)/atmel/studio/7.0/toolchain/arm/arm-gnu-toolchain/bin/../lib/gcc/arm-none-eabi/6.3.1/../../../../arm-none-eabi/lib/thumb/v7e-m\libc.a(lib_a-freer.o)
__malloc_top_pad                                  c:/program files (x86)/atmel/studio/7.0/toolchain/arm/arm-gnu-toolchain/bin/../lib/gcc/arm-none-eabi/6.3.1/../../../../arm-none-eabi/lib/thumb/v7e-m\libc.a(lib_a-mallocr.o)
                                                  c:/program files (x86)/atmel/studio/7.0/toolchain/arm/arm-gnu-toolchain/bin/../lib/gcc/arm-none-eabi/6.3.1/../../../../arm-none-eabi/lib/thumb/v7e-m\libc.a(lib_a-freer.o)
__malloc_trim_threshold                           c:/program files (x86)/atmel/studio/7.0/toolchain/arm/arm-gnu-toolchain/bin/../lib/gcc/arm-none-eabi/6.3.1/../../../../arm-none-eabi/lib/thumb/v7e-m\libc.a(lib_a-mallocr.o)
                                                  c:/program files (x86)/atmel/studio/7.0/toolchain/arm/arm-gnu-toolchain/bin/../lib/gcc/arm-none-eabi/6.3.1/../../../../arm-none-eabi/lib/thumb/v7e-m\libc.a(lib_a-freer.o)
__malloc_unlock                                   c:/program files (x86)/atmel/studio/7.0/toolchain/arm/arm-gnu-toolchain/bin/../lib/gcc/arm-none-eabi/6.3.1/../../../../arm-none-eabi/lib/thumb/v7e-m\libc.a(lib_a-mlock.o)
                                                  c:/program files (x86)/atmel/studio/7.0/toolchain/arm/arm-gnu-toolchain/bin/../lib/gcc/arm-none-eabi/6.3.1/../../../../arm-none-eabi/lib/thumb/v7e-m\libc.a(lib_a-reallocr.o)
                                                  c:/program files (x86)/atmel/studio/7.0/toolchain/arm/arm-gnu-toolchain/bin/../lib/gcc/arm-none-eabi/6.3.1/../../../../arm-none-eabi/lib/thumb/v7e-m\libc.a(lib_a-mallocr.o)
                                                  c:/program files (x86)/atmel/studio/7.0/toolchain/arm/arm-gnu-toolchain/bin/../lib/gcc/arm-none-eabi/6.3.1/../../../../arm-none-eabi/lib/thumb/v7e-m\libc.a(lib_a-freer.o)
__preinit_array_end                               c:/program files (x86)/atmel/studio/7.0/toolchain/arm/arm-gnu-toolchain/bin/../lib/gcc/arm-none-eabi/6.3.1/../../../../arm-none-eabi/lib/thumb/v7e-m\libc.a(lib_a-init.o)
__preinit_array_start                             c:/program files (x86)/atmel/studio/7.0/toolchain/arm/arm-gnu-toolchain/bin/../lib/gcc/arm-none-eabi/6.3.1/../../../../arm-none-eabi/lib/thumb/v7e-m\libc.a(lib_a-init.o)
__ram_end__                                       src/ASF/sam/utils/syscalls/gcc/syscalls.o
__register_exitproc                               c:/program files (x86)/atmel/studio/7.0/toolchain/arm/arm-gnu-toolchain/bin/../lib/gcc/arm-none-eabi/6.3.1/../../../../arm-none-eabi/lib/thumb/v7e-m\libc.a(lib_a-__atexit.o)
                                                  c:/program files (x86)/atmel/studio/7.0/toolchain/arm/arm-gnu-toolchain/bin/../lib/gcc/arm-none-eabi/6.3.1/../../../../arm-none-eabi/lib/thumb/v7e-m\libc.a(lib_a-atexit.o)
__register_frame_info                             c:/program files (x86)/atmel/studio/7.0/toolchain/arm/arm-gnu-toolchain/bin/../lib/gcc/arm-none-eabi/6.3.1/thumb/v7e-m/crtbegin.o
__retarget_lock_acquire                           c:/program files (x86)/atmel/studio/7.0/toolchain/arm/arm-gnu-toolchain/bin/../lib/gcc/arm-none-eabi/6.3.1/../../../../arm-none-eabi/lib/thumb/v7e-m\libc.a(lib_a-lock.o)
__retarget_lock_acquire_recursive                 c:/program files (x86)/atmel/studio/7.0/toolchain/arm/arm-gnu-toolchain/bin/../lib/gcc/arm-none-eabi/6.3.1/../../../../arm-none-eabi/lib/thumb/v7e-m\libc.a(lib_a-lock.o)
                                                  c:/program files (x86)/atmel/studio/7.0/toolchain/arm/arm-gnu-toolchain/bin/../lib/gcc/arm-none-eabi/6.3.1/../../../../arm-none-eabi/lib/thumb/v7e-m\libc.a(lib_a-fclose.o)
                                                  c:/program files (x86)/atmel/studio/7.0/toolchain/arm/arm-gnu-toolchain/bin/../lib/gcc/arm-none-eabi/6.3.1/../../../../arm-none-eabi/lib/thumb/v7e-m\libc.a(lib_a-__atexit.o)
                                                  c:/program files (x86)/atmel/studio/7.0/toolchain/arm/arm-gnu-toolchain/bin/../lib/gcc/arm-none-eabi/6.3.1/../../../../arm-none-eabi/lib/thumb/v7e-m\libc.a(lib_a-mlock.o)
                                                  c:/program files (x86)/atmel/studio/7.0/toolchain/arm/arm-gnu-toolchain/bin/../lib/gcc/arm-none-eabi/6.3.1/../../../../arm-none-eabi/lib/thumb/v7e-m\libc.a(lib_a-fputwc.o)
                                                  c:/program files (x86)/atmel/studio/7.0/toolchain/arm/arm-gnu-toolchain/bin/../lib/gcc/arm-none-eabi/6.3.1/../../../../arm-none-eabi/lib/thumb/v7e-m\libc.a(lib_a-findfp.o)
                                                  c:/program files (x86)/atmel/studio/7.0/toolchain/arm/arm-gnu-toolchain/bin/../lib/gcc/arm-none-eabi/6.3.1/../../../../arm-none-eabi/lib/thumb/v7e-m\libc.a(lib_a-fflush.o)
                                                  c:/program files (x86)/atmel/studio/7.0/toolchain/arm/arm-gnu-toolchain/bin/../lib/gcc/arm-none-eabi/6.3.1/../../../../arm-none-eabi/lib/thumb/v7e-m\libc.a(lib_a-__call_atexit.o)
                                                  c:/program files (x86)/atmel/studio/7.0/toolchain/arm/arm-gnu-toolchain/bin/../lib/gcc/arm-none-eabi/6.3.1/../../../../arm-none-eabi/lib/thumb/v7e-m\libc.a(lib_a-vfiprintf.o)
__retarget_lock_close                             c:/program files (x86)/atmel/studio/7.0/toolchain/arm/arm-gnu-toolchain/bin/../lib/gcc/arm-none-eabi/6.3.1/../../../../arm-none-eabi/lib/thumb/v7e-m\libc.a(lib_a-lock.o)
__retarget_lock_close_recursive                   c:/program files (x86)/atmel/studio/7.0/toolchain/arm/arm-gnu-toolchain/bin/../lib/gcc/arm-none-eabi/6.3.1/../../../../arm-none-eabi/lib/thumb/v7e-m\libc.a(lib_a-lock.o)
                                                  c:/program files (x86)/atmel/studio/7.0/toolchain/arm/arm-gnu-toolchain/bin/../lib/gcc/arm-none-eabi/6.3.1/../../../../arm-none-eabi/lib/thumb/v7e-m\libc.a(lib_a-fclose.o)
                                                  c:/program files (x86)/atmel/studio/7.0/toolchain/arm/arm-gnu-toolchain/bin/../lib/gcc/arm-none-eabi/6.3.1/../../../../arm-none-eabi/lib/thumb/v7e-m\libc.a(lib_a-vfiprintf.o)
__retarget_lock_init                              c:/program files (x86)/atmel/studio/7.0/toolchain/arm/arm-gnu-toolchain/bin/../lib/gcc/arm-none-eabi/6.3.1/../../../../arm-none-eabi/lib/thumb/v7e-m\libc.a(lib_a-lock.o)
__retarget_lock_init_recursive                    c:/program files (x86)/atmel/studio/7.0/toolchain/arm/arm-gnu-toolchain/bin/../lib/gcc/arm-none-eabi/6.3.1/../../../../arm-none-eabi/lib/thumb/v7e-m\libc.a(lib_a-lock.o)
                                                  c:/program files (x86)/atmel/studio/7.0/toolchain/arm/arm-gnu-toolchain/bin/../lib/gcc/arm-none-eabi/6.3.1/../../../../arm-none-eabi/lib/thumb/v7e-m\libc.a(lib_a-findfp.o)
                                                  c:/program files (x86)/atmel/studio/7.0/toolchain/arm/arm-gnu-toolchain/bin/../lib/gcc/arm-none-eabi/6.3.1/../../../../arm-none-eabi/lib/thumb/v7e-m\libc.a(lib_a-vfiprintf.o)
__retarget_lock_release                           c:/program files (x86)/atmel/studio/7.0/toolchain/arm/arm-gnu-toolchain/bin/../lib/gcc/arm-none-eabi/6.3.1/../../../../arm-none-eabi/lib/thumb/v7e-m\libc.a(lib_a-lock.o)
__retarget_lock_release_recursive                 c:/program files (x86)/atmel/studio/7.0/toolchain/arm/arm-gnu-toolchain/bin/../lib/gcc/arm-none-eabi/6.3.1/../../../../arm-none-eabi/lib/thumb/v7e-m\libc.a(lib_a-lock.o)
                                                  c:/program files (x86)/atmel/studio/7.0/toolchain/arm/arm-gnu-toolchain/bin/../lib/gcc/arm-none-eabi/6.3.1/../../../../arm-none-eabi/lib/thumb/v7e-m\libc.a(lib_a-fclose.o)
                                                  c:/program files (x86)/atmel/studio/7.0/toolchain/arm/arm-gnu-toolchain/bin/../lib/gcc/arm-none-eabi/6.3.1/../../../../arm-none-eabi/lib/thumb/v7e-m\libc.a(lib_a-__atexit.o)
                                                  c:/program files (x86)/atmel/studio/7.0/toolchain/arm/arm-gnu-toolchain/bin/../lib/gcc/arm-none-eabi/6.3.1/../../../../arm-none-eabi/lib/thumb/v7e-m\libc.a(lib_a-mlock.o)
                                                  c:/program files (x86)/atmel/studio/7.0/toolchain/arm/arm-gnu-toolchain/bin/../lib/gcc/arm-none-eabi/6.3.1/../../../../arm-none-eabi/lib/thumb/v7e-m\libc.a(lib_a-fputwc.o)