Archive member included to satisfy reference by file (symbol)

c:/program files (x86)/atmel/studio/7.0/toolchain/arm/arm-gnu-toolchain/bin/../lib/gcc/arm-none-eabi/6.3.1/../../../../arm-none-eabi/lib/thumb/v7e-m\libc.a(lib_a-exit.o)
                              c:/program files (x86)/atmel/studio/7.0/toolchain/arm/arm-gnu-toolchain/bin/../lib/gcc/arm-none-eabi/6.3.1/../../../../arm-none-eabi/lib/thumb/v7e-m/crt0.o (exit)
c:/program files (x86)/atmel/studio/7.0/toolchain/arm/arm-gnu-toolchain/bin/../lib/gcc/arm-none-eabi/6.3.1/../../../../arm-none-eabi/lib/thumb/v7e-m\libc.a(lib_a-impure.o)
                              c:/program files (x86)/atmel/studio/7.0/toolchain/arm/arm-gnu-toolchain/bin/../lib/gcc/arm-none-eabi/6.3.1/../../../../arm-none-eabi/lib/thumb/v7e-m\libc.a(lib_a-exit.o) (_global_impure_ptr)
c:/program files (x86)/atmel/studio/7.0/toolchain/arm/arm-gnu-toolchain/bin/../lib/gcc/arm-none-eabi/6.3.1/../../../../arm-none-eabi/lib/thumb/v7e-m\libc.a(lib_a-init.o)
                              c:/program files (x86)/atmel/studio/7.0/toolchain/arm/arm-gnu-toolchain/bin/../lib/gcc/arm-none-eabi/6.3.1/../../../../arm-none-eabi/lib/thumb/v7e-m/crt0.o (__libc_init_array)
c:/program files (x86)/atmel/studio/7.0/toolchain/arm/arm-gnu-toolchain/bin/../lib/gcc/arm-none-eabi/6.3.1/../../../../arm-none-eabi/lib/thumb/v7e-m\libc.a(lib_a-iprintf.o)
                              src/ASF/sam/utils/syscalls/gcc/syscalls.o (iprintf)
c:/program files (x86)/atmel/studio/7.0/toolchain/arm/arm-gnu-toolchain/bin/../lib/gcc/arm-none-eabi/6.3.1/../../../../arm-none-eabi/lib/thumb/v7e-m\libc.a(lib_a-memcpy.o)
                              src/main.o (memcpy)
c:/program files (x86)/atmel/studio/7.0/toolchain/arm/arm-gnu-toolchain/bin/../lib/gcc/arm-none-eabi/6.3.1/../../../../arm-none-eabi/lib/thumb/v7e-m\libc.a(lib_a-memset.o)
                              c:/program files (x86)/atmel/studio/7.0/toolchain/arm/arm-gnu-toolchain/bin/../lib/gcc/arm-none-eabi/6.3.1/../../../../arm-none-eabi/lib/thumb/v7e-m/crt0.o (memset)
c:/program files (x86)/atmel/studio/7.0/toolchain/arm/arm-gnu-toolchain/bin/../lib/gcc/arm-none-eabi/6.3.1/../../../../arm-none-eabi/lib/thumb/v7e-m\libc.a(lib_a-vfiprintf.o)
                              c:/program files (x86)/atmel/studio/7.0/toolchain/arm/arm-gnu-toolchain/bin/../lib/gcc/arm-none-eabi/6.3.1/../../../../arm-none-eabi/lib/thumb/v7e-m\libc.a(lib_a-iprintf.o) (_vfiprintf_r)
c:/program files (x86)/atmel/studio/7.0/toolchain/arm/arm-gnu-toolchain/bin/../lib/gcc/arm-none-eabi/6.3.1/../../../../arm-none-eabi/lib/thumb/v7e-m\libc.a(lib_a-wsetup.o)
                              c:/program files (x86)/atmel/studio/7.0/toolchain/arm/arm-gnu-toolchain/bin/../lib/gcc/arm-none-eabi/6.3.1/../../../../arm-none-eabi/lib/thumb/v7e-m\libc.a(lib_a-vfiprintf.o) (__swsetup_r)
c:/program files (x86)/atmel/studio/7.0/toolchain/arm/arm-gnu-toolchain/bin/../lib/gcc/arm-none-eabi/6.3.1/../../../../arm-none-eabi/lib/thumb/v7e-m\libc.a(lib_a-__call_atexit.o)
                              c:/program files (x86)/atmel/studio/7.0/toolchain/arm/arm-gnu-toolchain/bin/../lib/gcc/arm-none-eabi/6.3.1/../../../../arm-none-eabi/lib/thumb/v7e-m\libc.a(lib_a-exit.o) (__call_exitprocs)
c:/program files (x86)/atmel/studio/7.0/toolchain/arm/arm-gnu-toolchain/bin/../lib/gcc/arm-none-eabi/6.3.1/../../../../arm-none-eabi/lib/thumb/v7e-m\libc.a(lib_a-atexit.o)
                              c:/program files (x86)/atmel/studio/7.0/toolchain/arm/arm-gnu-toolchain/bin/../lib/gcc/arm-none-eabi/6.3.1/../../../../arm-none-eabi/lib/thumb/v7e-m\libc.a(lib_a-__call_atexit.o) (atexit)
c:/program files (x86)/atmel/studio/7.0/toolchain/arm/arm-gnu-toolchain/bin/../lib/gcc/arm-none-eabi/6.3.1/../../../../arm-none-eabi/lib/thumb/v7e-m\libc.a(lib_a-fflush.o)
                              c:/program files (x86)/atmel/studio/7.0/toolchain/arm/arm-gnu-toolchain/bin/../lib/gcc/arm-none-eabi/6.3.1/../../../../arm-none-eabi/lib/thumb/v7e-m\libc.a(lib_a-vfiprintf.o) (_fflush_r)
c:/program files (x86)/atmel/studio/7.0/toolchain/arm/arm-gnu-toolchain/bin/../lib/gcc/arm-none-eabi/6.3.1/../../../../arm-none-eabi/lib/thumb/v7e-m\libc.a(lib_a-findfp.o)
                              c:/program files (x86)/atmel/studio/7.0/toolchain/arm/arm-gnu-toolchain/bin/../lib/gcc/arm-none-eabi/6.3.1/../../../../arm-none-eabi/lib/thumb/v7e-m\libc.a(lib_a-vfiprintf.o) (__sinit)
c:/program files (x86)/atmel/studio/7.0/toolchain/arm/arm-gnu-toolchain/bin/../lib/gcc/arm-none-eabi/6.3.1/../../../../arm-none-eabi/lib/thumb/v7e-m\libc.a(lib_a-fini.o)
                              c:/program files (x86)/atmel/studio/7.0/toolchain/arm/arm-gnu-toolchain/bin/../lib/gcc/arm-none-eabi/6.3.1/../../../../arm-none-eabi/lib/thumb/v7e-m\libc.a(lib_a-__call_atexit.o) (__libc_fini_array)
c:/program files (x86)/atmel/studio/7.0/toolchain/arm/arm-gnu-toolchain/bin/../lib/gcc/arm-none-eabi/6.3.1/../../../../arm-none-eabi/lib/thumb/v7e-m\libc.a(lib_a-fputwc.o)
[...]
Memory Configuration

Name             Origin             Length             Attributes
rom              0x00400000         0x00200000         xr
ram              0x20400000         0x00060000         xrw
*default*        0x00000000         0xffffffff

Linker script and memory map

LOAD c:/program files (x86)/atmel/studio/7.0/toolchain/arm/arm-gnu-toolchain/bin/../lib/gcc/arm-none-eabi/6.3.1/thumb/v7e-m/crti.o
LOAD c:/program files (x86)/atmel/studio/7.0/toolchain/arm/arm-gnu-toolchain/bin/../lib/gcc/arm-none-eabi/6.3.1/thumb/v7e-m/crtbegin.o
LOAD c:/program files (x86)/atmel/studio/7.0/toolchain/arm/arm-gnu-toolchain/bin/../lib/gcc/arm-none-eabi/6.3.1/../../../../arm-none-eabi/lib/thumb/v7e-m/crt0.o
LOAD src/ASF/common/components/memory/sd_mmc/sd_mmc.o
LOAD src/ASF/sam/drivers/hsmci/hsmci.o
LOAD src/ASF/sam/drivers/matrix/matrix.o
LOAD src/ASF/sam/drivers/pwm/pwm.o
LOAD src/ASF/sam/drivers/wdt/wdt.o
LOAD src/time_tick_sam.o
LOAD src/ASF/common/services/delay/sam/cycle_counter.o
LOAD src/ASF/common/services/clock/same70/sysclk.o
LOAD src/ASF/sam/drivers/pmc/pmc.o
LOAD src/ASF/sam/drivers/twihs/twihs.o
LOAD src/ASF/sam/drivers/xdmac/xdmac.o
LOAD src/ASF/sam/drivers/pmc/sleep.o
LOAD src/ASF/common/boards/user_board/init.o
LOAD src/ASF/common/utils/interrupt/interrupt_sam_nvic.o
LOAD src/ASF/sam/utils/cmsis/same70/source/templates/gcc/startup_same70.o
LOAD src/ASF/sam/utils/cmsis/same70/source/templates/system_same70.o
LOAD src/ASF/sam/utils/syscalls/gcc/syscalls.o
LOAD src/main.o
START GROUP
LOAD ../src/ASF/thirdparty/CMSIS/Lib/GCC\libarm_cortexM7lfsp_math_softfp.a
LOAD c:/program files (x86)/atmel/studio/7.0/toolchain/arm/arm-gnu-toolchain/bin/../lib/gcc/arm-none-eabi/6.3.1/../../../../arm-none-eabi/lib/thumb/v7e-m\libm.a
END GROUP
START GROUP
LOAD c:/program files (x86)/atmel/studio/7.0/toolchain/arm/arm-gnu-toolchain/bin/../lib/gcc/arm-none-eabi/6.3.1/thumb/v7e-m\libgcc.a
LOAD c:/program files (x86)/atmel/studio/7.0/toolchain/arm/arm-gnu-toolchain/bin/../lib/gcc/arm-none-eabi/6.3.1/../../../../arm-none-eabi/lib/thumb/v7e-m\libc.a
END GROUP
LOAD c:/program files (x86)/atmel/studio/7.0/toolchain/arm/arm-gnu-toolchain/bin/../lib/gcc/arm-none-eabi/6.3.1/thumb/v7e-m/crtend.o
LOAD c:/program files (x86)/atmel/studio/7.0/toolchain/arm/arm-gnu-toolchain/bin/../lib/gcc/arm-none-eabi/6.3.1/thumb/v7e-m/crtn.o
                0x00002000                STACK_SIZE = DEFINED (STACK_SIZE)?STACK_SIZE:0x2000
                0x2045fffc                __ram_end__ = ((ORIGIN (ram) + LENGTH (ram)) - 0x4)
                0x00000200                HEAP_SIZE = DEFINED (HEAP_SIZE)?HEAP_SIZE:0x200

.text           0x00400000     0x23d0
                0x00400000                . = ALIGN (0x4)
                0x00400000                _sfixed = .
 *(.vectors .vectors.*)
 .vectors       0x00400000      0x140 src/ASF/sam/utils/cmsis/same70/source/templates/gcc/startup_same70.o
                0x00400000                exception_table
 *(.text .text.* .gnu.linkonce.t.*)
 .text          0x00400140       0x6c c:/program files (x86)/atmel/studio/7.0/toolchain/arm/arm-gnu-toolchain/bin/../lib/gcc/arm-none-eabi/6.3.1/thumb/v7e-m/crtbegin.o
 .text.SDMMC_UNSTUFF_BITS
                0x004001ac       0x50 src/ASF/common/components/memory/sd_mmc/sd_mmc.o
 .text.sd_mmc_configure_slot
                0x004001fc       0x2c src/ASF/common/components/memory/sd_mmc/sd_mmc.o
 .text.sd_mmc_deselect_slot
                0x00400228       0x14 src/ASF/common/components/memory/sd_mmc/sd_mmc.o
 .text.sd_mmc_select_slot
                0x0040023c       0x4c src/ASF/common/components/memory/sd_mmc/sd_mmc.o
 .text.sd_mmc_cmd9_mci
                0x00400288       0x30 src/ASF/common/components/memory/sd_mmc/sd_mmc.o
 .text.sd_mmc_init
                0x004002b8       0x1c src/ASF/common/components/memory/sd_mmc/sd_mmc.o
                0x004002b8                sd_mmc_init
 .text.sd_mmc_check
                0x004002d4      0x5e8 src/ASF/common/components/memory/sd_mmc/sd_mmc.o
                0x004002d4                sd_mmc_check
 .text.sd_mmc_get_type
                0x004008bc       0x24 src/ASF/common/components/memory/sd_mmc/sd_mmc.o
                0x004008bc                sd_mmc_get_type
 .text.sd_mmc_get_capacity
                0x004008e0       0x24 src/ASF/common/components/memory/sd_mmc/sd_mmc.o
                0x004008e0                sd_mmc_get_capacity
 .text.sd_mmc_init_read_blocks
                0x00400904       0xb8 src/ASF/common/components/memory/sd_mmc/sd_mmc.o
                0x00400904                sd_mmc_init_read_blocks
 .text.sd_mmc_start_read_blocks
                0x004009bc       0x24 src/ASF/common/components/memory/sd_mmc/sd_mmc.o
                0x004009bc                sd_mmc_start_read_blocks
 .text.sd_mmc_wait_end_of_read_blocks
                0x004009e0       0x5c src/ASF/common/components/memory/sd_mmc/sd_mmc.o
                0x004009e0                sd_mmc_wait_end_of_read_blocks
 .text.sd_mmc_init_write_blocks
                0x00400a3c       0x84 src/ASF/common/components/memory/sd_mmc/sd_mmc.o
                0x00400a3c                sd_mmc_init_write_blocks
 .text.sd_mmc_start_write_blocks
                0x00400ac0       0x24 src/ASF/common/components/memory/sd_mmc/sd_mmc.o
                0x00400ac0                sd_mmc_start_write_blocks
 .text.sd_mmc_wait_end_of_write_blocks
                0x00400ae4       0x54 src/ASF/common/components/memory/sd_mmc/sd_mmc.o
                0x00400ae4                sd_mmc_wait_end_of_write_blocks
 .text.hsmci_reset
                0x00400b38       0x28 src/ASF/sam/drivers/hsmci/hsmci.o
 .text.hsmci_send_cmd_execute
                0x00400b60       0x74 src/ASF/sam/drivers/hsmci/hsmci.o
 .text.hsmci_init
                0x00400bd4       0x2c src/ASF/sam/drivers/hsmci/hsmci.o
                0x00400bd4                hsmci_init
 .text.hsmci_get_bus_width
                0x00400c00        0xa src/ASF/sam/drivers/hsmci/hsmci.o
                0x00400c00                hsmci_get_bus_width
 .text.hsmci_is_high_speed_capable
                0x00400c0a        0x4 src/ASF/sam/drivers/hsmci/hsmci.o
                0x00400c0a                hsmci_is_high_speed_capable
 *fill*         0x00400c0e        0x2 
 .text.hsmci_select_device
                0x00400c10       0x64 src/ASF/sam/drivers/hsmci/hsmci.o
                0x00400c10                hsmci_select_device
 .text.hsmci_deselect_device
                0x00400c74        0x2 src/ASF/sam/drivers/hsmci/hsmci.o
                0x00400c74                hsmci_deselect_device
 .text.hsmci_send_clock
                0x00400c76       0x1e src/ASF/sam/drivers/hsmci/hsmci.o
                0x00400c76                hsmci_send_clock
 .text.hsmci_send_cmd
                0x00400c94       0x28 src/ASF/sam/drivers/hsmci/hsmci.o
                0x00400c94                hsmci_send_cmd
 .text.hsmci_get_response
                0x00400cbc        0x8 src/ASF/sam/drivers/hsmci/hsmci.o
                0x00400cbc                hsmci_get_response
 .text.hsmci_get_response_128
                0x00400cc4       0x2a src/ASF/sam/drivers/hsmci/hsmci.o
                0x00400cc4                hsmci_get_response_128
 *fill*         0x00400cee        0x2 
 .text.hsmci_adtc_start
                0x00400cf0       0xa0 src/ASF/sam/drivers/hsmci/hsmci.o
                0x00400cf0                hsmci_adtc_start
 .text.hsmci_read_word
                0x00400d90       0x5c src/ASF/sam/drivers/hsmci/hsmci.o
                0x00400d90                hsmci_read_word
 .text.hsmci_start_read_blocks
                0x00400dec       0x64 src/ASF/sam/drivers/hsmci/hsmci.o
                0x00400dec                hsmci_start_read_blocks
 .text.hsmci_start_write_blocks
                0x00400e50       0x64 src/ASF/sam/drivers/hsmci/hsmci.o
                0x00400e50                hsmci_start_write_blocks
 .text.hsmci_wait_end_of_write_blocks
                0x00400eb4       0x58 src/ASF/sam/drivers/hsmci/hsmci.o
                0x00400eb4                hsmci_wait_end_of_write_blocks
 .text.hsmci_wait_end_of_read_blocks
                0x00400f0c        0x8 src/ASF/sam/drivers/hsmci/hsmci.o
                0x00400f0c                hsmci_wait_end_of_read_blocks
 .text.matrix_set_system_io
                0x00400f14       0x20 src/ASF/sam/drivers/matrix/matrix.o
                0x00400f14                matrix_set_system_io
 .text.matrix_get_system_io
                0x00400f34       0x10 src/ASF/sam/drivers/matrix/matrix.o
                0x00400f34                matrix_get_system_io
 .text.pwm_clocks_generate
                0x00400f44       0x4c src/ASF/sam/drivers/pwm/pwm.o
 .text.pwm_init
                0x00400f90       0x44 src/ASF/sam/drivers/pwm/pwm.o
                0x00400f90                pwm_init
 .text.pwm_channel_init
                0x00400fd4      0x15a src/ASF/sam/drivers/pwm/pwm.o
                0x00400fd4                pwm_channel_init
 .text.pwm_channel_update_duty
                0x0040112e       0x1c src/ASF/sam/drivers/pwm/pwm.o
                0x0040112e                pwm_channel_update_duty
 .text.pwm_channel_enable
                0x0040114a        0xa src/ASF/sam/drivers/pwm/pwm.o
                0x0040114a                pwm_channel_enable
 .text.pwm_channel_disable
                0x00401154        0xa src/ASF/sam/drivers/pwm/pwm.o
                0x00401154                pwm_channel_disable
 .text.pwm_channel_disable_interrupt
                0x0040115e       0x12 src/ASF/sam/drivers/pwm/pwm.o
                0x0040115e                pwm_channel_disable_interrupt
 .text.SysTick_Handler
                0x00401170       0x10 src/time_tick_sam.o
                0x00401170                SysTick_Handler
 .text.time_tick_init
                0x00401180       0x2c src/time_tick_sam.o
                0x00401180                time_tick_init
 .text.time_tick_get
                0x004011ac        0xc src/time_tick_sam.o
                0x004011ac                time_tick_get
 .text.time_tick_calc_delay
                0x004011b8        0xe src/time_tick_sam.o
                0x004011b8                time_tick_calc_delay
 *fill*         0x004011c6        0x2 
 .text.sysclk_init
                0x004011c8       0x74 src/ASF/common/services/clock/same70/sysclk.o
                0x004011c8                sysclk_init
 .text.pmc_mck_set_division
                0x0040123c       0x2c src/ASF/sam/drivers/pmc/pmc.o
                0x0040123c                pmc_mck_set_division
 .text.pmc_switch_mck_to_pllack
                0x00401268       0x44 src/ASF/sam/drivers/pmc/pmc.o
                0x00401268                pmc_switch_mck_to_pllack
 .text.pmc_switch_mainck_to_xtal
                0x004012ac       0x48 src/ASF/sam/drivers/pmc/pmc.o
                0x004012ac                pmc_switch_mainck_to_xtal
 .text.pmc_osc_is_ready_mainck
                0x004012f4       0x10 src/ASF/sam/drivers/pmc/pmc.o
                0x004012f4                pmc_osc_is_ready_mainck
 .text.pmc_disable_pllack
                0x00401304       0x10 src/ASF/sam/drivers/pmc/pmc.o
                0x00401304                pmc_disable_pllack
 .text.pmc_is_locked_pllack
                0x00401314       0x10 src/ASF/sam/drivers/pmc/pmc.o
                0x00401314                pmc_is_locked_pllack
 .text.pmc_enable_periph_clk
                0x00401324       0x40 src/ASF/sam/drivers/pmc/pmc.o
                0x00401324                pmc_enable_periph_clk
 .text.twihs_mk_addr
                0x00401364       0x20 src/ASF/sam/drivers/twihs/twihs.o
 .text.twihs_set_speed
                0x00401384       0x40 src/ASF/sam/drivers/twihs/twihs.o
                0x00401384                twihs_set_speed
 .text.twihs_master_init
                0x004013c4       0x30 src/ASF/sam/drivers/twihs/twihs.o
                0x004013c4                twihs_master_init
 .text.twihs_master_write
                0x004013f4       0x80 src/ASF/sam/drivers/twihs/twihs.o
                0x004013f4                twihs_master_write
 .text.xdmac_configure_transfer
                0x00401474       0x3c src/ASF/sam/drivers/xdmac/xdmac.o
                0x00401474                xdmac_configure_transfer
 .text.ioport_set_pin_mode
                0x004014b0       0x70 src/ASF/common/boards/user_board/init.o
 .text.board_init
                0x00401520       0x58 src/ASF/common/boards/user_board/init.o
                0x00401520                board_init
 .text.Dummy_Handler
                0x00401578        0x2 src/ASF/sam/utils/cmsis/same70/source/templates/gcc/startup_same70.o
                0x00401578                DACC_Handler
                0x00401578                DebugMon_Handler
                0x00401578                UART3_Handler
                0x00401578                UART2_Handler
                0x00401578                TRNG_Handler
                0x00401578                HardFault_Handler
                0x00401578                TC2_Handler
                0x00401578                AFEC1_Handler
                0x00401578                PendSV_Handler
                0x00401578                NMI_Handler
                0x00401578                QSPI_Handler
                0x00401578                ISI_Handler
                0x00401578                TC9_Handler
                0x00401578                RSWDT_Handler
                0x00401578                MCAN1_Handler
                0x00401578                USART0_Handler
                0x00401578                RTT_Handler
                0x00401578                USBHS_Handler
                0x00401578                PIOB_Handler
                0x00401578                RTC_Handler
                0x00401578                UsageFault_Handler
                0x00401578                WDT_Handler
                0x00401578                TC1_Handler
                0x00401578                HSMCI_Handler
                0x00401578                UART1_Handler
                0x00401578                Dummy_Handler
                0x00401578                TWIHS1_Handler
                0x00401578                UART4_Handler
                0x00401578                PWM1_Handler
                0x00401578                USART1_Handler
                0x00401578                PWM0_Handler
                0x00401578                AFEC0_Handler
                0x00401578                SSC_Handler
                0x00401578                TC11_Handler
                0x00401578                ACC_Handler
                0x00401578                PMC_Handler
                0x00401578                GMAC_Handler
                0x00401578                MemManage_Handler
                0x00401578                SUPC_Handler
                0x00401578                SVC_Handler
                0x00401578                EFC_Handler
                0x00401578                USART2_Handler
                0x00401578                SPI1_Handler
                0x00401578                MCAN0_Handler
                0x00401578                TC10_Handler
                0x00401578                PIOD_Handler
                0x00401578                TWIHS2_Handler
                0x00401578                UART0_Handler
                0x00401578                BusFault_Handler
                0x00401578                RSTC_Handler
                0x00401578                TC0_Handler
                0x00401578                ICM_Handler
                0x00401578                AES_Handler
                0x00401578                TWIHS0_Handler
                0x00401578                SPI0_Handler
 *fill*         0x0040157a        0x2 
 .text.Reset_Handler
                0x0040157c       0x9c src/ASF/sam/utils/cmsis/same70/source/templates/gcc/startup_same70.o
                0x0040157c                Reset_Handler
 .text.SystemCoreClockUpdate
                0x00401618       0xc8 src/ASF/sam/utils/cmsis/same70/source/templates/system_same70.o
                0x00401618                SystemCoreClockUpdate
 .text.system_init_flash
                0x004016e0       0x64 src/ASF/sam/utils/cmsis/same70/source/templates/system_same70.o
                0x004016e0                system_init_flash
 .text.ioport_set_pin_mode
                0x00401744       0x70 src/main.o
 .text.enableSourceClk
                0x004017b4       0x34 src/main.o
                0x004017b4                enableSourceClk
 .text.imagingSensorConfigure
                0x004017e8      0x198 src/main.o
                0x004017e8                imagingSensorConfigure
 .text.imagingSensorParamInit
                0x00401980       0x14 src/main.o
                0x00401980                imagingSensorParamInit
 .text.imagingSensorDMAInit
                0x00401994       0x24 src/main.o
                0x00401994                imagingSensorDMAInit
 .text.imagingSensorStartDMA
                0x004019b8       0x98 src/main.o
                0x004019b8                imagingSensorStartDMA
 .text.imagingSensorItInit
                0x00401a50       0x14 src/main.o
                0x00401a50                imagingSensorItInit
 .text.imageSensorVSyncItInit
                0x00401a64       0x50 src/main.o
                0x00401a64                imageSensorVSyncItInit
 .text.imageSensorHSyncItInit
                0x00401ab4       0x50 src/main.o
                0x00401ab4                imageSensorHSyncItInit
 .text.imagingSensorLoadHeader
                0x00401b04       0x64 src/main.o
                0x00401b04                imagingSensorLoadHeader
 .text.imagingSensorCaptureEnable
                0x00401b68       0x14 src/main.o
                0x00401b68                imagingSensorCaptureEnable
 .text.imagingSensorCaptureDisable
                0x00401b7c       0x14 src/main.o
                0x00401b7c                imagingSensorCaptureDisable
 .text.imagingSensorSetup
                0x00401b90       0x64 src/main.o
                0x00401b90                imagingSensorSetup
 .text.checkVSync
                0x00401bf4       0xd8 src/main.o
                0x00401bf4                checkVSync
 .text.PIOA_Handler
                0x00401ccc       0x38 src/main.o
                0x00401ccc                PIOA_Handler
 .text.XDMAC_Handler
                0x00401d04       0x1c src/main.o
                0x00401d04                XDMAC_Handler
 .text.PWM_Init
                0x00401d20       0xa8 src/main.o
                0x00401d20                PWM_Init
 .text.TWIHS_init
                0x00401dc8       0x68 src/main.o
                0x00401dc8                TWIHS_init
 .text.startup.main
                0x00401e30      0x29c src/main.o
                0x00401e30                main
 .text.__libc_init_array
                0x004020cc       0x50 c:/program files (x86)/atmel/studio/7.0/toolchain/arm/arm-gnu-toolchain/bin/../lib/gcc/arm-none-eabi/6.3.1/../../../../arm-none-eabi/lib/thumb/v7e-m\libc.a(lib_a-init.o)
                0x004020cc                __libc_init_array
 .text.memset   0x0040211c       0x9c c:/program files (x86)/atmel/studio/7.0/toolchain/arm/arm-gnu-toolchain/bin/../lib/gcc/arm-none-eabi/6.3.1/../../../../arm-none-eabi/lib/thumb/v7e-m\libc.a(lib_a-memset.o)
                0x0040211c                memset
 .text.startup.register_fini
                0x004021b8       0x14 c:/program files (x86)/atmel/studio/7.0/toolchain/arm/arm-gnu-toolchain/bin/../lib/gcc/arm-none-eabi/6.3.1/../../../../arm-none-eabi/lib/thumb/v7e-m\libc.a(lib_a-__call_atexit.o)
 .text.atexit   0x004021cc        0xc c:/program files (x86)/atmel/studio/7.0/toolchain/arm/arm-gnu-toolchain/bin/../lib/gcc/arm-none-eabi/6.3.1/../../../../arm-none-eabi/lib/thumb/v7e-m\libc.a(lib_a-atexit.o)
                0x004021cc                atexit
 .text.__libc_fini_array
                0x004021d8       0x34 c:/program files (x86)/atmel/studio/7.0/toolchain/arm/arm-gnu-toolchain/bin/../lib/gcc/arm-none-eabi/6.3.1/../../../../arm-none-eabi/lib/thumb/v7e-m\libc.a(lib_a-fini.o)
                0x004021d8                __libc_fini_array
 .text.__retarget_lock_acquire_recursive
                0x0040220c        0x4 c:/program files (x86)/atmel/studio/7.0/toolchain/arm/arm-gnu-toolchain/bin/../lib/gcc/arm-none-eabi/6.3.1/../../../../arm-none-eabi/lib/thumb/v7e-m\libc.a(lib_a-lock.o)
                0x0040220c                __retarget_lock_acquire_recursive
 .text.__retarget_lock_release_recursive
                0x00402210        0x4 c:/program files (x86)/atmel/studio/7.0/toolchain/arm/arm-gnu-toolchain/bin/../lib/gcc/arm-none-eabi/6.3.1/../../../../arm-none-eabi/lib/thumb/v7e-m\libc.a(lib_a-lock.o)
                0x00402210                __retarget_lock_release_recursive
 .text.__register_exitproc
                0x00402214       0xc4 c:/program files (x86)/atmel/studio/7.0/toolchain/arm/arm-gnu-toolchain/bin/../lib/gcc/arm-none-eabi/6.3.1/../../../../arm-none-eabi/lib/thumb/v7e-m\libc.a(lib_a-__atexit.o)
                0x00402214                __register_exitproc
 *(.glue_7t)
 .glue_7t       0x004022d8        0x0 linker stubs
 *(.glue_7)
 .glue_7        0x004022d8        0x0 linker stubs
 *(.rodata .rodata* .gnu.linkonce.r.*)
 .rodata.mmc_trans_multipliers
                0x004022d8       0x40 src/ASF/common/components/memory/sd_mmc/sd_mmc.o
                0x004022d8                mmc_trans_multipliers
 .rodata.sd_mmc_trans_units
                0x00402318       0x1c src/ASF/common/components/memory/sd_mmc/sd_mmc.o
                0x00402318                sd_mmc_trans_units
 .rodata.sd_trans_multipliers
                0x00402334       0x40 src/ASF/common/components/memory/sd_mmc/sd_mmc.o
                0x00402334                sd_trans_multipliers
 .rodata        0x00402374       0x2c src/ASF/sam/drivers/pwm/pwm.o
 .rodata.CSWTCH.6
                0x004023a0        0x6 src/ASF/sam/drivers/pmc/pmc.o
 *fill*         0x004023a6        0x2 
 .rodata._global_impure_ptr
                0x004023a8        0x4 c:/program files (x86)/atmel/studio/7.0/toolchain/arm/arm-gnu-toolchain/bin/../lib/gcc/arm-none-eabi/6.3.1/../../../../arm-none-eabi/lib/thumb/v7e-m\libc.a(lib_a-impure.o)
                0x004023a8                _global_impure_ptr
 *(.ARM.extab* .gnu.linkonce.armextab.*)
                0x004023ac                . = ALIGN (0x4)
 *(.init)
 .init          0x004023ac        0x4 c:/program files (x86)/atmel/studio/7.0/toolchain/arm/arm-gnu-toolchain/bin/../lib/gcc/arm-none-eabi/6.3.1/thumb/v7e-m/crti.o
                0x004023ac                _init
 .init          0x004023b0        0x8 c:/program files (x86)/atmel/studio/7.0/toolchain/arm/arm-gnu-toolchain/bin/../lib/gcc/arm-none-eabi/6.3.1/thumb/v7e-m/crtn.o
                0x004023b8                . = ALIGN (0x4)
                0x004023b8                __preinit_array_start = .
 *(.preinit_array)
                0x004023b8                __preinit_array_end = .
                0x004023b8                . = ALIGN (0x4)
                0x004023b8                __init_array_start = .
 *(SORT(.init_array.*))
 .init_array.00000
                0x004023b8        0x4 c:/program files (x86)/atmel/studio/7.0/toolchain/arm/arm-gnu-toolchain/bin/../lib/gcc/arm-none-eabi/6.3.1/../../../../arm-none-eabi/lib/thumb/v7e-m\libc.a(lib_a-__call_atexit.o)
 *(.init_array)
 .init_array    0x004023bc        0x4 c:/program files (x86)/atmel/studio/7.0/toolchain/arm/arm-gnu-toolchain/bin/../lib/gcc/arm-none-eabi/6.3.1/thumb/v7e-m/crtbegin.o
                0x004023c0                __init_array_end = .
                0x004023c0                . = ALIGN (0x4)
 *crtbegin.o(.ctors)
 *(EXCLUDE_FILE(*crtend.o) .ctors)
 *(SORT(.ctors.*))
 *crtend.o(.ctors)
                0x004023c0                . = ALIGN (0x4)
 *(.fini)
 .fini          0x004023c0        0x4 c:/program files (x86)/atmel/studio/7.0/toolchain/arm/arm-gnu-toolchain/bin/../lib/gcc/arm-none-eabi/6.3.1/thumb/v7e-m/crti.o
                0x004023c0                _fini
 .fini          0x004023c4        0x8 c:/program files (x86)/atmel/studio/7.0/toolchain/arm/arm-gnu-toolchain/bin/../lib/gcc/arm-none-eabi/6.3.1/thumb/v7e-m/crtn.o
                0x004023cc                . = ALIGN (0x4)
                0x004023cc                __fini_array_start = .
 *(.fini_array)
 .fini_array    0x004023cc        0x4 c:/program files (x86)/atmel/studio/7.0/toolchain/arm/arm-gnu-toolchain/bin/../lib/gcc/arm-none-eabi/6.3.1/thumb/v7e-m/crtbegin.o
 *(SORT(.fini_array.*))
                0x004023d0                __fini_array_end = .
 *crtbegin.o(.dtors)
 *(EXCLUDE_FILE(*crtend.o) .dtors)
 *(SORT(.dtors.*))
 *crtend.o(.dtors)
                0x004023d0                . = ALIGN (0x4)
                0x004023d0                _efixed = .
                [!provide]                PROVIDE (__exidx_start, .)

.vfp11_veneer   0x004023d0        0x0
 .vfp11_veneer  0x004023d0        0x0 linker stubs

.v4_bx          0x004023d0        0x0
 .v4_bx         0x004023d0        0x0 linker stubs

.iplt           0x004023d0        0x0
 .iplt          0x004023d0        0x0 c:/program files (x86)/atmel/studio/7.0/toolchain/arm/arm-gnu-toolchain/bin/../lib/gcc/arm-none-eabi/6.3.1/thumb/v7e-m/crtbegin.o

.eh_frame       0x004023d0        0x0
 .eh_frame      0x004023d0        0x0 c:/program files (x86)/atmel/studio/7.0/toolchain/arm/arm-gnu-toolchain/bin/../lib/gcc/arm-none-eabi/6.3.1/thumb/v7e-m/crtbegin.o

.rel.dyn        0x004023d0        0x0
 .rel.iplt      0x004023d0        0x0 c:/program files (x86)/atmel/studio/7.0/toolchain/arm/arm-gnu-toolchain/bin/../lib/gcc/arm-none-eabi/6.3.1/thumb/v7e-m/crtbegin.o

.jcr            0x004023d0        0x0
 .jcr           0x004023d0        0x0 c:/program files (x86)/atmel/studio/7.0/toolchain/arm/arm-gnu-toolchain/bin/../lib/gcc/arm-none-eabi/6.3.1/thumb/v7e-m/crtbegin.o

.igot.plt       0x004023d0        0x0
 .igot.plt      0x004023d0        0x0 c:/program files (x86)/atmel/studio/7.0/toolchain/arm/arm-gnu-toolchain/bin/../lib/gcc/arm-none-eabi/6.3.1/thumb/v7e-m/crtbegin.o

.ARM.exidx
 *(.ARM.exidx* .gnu.linkonce.armexidx.*)
                [!provide]                PROVIDE (__exidx_end, .)
                0x004023d0                . = ALIGN (0x4)
                0x004023d0                _etext = .

.relocate       0x20400000      0x43c load address 0x004023d0
                0x20400000                . = ALIGN (0x4)
                0x20400000                _srelocate = .
 *(.ramfunc .ramfunc.*)
 *(.data .data.*)
 .data.g_interrupt_enabled
                0x20400000        0x1 src/ASF/common/utils/interrupt/interrupt_sam_nvic.o
                0x20400000                g_interrupt_enabled
 *fill*         0x20400001        0x3 
 .data.SystemCoreClock
                0x20400004        0x4 src/ASF/sam/utils/cmsis/same70/source/templates/system_same70.o
                0x20400004                SystemCoreClock
 .data.gain     0x20400008        0x4 src/main.o
                0x20400008                gain
 *fill*         0x2040000c        0x4 
 .data.impure_data
                0x20400010      0x428 c:/program files (x86)/atmel/studio/7.0/toolchain/arm/arm-gnu-toolchain/bin/../lib/gcc/arm-none-eabi/6.3.1/../../../../arm-none-eabi/lib/thumb/v7e-m\libc.a(lib_a-impure.o)
 .data.__atexit_recursive_mutex
                0x20400438        0x4 c:/program files (x86)/atmel/studio/7.0/toolchain/arm/arm-gnu-toolchain/bin/../lib/gcc/arm-none-eabi/6.3.1/../../../../arm-none-eabi/lib/thumb/v7e-m\libc.a(lib_a-__call_atexit.o)
                0x20400438                __atexit_recursive_mutex
                0x2040043c                . = ALIGN (0x4)
                0x2040043c                _erelocate = .

.bss            0x20400440    0x4b308 load address 0x00402810
                0x20400440                . = ALIGN (0x4)
                0x20400440                _sbss = .
                0x20400440                _szero = .
 *(.bss .bss.*)
 .bss           0x20400440       0x1c c:/program files (x86)/atmel/studio/7.0/toolchain/arm/arm-gnu-toolchain/bin/../lib/gcc/arm-none-eabi/6.3.1/thumb/v7e-m/crtbegin.o
 .bss.sd_mmc_card
                0x2040045c        0x4 src/ASF/common/components/memory/sd_mmc/sd_mmc.o
 .bss.sd_mmc_cards
                0x20400460       0x20 src/ASF/common/components/memory/sd_mmc/sd_mmc.o
 .bss.sd_mmc_nb_block_remaining
                0x20400480        0x2 src/ASF/common/components/memory/sd_mmc/sd_mmc.o
 .bss.sd_mmc_nb_block_to_tranfer
                0x20400482        0x2 src/ASF/common/components/memory/sd_mmc/sd_mmc.o
 .bss.sd_mmc_slot_sel
                0x20400484        0x1 src/ASF/common/components/memory/sd_mmc/sd_mmc.o
 *fill*         0x20400485        0x1 
 .bss.hsmci_block_size
                0x20400486        0x2 src/ASF/sam/drivers/hsmci/hsmci.o
 .bss.hsmci_nb_block
                0x20400488        0x2 src/ASF/sam/drivers/hsmci/hsmci.o
 *fill*         0x2040048a        0x2 
 .bss.hsmci_transfert_pos
                0x2040048c        0x4 src/ASF/sam/drivers/hsmci/hsmci.o
 .bss.g_ms_ticks
                0x20400490        0x4 src/time_tick_sam.o
                0x20400490                g_ms_ticks
 .bss.captureEnabled
                0x20400494        0x1 src/main.o
                0x20400494                captureEnabled
 *fill*         0x20400495        0x3 
 .bss.frameNumber
                0x20400498        0x4 src/main.o
                0x20400498                frameNumber
 *fill*         0x2040049c        0x4 
 .bss.imageBuffer0
                0x204004a0    0x19000 src/main.o
 .bss.imageBuffer1
                0x204194a0    0x19000 src/main.o
 .bss.imageBuffer2
                0x204324a0    0x19000 src/main.o
 .bss.ledValue  0x2044b4a0        0x4 src/main.o
                0x2044b4a0                ledValue
 .bss.lineCount
                0x2044b4a4        0x4 src/main.o
                0x2044b4a4                lineCount
 .bss.numFramesToRecord
                0x2044b4a8        0x4 src/main.o
                0x2044b4a8                numFramesToRecord
 .bss.overflowCount
                0x2044b4ac        0x4 src/main.o
                0x2044b4ac                overflowCount
 .bss.pcISR     0x2044b4b0        0x4 src/main.o
                0x2044b4b0                pcISR
 .bss.sdImageWriteFrameNum
                0x2044b4b4        0x4 src/main.o
                0x2044b4b4                sdImageWriteFrameNum
 .bss.startRecording
                0x2044b4b8        0x1 src/main.o
                0x2044b4b8                startRecording
 *fill*         0x2044b4b9        0x3 
 .bss.testPoint
                0x2044b4bc        0x4 src/main.o
                0x2044b4bc                testPoint
 .bss.xferDMAComplete
                0x2044b4c0        0x4 src/main.o
                0x2044b4c0                xferDMAComplete
 *(COMMON)
 COMMON         0x2044b4c4      0x260 src/main.o
                0x2044b4c4                g_pwm_channel_led
                0x2044b500                packetCMOS
                0x2044b514                nbErrors
                0x2044b518                tick_start
                0x2044b51c                test
                0x2044b71c                i2cbuf
                0x2044b720                time_ms
 COMMON         0x2044b724       0x21 c:/program files (x86)/atmel/studio/7.0/toolchain/arm/arm-gnu-toolchain/bin/../lib/gcc/arm-none-eabi/6.3.1/../../../../arm-none-eabi/lib/thumb/v7e-m\libc.a(lib_a-lock.o)
                0x2044b724                __lock___atexit_recursive_mutex
                0x2044b728                __lock___arc4random_mutex
                0x2044b72c                __lock___env_recursive_mutex
                0x2044b730                __lock___sinit_recursive_mutex
                0x2044b734                __lock___malloc_recursive_mutex
                0x2044b738                __lock___at_quick_exit_mutex
                0x2044b73c                __lock___dd_hash_mutex
                0x2044b740                __lock___tz_mutex
                0x2044b744                __lock___sfp_recursive_mutex
                0x2044b748                . = ALIGN (0x4)
 *fill*         0x2044b745        0x3 
                0x2044b748                _ebss = .
                0x2044b748                _ezero = .

.stack          0x2044b748     0x2000 load address 0x0044db18
                0x2044b748                . = ALIGN (0x8)
                0x2044b748                _sstack = .
                0x2044d748                . = (. + STACK_SIZE)
 *fill*         0x2044b748     0x2000 
                0x2044d748                . = ALIGN (0x8)
                0x2044d748                _estack = .

.heap           0x2044d748      0x200 load address 0x0044fb18
                0x2044d748                . = ALIGN (0x8)
                0x2044d748                _sheap = .
                0x2044d948                . = (. + HEAP_SIZE)
 *fill*         0x2044d748      0x200 
                0x2044d948                . = ALIGN (0x8)
                0x2044d948                _eheap = .
                0x2044d948                . = ALIGN (0x4)
                0x2044d948                _end = .
                0x2045ffff                _ram_end_ = ((ORIGIN (ram) + LENGTH (ram)) - 0x1)
OUTPUT(MiniscopeUntethered.elf elf32-littlearm)

.ARM.attributes
                0x00000000       0x2e
 .ARM.attributes
                0x00000000       0x1e c:/program files (x86)/atmel/studio/7.0/toolchain/arm/arm-gnu-toolchain/bin/../lib/gcc/arm-none-eabi/6.3.1/thumb/v7e-m/crti.o
 .ARM.attributes
                0x0000001e       0x2e c:/program files (x86)/atmel/studio/7.0/toolchain/arm/arm-gnu-toolchain/bin/../lib/gcc/arm-none-eabi/6.3.1/thumb/v7e-m/crtbegin.o
 .ARM.attributes
                0x0000004c       0x37 src/ASF/common/components/memory/sd_mmc/sd_mmc.o
 .ARM.attributes
                0x00000083       0x37 src/ASF/sam/drivers/hsmci/hsmci.o
 .ARM.attributes
                0x000000ba       0x37 src/ASF/sam/drivers/matrix/matrix.o
 .ARM.attributes
                0x000000f1       0x37 src/ASF/sam/drivers/pwm/pwm.o
 .ARM.attributes
                0x00000128       0x37 src/time_tick_sam.o
 .ARM.attributes
                0x0000015f       0x37 src/ASF/common/services/clock/same70/sysclk.o
 .ARM.attributes
                0x00000196       0x37 src/ASF/sam/drivers/pmc/pmc.o
 .ARM.attributes
                0x000001cd       0x37 src/ASF/sam/drivers/twihs/twihs.o
 .ARM.attributes
                0x00000204       0x37 src/ASF/sam/drivers/xdmac/xdmac.o
 .ARM.attributes
                0x0000023b       0x37 src/ASF/common/boards/user_board/init.o
 .ARM.attributes
                0x00000272       0x37 src/ASF/common/utils/interrupt/interrupt_sam_nvic.o
 .ARM.attributes
                0x000002a9       0x37 src/ASF/sam/utils/cmsis/same70/source/templates/gcc/startup_same70.o
 .ARM.attributes
                0x000002e0       0x37 src/ASF/sam/utils/cmsis/same70/source/templates/system_same70.o
 .ARM.attributes
                0x00000317       0x37 src/main.o
 .ARM.attributes
                0x0000034e       0x2e c:/program files (x86)/atmel/studio/7.0/toolchain/arm/arm-gnu-toolchain/bin/../lib/gcc/arm-none-eabi/6.3.1/../../../../arm-none-eabi/lib/thumb/v7e-m\libc.a(lib_a-impure.o)
 .ARM.attributes
                0x0000037c       0x2e c:/program files (x86)/atmel/studio/7.0/toolchain/arm/arm-gnu-toolchain/bin/../lib/gcc/arm-none-eabi/6.3.1/../../../../arm-none-eabi/lib/thumb/v7e-m\libc.a(lib_a-init.o)
 .ARM.attributes
                0x000003aa       0x2e c:/program files (x86)/atmel/studio/7.0/toolchain/arm/arm-gnu-toolchain/bin/../lib/gcc/arm-none-eabi/6.3.1/../../../../arm-none-eabi/lib/thumb/v7e-m\libc.a(lib_a-memset.o)
 .ARM.attributes
                0x000003d8       0x2e c:/program files (x86)/atmel/studio/7.0/toolchain/arm/arm-gnu-toolchain/bin/../lib/gcc/arm-none-eabi/6.3.1/../../../../arm-none-eabi/lib/thumb/v7e-m\libc.a(lib_a-__call_atexit.o)
 .ARM.attributes
                0x00000406       0x2e c:/program files (x86)/atmel/studio/7.0/toolchain/arm/arm-gnu-toolchain/bin/../lib/gcc/arm-none-eabi/6.3.1/../../../../arm-none-eabi/lib/thumb/v7e-m\libc.a(lib_a-atexit.o)
 .ARM.attributes
                0x00000434       0x2e c:/program files (x86)/atmel/studio/7.0/toolchain/arm/arm-gnu-toolchain/bin/../lib/gcc/arm-none-eabi/6.3.1/../../../../arm-none-eabi/lib/thumb/v7e-m\libc.a(lib_a-fini.o)
 .ARM.attributes
                0x00000462       0x2e c:/program files (x86)/atmel/studio/7.0/toolchain/arm/arm-gnu-toolchain/bin/../lib/gcc/arm-none-eabi/6.3.1/../../../../arm-none-eabi/lib/thumb/v7e-m\libc.a(lib_a-lock.o)
 .ARM.attributes
                0x00000490       0x2e c:/program files (x86)/atmel/studio/7.0/toolchain/arm/arm-gnu-toolchain/bin/../lib/gcc/arm-none-eabi/6.3.1/../../../../arm-none-eabi/lib/thumb/v7e-m\libc.a(lib_a-__atexit.o)
 .ARM.attributes
                0x000004be       0x1e c:/program files (x86)/atmel/studio/7.0/toolchain/arm/arm-gnu-toolchain/bin/../lib/gcc/arm-none-eabi/6.3.1/thumb/v7e-m/crtn.o

.comment        0x00000000       0x59
 .comment       0x00000000       0x59 src/ASF/common/components/memory/sd_mmc/sd_mmc.o
                                 0x5a (size before relaxing)
 .comment       0x00000059       0x5a src/ASF/sam/drivers/hsmci/hsmci.o
 .comment       0x00000059       0x5a src/ASF/sam/drivers/matrix/matrix.o
 .comment       0x00000059       0x5a src/ASF/sam/drivers/pwm/pwm.o
 .comment       0x00000059       0x5a src/time_tick_sam.o
 .comment       0x00000059       0x5a src/ASF/common/services/clock/same70/sysclk.o
 .comment       0x00000059       0x5a src/ASF/sam/drivers/pmc/pmc.o
 .comment       0x00000059       0x5a src/ASF/sam/drivers/twihs/twihs.o
 .comment       0x00000059       0x5a src/ASF/sam/drivers/xdmac/xdmac.o
 .comment       0x00000059       0x5a src/ASF/common/boards/user_board/init.o
 .comment       0x00000059       0x5a src/ASF/common/utils/interrupt/interrupt_sam_nvic.o
 .comment       0x00000059       0x5a src/ASF/sam/utils/cmsis/same70/source/templates/gcc/startup_same70.o
 .comment       0x00000059       0x5a src/ASF/sam/utils/cmsis/same70/source/templates/system_same70.o
 .comment       0x00000059       0x5a src/main.o

.debug_frame    0x00000000      0x1f4
 .debug_frame   0x00000000       0x2c c:/program files (x86)/atmel/studio/7.0/toolchain/arm/arm-gnu-toolchain/bin/../lib/gcc/arm-none-eabi/6.3.1/../../../../arm-none-eabi/lib/thumb/v7e-m\libc.a(lib_a-init.o)
 .debug_frame   0x0000002c       0x34 c:/program files (x86)/atmel/studio/7.0/toolchain/arm/arm-gnu-toolchain/bin/../lib/gcc/arm-none-eabi/6.3.1/../../../../arm-none-eabi/lib/thumb/v7e-m\libc.a(lib_a-memset.o)
 .debug_frame   0x00000060       0x5c c:/program files (x86)/atmel/studio/7.0/toolchain/arm/arm-gnu-toolchain/bin/../lib/gcc/arm-none-eabi/6.3.1/../../../../arm-none-eabi/lib/thumb/v7e-m\libc.a(lib_a-__call_atexit.o)
 .debug_frame   0x000000bc       0x20 c:/program files (x86)/atmel/studio/7.0/toolchain/arm/arm-gnu-toolchain/bin/../lib/gcc/arm-none-eabi/6.3.1/../../../../arm-none-eabi/lib/thumb/v7e-m\libc.a(lib_a-atexit.o)
 .debug_frame   0x000000dc       0x34 c:/program files (x86)/atmel/studio/7.0/toolchain/arm/arm-gnu-toolchain/bin/../lib/gcc/arm-none-eabi/6.3.1/../../../../arm-none-eabi/lib/thumb/v7e-m\libc.a(lib_a-fini.o)
 .debug_frame   0x00000110       0xb0 c:/program files (x86)/atmel/studio/7.0/toolchain/arm/arm-gnu-toolchain/bin/../lib/gcc/arm-none-eabi/6.3.1/../../../../arm-none-eabi/lib/thumb/v7e-m\libc.a(lib_a-lock.o)
 .debug_frame   0x000001c0       0x34 c:/program files (x86)/atmel/studio/7.0/toolchain/arm/arm-gnu-toolchain/bin/../lib/gcc/arm-none-eabi/6.3.1/../../../../arm-none-eabi/lib/thumb/v7e-m\libc.a(lib_a-__atexit.o)

Cross Reference Table

Symbol                                            File
ACC_Handler                                       src/ASF/sam/utils/cmsis/same70/source/templates/gcc/startup_same70.o
AES_Handler                                       src/ASF/sam/utils/cmsis/same70/source/templates/gcc/startup_same70.o
AFEC0_Handler                                     src/ASF/sam/utils/cmsis/same70/source/templates/gcc/startup_same70.o
AFEC1_Handler                                     src/ASF/sam/utils/cmsis/same70/source/templates/gcc/startup_same70.o
BusFault_Handler                                  src/ASF/sam/utils/cmsis/same70/source/templates/gcc/startup_same70.o
DACC_Handler                                      src/ASF/sam/utils/cmsis/same70/source/templates/gcc/startup_same70.o
DACC_init                                         src/main.o
DACC_updateOutput                                 src/main.o
DebugMon_Handler                                  src/ASF/sam/utils/cmsis/same70/source/templates/gcc/startup_same70.o
Dummy_Handler                                     src/ASF/sam/utils/cmsis/same70/source/templates/gcc/startup_same70.o
EFC_Handler                                       src/ASF/sam/utils/cmsis/same70/source/templates/gcc/startup_same70.o
GMAC_Handler                                      src/ASF/sam/utils/cmsis/same70/source/templates/gcc/startup_same70.o
HSMCI_Handler                                     src/ASF/sam/utils/cmsis/same70/source/templates/gcc/startup_same70.o
HardFault_Handler                                 src/ASF/sam/utils/cmsis/same70/source/templates/gcc/startup_same70.o
ICM_Handler                                       src/ASF/sam/utils/cmsis/same70/source/templates/gcc/startup_same70.o
ISI_Handler                                       src/ASF/sam/utils/cmsis/same70/source/templates/gcc/startup_same70.o
MCAN0_Handler                                     src/ASF/sam/utils/cmsis/same70/source/templates/gcc/startup_same70.o
MCAN1_Handler                                     src/ASF/sam/utils/cmsis/same70/source/templates/gcc/startup_same70.o
MemManage_Handler                                 src/ASF/sam/utils/cmsis/same70/source/templates/gcc/startup_same70.o
NMI_Handler                                       src/ASF/sam/utils/cmsis/same70/source/templates/gcc/startup_same70.o
PIOA_Handler                                      src/main.o
                                                  src/ASF/sam/utils/cmsis/same70/source/templates/gcc/startup_same70.o
PIOB_Handler                                      src/ASF/sam/utils/cmsis/same70/source/templates/gcc/startup_same70.o
PIOD_Handler                                      src/ASF/sam/utils/cmsis/same70/source/templates/gcc/startup_same70.o
PMC_Handler                                       src/ASF/sam/utils/cmsis/same70/source/templates/gcc/startup_same70.o
PWM0_Handler                                      src/ASF/sam/utils/cmsis/same70/source/templates/gcc/startup_same70.o
PWM1_Handler                                      src/ASF/sam/utils/cmsis/same70/source/templates/gcc/startup_same70.o
PWM_Init                                          src/main.o
PendSV_Handler                                    src/ASF/sam/utils/cmsis/same70/source/templates/gcc/startup_same70.o
QSPI_Handler                                      src/ASF/sam/utils/cmsis/same70/source/templates/gcc/startup_same70.o
RSTC_Handler                                      src/ASF/sam/utils/cmsis/same70/source/templates/gcc/startup_same70.o
RSWDT_Handler                                     src/ASF/sam/utils/cmsis/same70/source/templates/gcc/startup_same70.o
RTC_Handler                                       src/ASF/sam/utils/cmsis/same70/source/templates/gcc/startup_same70.o
RTT_Handler                                       src/ASF/sam/utils/cmsis/same70/source/templates/gcc/startup_same70.o
Reset_Handler                                     src/ASF/sam/utils/cmsis/same70/source/templates/gcc/startup_same70.o
SDWriteNum                                        src/main.o
SPI0_Handler                                      src/ASF/sam/utils/cmsis/same70/source/templates/gcc/startup_same70.o
SPI1_Handler                                      src/ASF/sam/utils/cmsis/same70/source/templates/gcc/startup_same70.o
SPI_BitBag_init                                   src/main.o
SSC_Handler                                       src/ASF/sam/utils/cmsis/same70/source/templates/gcc/startup_same70.o
SUPC_Handler                                      src/ASF/sam/utils/cmsis/same70/source/templates/gcc/startup_same70.o
SVC_Handler                                       src/ASF/sam/utils/cmsis/same70/source/templates/gcc/startup_same70.o
SysTick_Handler                                   src/time_tick_sam.o
SystemCoreClock                                   src/ASF/sam/utils/cmsis/same70/source/templates/system_same70.o
SystemCoreClockUpdate                             src/ASF/sam/utils/cmsis/same70/source/templates/system_same70.o
                                                  src/ASF/common/services/clock/same70/sysclk.o
SystemInit                                        src/ASF/sam/utils/cmsis/same70/source/templates/system_same70.o
TC0_Handler                                       src/ASF/sam/utils/cmsis/same70/source/templates/gcc/startup_same70.o
TC10_Handler                                      src/ASF/sam/utils/cmsis/same70/source/templates/gcc/startup_same70.o
TC11_Handler                                      src/ASF/sam/utils/cmsis/same70/source/templates/gcc/startup_same70.o
TC1_Handler                                       src/ASF/sam/utils/cmsis/same70/source/templates/gcc/startup_same70.o
TC2_Handler                                       src/ASF/sam/utils/cmsis/same70/source/templates/gcc/startup_same70.o
TC9_Handler                                       src/ASF/sam/utils/cmsis/same70/source/templates/gcc/startup_same70.o
TRNG_Handler                                      src/ASF/sam/utils/cmsis/same70/source/templates/gcc/startup_same70.o
TWIHS0_Handler                                    src/ASF/sam/utils/cmsis/same70/source/templates/gcc/startup_same70.o
TWIHS1_Handler                                    src/ASF/sam/utils/cmsis/same70/source/templates/gcc/startup_same70.o
TWIHS2_Handler                                    src/ASF/sam/utils/cmsis/same70/source/templates/gcc/startup_same70.o
TWIHS_init                                        src/main.o
UART0_Handler                                     src/ASF/sam/utils/cmsis/same70/source/templates/gcc/startup_same70.o
UART1_Handler                                     src/ASF/sam/utils/cmsis/same70/source/templates/gcc/startup_same70.o
UART2_Handler                                     src/ASF/sam/utils/cmsis/same70/source/templates/gcc/startup_same70.o
UART3_Handler                                     src/ASF/sam/utils/cmsis/same70/source/templates/gcc/startup_same70.o
UART4_Handler                                     src/ASF/sam/utils/cmsis/same70/source/templates/gcc/startup_same70.o
USART0_Handler                                    src/ASF/sam/utils/cmsis/same70/source/templates/gcc/startup_same70.o
USART1_Handler                                    src/ASF/sam/utils/cmsis/same70/source/templates/gcc/startup_same70.o
USART2_Handler                                    src/ASF/sam/utils/cmsis/same70/source/templates/gcc/startup_same70.o
USBHS_Handler                                     src/ASF/sam/utils/cmsis/same70/source/templates/gcc/startup_same70.o
UsageFault_Handler                                src/ASF/sam/utils/cmsis/same70/source/templates/gcc/startup_same70.o
WDT_Handler                                       src/ASF/sam/utils/cmsis/same70/source/templates/gcc/startup_same70.o
XDMAC_Handler                                     src/main.o
                                                  src/ASF/sam/utils/cmsis/same70/source/templates/gcc/startup_same70.o
_Jv_RegisterClasses                               c:/program files (x86)/atmel/studio/7.0/toolchain/arm/arm-gnu-toolchain/bin/../lib/gcc/arm-none-eabi/6.3.1/thumb/v7e-m/crtbegin.o
_PathLocale                                       c:/program files (x86)/atmel/studio/7.0/toolchain/arm/arm-gnu-toolchain/bin/../lib/gcc/arm-none-eabi/6.3.1/../../../../arm-none-eabi/lib/thumb/v7e-m\libc.a(lib_a-locale.o)
__aeabi_idiv0                                     c:/program files (x86)/atmel/studio/7.0/toolchain/arm/arm-gnu-toolchain/bin/../lib/gcc/arm-none-eabi/6.3.1/thumb/v7e-m\libgcc.a(_dvmd_tls.o)
__aeabi_ldiv0                                     c:/program files (x86)/atmel/studio/7.0/toolchain/arm/arm-gnu-toolchain/bin/../lib/gcc/arm-none-eabi/6.3.1/thumb/v7e-m\libgcc.a(_dvmd_tls.o)
                                                  c:/program files (x86)/atmel/studio/7.0/toolchain/arm/arm-gnu-toolchain/bin/../lib/gcc/arm-none-eabi/6.3.1/thumb/v7e-m\libgcc.a(_aeabi_uldivmod.o)
__aeabi_uldivmod                                  c:/program files (x86)/atmel/studio/7.0/toolchain/arm/arm-gnu-toolchain/bin/../lib/gcc/arm-none-eabi/6.3.1/thumb/v7e-m\libgcc.a(_aeabi_uldivmod.o)
                                                  c:/program files (x86)/atmel/studio/7.0/toolchain/arm/arm-gnu-toolchain/bin/../lib/gcc/arm-none-eabi/6.3.1/../../../../arm-none-eabi/lib/thumb/v7e-m\libc.a(lib_a-vfiprintf.o)
__ascii_mbtowc                                    c:/program files (x86)/atmel/studio/7.0/toolchain/arm/arm-gnu-toolchain/bin/../lib/gcc/arm-none-eabi/6.3.1/../../../../arm-none-eabi/lib/thumb/v7e-m\libc.a(lib_a-mbtowc_r.o)
                                                  c:/program files (x86)/atmel/studio/7.0/toolchain/arm/arm-gnu-toolchain/bin/../lib/gcc/arm-none-eabi/6.3.1/../../../../arm-none-eabi/lib/thumb/v7e-m\libc.a(lib_a-locale.o)
__ascii_wctomb                                    c:/program files (x86)/atmel/studio/7.0/toolchain/arm/arm-gnu-toolchain/bin/../lib/gcc/arm-none-eabi/6.3.1/../../../../arm-none-eabi/lib/thumb/v7e-m\libc.a(lib_a-wctomb_r.o)
                                                  c:/program files (x86)/atmel/studio/7.0/toolchain/arm/arm-gnu-toolchain/bin/../lib/gcc/arm-none-eabi/6.3.1/../../../../arm-none-eabi/lib/thumb/v7e-m\libc.a(lib_a-locale.o)
__atexit_recursive_mutex                          c:/program files (x86)/atmel/studio/7.0/toolchain/arm/arm-gnu-toolchain/bin/../lib/gcc/arm-none-eabi/6.3.1/../../../../arm-none-eabi/lib/thumb/v7e-m\libc.a(lib_a-__call_atexit.o)
                                                  c:/program files (x86)/atmel/studio/7.0/toolchain/arm/arm-gnu-toolchain/bin/../lib/gcc/arm-none-eabi/6.3.1/../../../../arm-none-eabi/lib/thumb/v7e-m\libc.a(lib_a-__atexit.o)
__bss_end__                                       c:/program files (x86)/atmel/studio/7.0/toolchain/arm/arm-gnu-toolchain/bin/../lib/gcc/arm-none-eabi/6.3.1/../../../../arm-none-eabi/lib/thumb/v7e-m/crt0.o
__bss_start__                                     c:/program files (x86)/atmel/studio/7.0/toolchain/arm/arm-gnu-toolchain/bin/../lib/gcc/arm-none-eabi/6.3.1/../../../../arm-none-eabi/lib/thumb/v7e-m/crt0.o
__call_exitprocs                                  c:/program files (x86)/atmel/studio/7.0/toolchain/arm/arm-gnu-toolchain/bin/../lib/gcc/arm-none-eabi/6.3.1/../../../../arm-none-eabi/lib/thumb/v7e-m\libc.a(lib_a-__call_atexit.o)
                                                  c:/program files (x86)/atmel/studio/7.0/toolchain/arm/arm-gnu-toolchain/bin/../lib/gcc/arm-none-eabi/6.3.1/../../../../arm-none-eabi/lib/thumb/v7e-m\libc.a(lib_a-exit.o)
__deregister_frame_info                           c:/program files (x86)/atmel/studio/7.0/toolchain/arm/arm-gnu-toolchain/bin/../lib/gcc/arm-none-eabi/6.3.1/thumb/v7e-m/crtbegin.o
__dso_handle                                      c:/program files (x86)/atmel/studio/7.0/toolchain/arm/arm-gnu-toolchain/bin/../lib/gcc/arm-none-eabi/6.3.1/thumb/v7e-m/crtbegin.o
__fini_array_end                                  c:/program files (x86)/atmel/studio/7.0/toolchain/arm/arm-gnu-toolchain/bin/../lib/gcc/arm-none-eabi/6.3.1/../../../../arm-none-eabi/lib/thumb/v7e-m\libc.a(lib_a-fini.o)
__fini_array_start                                c:/program files (x86)/atmel/studio/7.0/toolchain/arm/arm-gnu-toolchain/bin/../lib/gcc/arm-none-eabi/6.3.1/../../../../arm-none-eabi/lib/thumb/v7e-m\libc.a(lib_a-fini.o)
__fp_lock_all                                     c:/program files (x86)/atmel/studio/7.0/toolchain/arm/arm-gnu-toolchain/bin/../lib/gcc/arm-none-eabi/6.3.1/../../../../arm-none-eabi/lib/thumb/v7e-m\libc.a(lib_a-findfp.o)
__fp_unlock_all                                   c:/program files (x86)/atmel/studio/7.0/toolchain/arm/arm-gnu-toolchain/bin/../lib/gcc/arm-none-eabi/6.3.1/../../../../arm-none-eabi/lib/thumb/v7e-m\libc.a(lib_a-findfp.o)
__fputwc                                          c:/program files (x86)/atmel/studio/7.0/toolchain/arm/arm-gnu-toolchain/bin/../lib/gcc/arm-none-eabi/6.3.1/../../../../arm-none-eabi/lib/thumb/v7e-m\libc.a(lib_a-fputwc.o)
__global_locale                                   c:/program files (x86)/atmel/studio/7.0/toolchain/arm/arm-gnu-toolchain/bin/../lib/gcc/arm-none-eabi/6.3.1/../../../../arm-none-eabi/lib/thumb/v7e-m\libc.a(lib_a-locale.o)
                                                  c:/program files (x86)/atmel/studio/7.0/toolchain/arm/arm-gnu-toolchain/bin/../lib/gcc/arm-none-eabi/6.3.1/../../../../arm-none-eabi/lib/thumb/v7e-m\libc.a(lib_a-wctomb_r.o)
                                                  c:/program files (x86)/atmel/studio/7.0/toolchain/arm/arm-gnu-toolchain/bin/../lib/gcc/arm-none-eabi/6.3.1/../../../../arm-none-eabi/lib/thumb/v7e-m\libc.a(lib_a-wcrtomb.o)
                                                  c:/program files (x86)/atmel/studio/7.0/toolchain/arm/arm-gnu-toolchain/bin/../lib/gcc/arm-none-eabi/6.3.1/../../../../arm-none-eabi/lib/thumb/v7e-m\libc.a(lib_a-mbtowc_r.o)
__init_array_end                                  c:/program files (x86)/atmel/studio/7.0/toolchain/arm/arm-gnu-toolchain/bin/../lib/gcc/arm-none-eabi/6.3.1/../../../../arm-none-eabi/lib/thumb/v7e-m\libc.a(lib_a-init.o)
__init_array_start                                c:/program files (x86)/atmel/studio/7.0/toolchain/arm/arm-gnu-toolchain/bin/../lib/gcc/arm-none-eabi/6.3.1/../../../../arm-none-eabi/lib/thumb/v7e-m\libc.a(lib_a-init.o)
__libc_fini                                       c:/program files (x86)/atmel/studio/7.0/toolchain/arm/arm-gnu-toolchain/bin/../lib/gcc/arm-none-eabi/6.3.1/../../../../arm-none-eabi/lib/thumb/v7e-m\libc.a(lib_a-__call_atexit.o)
__libc_fini_array                                 c:/program files (x86)/atmel/studio/7.0/toolchain/arm/arm-gnu-toolchain/bin/../lib/gcc/arm-none-eabi/6.3.1/../../../../arm-none-eabi/lib/thumb/v7e-m\libc.a(lib_a-fini.o)
                                                  c:/program files (x86)/atmel/studio/7.0/toolchain/arm/arm-gnu-toolchain/bin/../lib/gcc/arm-none-eabi/6.3.1/../../../../arm-none-eabi/lib/thumb/v7e-m\libc.a(lib_a-__call_atexit.o)
                                                  c:/program files (x86)/atmel/studio/7.0/toolchain/arm/arm-gnu-toolchain/bin/../lib/gcc/arm-none-eabi/6.3.1/../../../../arm-none-eabi/lib/thumb/v7e-m/crt0.o
__libc_init_array                                 c:/program files (x86)/atmel/studio/7.0/toolchain/arm/arm-gnu-toolchain/bin/../lib/gcc/arm-none-eabi/6.3.1/../../../../arm-none-eabi/lib/thumb/v7e-m\libc.a(lib_a-init.o)
                                                  src/ASF/sam/utils/cmsis/same70/source/templates/gcc/startup_same70.o
                                                  c:/program files (x86)/atmel/studio/7.0/toolchain/arm/arm-gnu-toolchain/bin/../lib/gcc/arm-none-eabi/6.3.1/../../../../arm-none-eabi/lib/thumb/v7e-m/crt0.o
__locale_ctype_ptr                                c:/program files (x86)/atmel/studio/7.0/toolchain/arm/arm-gnu-toolchain/bin/../lib/gcc/arm-none-eabi/6.3.1/../../../../arm-none-eabi/lib/thumb/v7e-m\libc.a(lib_a-locale.o)
__locale_ctype_ptr_l                              c:/program files (x86)/atmel/studio/7.0/toolchain/arm/arm-gnu-toolchain/bin/../lib/gcc/arm-none-eabi/6.3.1/../../../../arm-none-eabi/lib/thumb/v7e-m\libc.a(lib_a-locale.o)
__locale_mb_cur_max                               c:/program files (x86)/atmel/studio/7.0/toolchain/arm/arm-gnu-toolchain/bin/../lib/gcc/arm-none-eabi/6.3.1/../../../../arm-none-eabi/lib/thumb/v7e-m\libc.a(lib_a-locale.o)
                                                  c:/program files (x86)/atmel/studio/7.0/toolchain/arm/arm-gnu-toolchain/bin/../lib/gcc/arm-none-eabi/6.3.1/../../../../arm-none-eabi/lib/thumb/v7e-m\libc.a(lib_a-fputwc.o)
__lock___arc4random_mutex                         c:/program files (x86)/atmel/studio/7.0/toolchain/arm/arm-gnu-toolchain/bin/../lib/gcc/arm-none-eabi/6.3.1/../../../../arm-none-eabi/lib/thumb/v7e-m\libc.a(lib_a-lock.o)
__lock___at_quick_exit_mutex                      c:/program files (x86)/atmel/studio/7.0/toolchain/arm/arm-gnu-toolchain/bin/../lib/gcc/arm-none-eabi/6.3.1/../../../../arm-none-eabi/lib/thumb/v7e-m\libc.a(lib_a-lock.o)
__lock___atexit_recursive_mutex                   c:/program files (x86)/atmel/studio/7.0/toolchain/arm/arm-gnu-toolchain/bin/../lib/gcc/arm-none-eabi/6.3.1/../../../../arm-none-eabi/lib/thumb/v7e-m\libc.a(lib_a-lock.o)
                                                  c:/program files (x86)/atmel/studio/7.0/toolchain/arm/arm-gnu-toolchain/bin/../lib/gcc/arm-none-eabi/6.3.1/../../../../arm-none-eabi/lib/thumb/v7e-m\libc.a(lib_a-__call_atexit.o)
__lock___dd_hash_mutex                            c:/program files (x86)/atmel/studio/7.0/toolchain/arm/arm-gnu-toolchain/bin/../lib/gcc/arm-none-eabi/6.3.1/../../../../arm-none-eabi/lib/thumb/v7e-m\libc.a(lib_a-lock.o)
__lock___env_recursive_mutex                      c:/program files (x86)/atmel/studio/7.0/toolchain/arm/arm-gnu-toolchain/bin/../lib/gcc/arm-none-eabi/6.3.1/../../../../arm-none-eabi/lib/thumb/v7e-m\libc.a(lib_a-lock.o)
__lock___malloc_recursive_mutex                   c:/program files (x86)/atmel/studio/7.0/toolchain/arm/arm-gnu-toolchain/bin/../lib/gcc/arm-none-eabi/6.3.1/../../../../arm-none-eabi/lib/thumb/v7e-m\libc.a(lib_a-lock.o)
                                                  c:/program files (x86)/atmel/studio/7.0/toolchain/arm/arm-gnu-toolchain/bin/../lib/gcc/arm-none-eabi/6.3.1/../../../../arm-none-eabi/lib/thumb/v7e-m\libc.a(lib_a-mlock.o)
__lock___sfp_recursive_mutex                      c:/program files (x86)/atmel/studio/7.0/toolchain/arm/arm-gnu-toolchain/bin/../lib/gcc/arm-none-eabi/6.3.1/../../../../arm-none-eabi/lib/thumb/v7e-m\libc.a(lib_a-lock.o)
                                                  c:/program files (x86)/atmel/studio/7.0/toolchain/arm/arm-gnu-toolchain/bin/../lib/gcc/arm-none-eabi/6.3.1/../../../../arm-none-eabi/lib/thumb/v7e-m\libc.a(lib_a-findfp.o)
__lock___sinit_recursive_mutex                    c:/program files (x86)/atmel/studio/7.0/toolchain/arm/arm-gnu-toolchain/bin/../lib/gcc/arm-none-eabi/6.3.1/../../../../arm-none-eabi/lib/thumb/v7e-m\libc.a(lib_a-lock.o)
                                                  c:/program files (x86)/atmel/studio/7.0/toolchain/arm/arm-gnu-toolchain/bin/../lib/gcc/arm-none-eabi/6.3.1/../../../../arm-none-eabi/lib/thumb/v7e-m\libc.a(lib_a-findfp.o)
__lock___tz_mutex                                 c:/program files (x86)/atmel/studio/7.0/toolchain/arm/arm-gnu-toolchain/bin/../lib/gcc/arm-none-eabi/6.3.1/../../../../arm-none-eabi/lib/thumb/v7e-m\libc.a(lib_a-lock.o)
__malloc_av_                                      c:/program files (x86)/atmel/studio/7.0/toolchain/arm/arm-gnu-toolchain/bin/../lib/gcc/arm-none-eabi/6.3.1/../../../../arm-none-eabi/lib/thumb/v7e-m\libc.a(lib_a-mallocr.o)
                                                  c:/program files (x86)/atmel/studio/7.0/toolchain/arm/arm-gnu-toolchain/bin/../lib/gcc/arm-none-eabi/6.3.1/../../../../arm-none-eabi/lib/thumb/v7e-m\libc.a(lib_a-reallocr.o)
                                                  c:/program files (x86)/atmel/studio/7.0/toolchain/arm/arm-gnu-toolchain/bin/../lib/gcc/arm-none-eabi/6.3.1/../../../../arm-none-eabi/lib/thumb/v7e-m\libc.a(lib_a-freer.o)
__malloc_current_mallinfo                         c:/program files (x86)/atmel/studio/7.0/toolchain/arm/arm-gnu-toolchain/bin/../lib/gcc/arm-none-eabi/6.3.1/../../../../arm-none-eabi/lib/thumb/v7e-m\libc.a(lib_a-mallocr.o)
                                                  c:/program files (x86)/atmel/studio/7.0/toolchain/arm/arm-gnu-toolchain/bin/../lib/gcc/arm-none-eabi/6.3.1/../../../../arm-none-eabi/lib/thumb/v7e-m\libc.a(lib_a-freer.o)
__malloc_lock                                     c:/program files (x86)/atmel/studio/7.0/toolchain/arm/arm-gnu-toolchain/bin/../lib/gcc/arm-none-eabi/6.3.1/../../../../arm-none-eabi/lib/thumb/v7e-m\libc.a(lib_a-mlock.o)
                                                  c:/program files (x86)/atmel/studio/7.0/toolchain/arm/arm-gnu-toolchain/bin/../lib/gcc/arm-none-eabi/6.3.1/../../../../arm-none-eabi/lib/thumb/v7e-m\libc.a(lib_a-reallocr.o)
                                                  c:/program files (x86)/atmel/studio/7.0/toolchain/arm/arm-gnu-toolchain/bin/../lib/gcc/arm-none-eabi/6.3.1/../../../../arm-none-eabi/lib/thumb/v7e-m\libc.a(lib_a-mallocr.o)
                                                  c:/program files (x86)/atmel/studio/7.0/toolchain/arm/arm-gnu-toolchain/bin/../lib/gcc/arm-none-eabi/6.3.1/../../../../arm-none-eabi/lib/thumb/v7e-m\libc.a(lib_a-freer.o)
__malloc_max_sbrked_mem                           c:/program files (x86)/atmel/studio/7.0/toolchain/arm/arm-gnu-toolchain/bin/../lib/gcc/arm-none-eabi/6.3.1/../../../../arm-none-eabi/lib/thumb/v7e-m\libc.a(lib_a-mallocr.o)
__malloc_max_total_mem                            c:/program files (x86)/atmel/studio/7.0/toolchain/arm/arm-gnu-toolchain/bin/../lib/gcc/arm-none-eabi/6.3.1/../../../../arm-none-eabi/lib/thumb/v7e-m\libc.a(lib_a-mallocr.o)
__malloc_sbrk_base                                c:/program files (x86)/atmel/studio/7.0/toolchain/arm/arm-gnu-toolchain/bin/../lib/gcc/arm-none-eabi/6.3.1/../../../../arm-none-eabi/lib/thumb/v7e-m\libc.a(lib_a-mallocr.o)
                                                  c:/program files (x86)/atmel/studio/7.0/toolchain/arm/arm-gnu-toolchain/bin/../lib/gcc/arm-none-eabi/6.3.1/../../../../arm-none-eabi/lib/thumb/v7e-m\libc.a(lib_a-freer.o)
__malloc_top_pad                                  c:/program files (x86)/atmel/studio/7.0/toolchain/arm/arm-gnu-toolchain/bin/../lib/gcc/arm-none-eabi/6.3.1/../../../../arm-none-eabi/lib/thumb/v7e-m\libc.a(lib_a-mallocr.o)
                                                  c:/program files (x86)/atmel/studio/7.0/toolchain/arm/arm-gnu-toolchain/bin/../lib/gcc/arm-none-eabi/6.3.1/../../../../arm-none-eabi/lib/thumb/v7e-m\libc.a(lib_a-freer.o)
__malloc_trim_threshold                           c:/program files (x86)/atmel/studio/7.0/toolchain/arm/arm-gnu-toolchain/bin/../lib/gcc/arm-none-eabi/6.3.1/../../../../arm-none-eabi/lib/thumb/v7e-m\libc.a(lib_a-mallocr.o)
                                                  c:/program files (x86)/atmel/studio/7.0/toolchain/arm/arm-gnu-toolchain/bin/../lib/gcc/arm-none-eabi/6.3.1/../../../../arm-none-eabi/lib/thumb/v7e-m\libc.a(lib_a-freer.o)
__malloc_unlock                                   c:/program files (x86)/atmel/studio/7.0/toolchain/arm/arm-gnu-toolchain/bin/../lib/gcc/arm-none-eabi/6.3.1/../../../../arm-none-eabi/lib/thumb/v7e-m\libc.a(lib_a-mlock.o)
                                                  c:/program files (x86)/atmel/studio/7.0/toolchain/arm/arm-gnu-toolchain/bin/../lib/gcc/arm-none-eabi/6.3.1/../../../../arm-none-eabi/lib/thumb/v7e-m\libc.a(lib_a-reallocr.o)
                                                  c:/program files (x86)/atmel/studio/7.0/toolchain/arm/arm-gnu-toolchain/bin/../lib/gcc/arm-none-eabi/6.3.1/../../../../arm-none-eabi/lib/thumb/v7e-m\libc.a(lib_a-mallocr.o)
                                                  c:/program files (x86)/atmel/studio/7.0/toolchain/arm/arm-gnu-toolchain/bin/../lib/gcc/arm-none-eabi/6.3.1/../../../../arm-none-eabi/lib/thumb/v7e-m\libc.a(lib_a-freer.o)
__preinit_array_end                               c:/program files (x86)/atmel/studio/7.0/toolchain/arm/arm-gnu-toolchain/bin/../lib/gcc/arm-none-eabi/6.3.1/../../../../arm-none-eabi/lib/thumb/v7e-m\libc.a(lib_a-init.o)
__preinit_array_start                             c:/program files (x86)/atmel/studio/7.0/toolchain/arm/arm-gnu-toolchain/bin/../lib/gcc/arm-none-eabi/6.3.1/../../../../arm-none-eabi/lib/thumb/v7e-m\libc.a(lib_a-init.o)
__ram_end__                                       src/ASF/sam/utils/syscalls/gcc/syscalls.o
__register_exitproc                               c:/program files (x86)/atmel/studio/7.0/toolchain/arm/arm-gnu-toolchain/bin/../lib/gcc/arm-none-eabi/6.3.1/../../../../arm-none-eabi/lib/thumb/v7e-m\libc.a(lib_a-__atexit.o)
                                                  c:/program files (x86)/atmel/studio/7.0/toolchain/arm/arm-gnu-toolchain/bin/../lib/gcc/arm-none-eabi/6.3.1/../../../../arm-none-eabi/lib/thumb/v7e-m\libc.a(lib_a-atexit.o)
__register_frame_info                             c:/program files (x86)/atmel/studio/7.0/toolchain/arm/arm-gnu-toolchain/bin/../lib/gcc/arm-none-eabi/6.3.1/thumb/v7e-m/crtbegin.o
__retarget_lock_acquire                           c:/program files (x86)/atmel/studio/7.0/toolchain/arm/arm-gnu-toolchain/bin/../lib/gcc/arm-none-eabi/6.3.1/../../../../arm-none-eabi/lib/thumb/v7e-m\libc.a(lib_a-lock.o)
__retarget_lock_acquire_recursive                 c:/program files (x86)/atmel/studio/7.0/toolchain/arm/arm-gnu-toolchain/bin/../lib/gcc/arm-none-eabi/6.3.1/../../../../arm-none-eabi/lib/thumb/v7e-m\libc.a(lib_a-lock.o)
                                                  c:/program files (x86)/atmel/studio/7.0/toolchain/arm/arm-gnu-toolchain/bin/../lib/gcc/arm-none-eabi/6.3.1/../../../../arm-none-eabi/lib/thumb/v7e-m\libc.a(lib_a-fclose.o)
                                                  c:/program files (x86)/atmel/studio/7.0/toolchain/arm/arm-gnu-toolchain/bin/../lib/gcc/arm-none-eabi/6.3.1/../../../../arm-none-eabi/lib/thumb/v7e-m\libc.a(lib_a-__atexit.o)
                                                  c:/program files (x86)/atmel/studio/7.0/toolchain/arm/arm-gnu-toolchain/bin/../lib/gcc/arm-none-eabi/6.3.1/../../../../arm-none-eabi/lib/thumb/v7e-m\libc.a(lib_a-mlock.o)
                                                  c:/program files (x86)/atmel/studio/7.0/toolchain/arm/arm-gnu-toolchain/bin/../lib/gcc/arm-none-eabi/6.3.1/../../../../arm-none-eabi/lib/thumb/v7e-m\libc.a(lib_a-fputwc.o)
                                                  c:/program files (x86)/atmel/studio/7.0/toolchain/arm/arm-gnu-toolchain/bin/../lib/gcc/arm-none-eabi/6.3.1/../../../../arm-none-eabi/lib/thumb/v7e-m\libc.a(lib_a-findfp.o)
                                                  c:/program files (x86)/atmel/studio/7.0/toolchain/arm/arm-gnu-toolchain/bin/../lib/gcc/arm-none-eabi/6.3.1/../../../../arm-none-eabi/lib/thumb/v7e-m\libc.a(lib_a-fflush.o)
                                                  c:/program files (x86)/atmel/studio/7.0/toolchain/arm/arm-gnu-toolchain/bin/../lib/gcc/arm-none-eabi/6.3.1/../../../../arm-none-eabi/lib/thumb/v7e-m\libc.a(lib_a-__call_atexit.o)
                                                  c:/program files (x86)/atmel/studio/7.0/toolchain/arm/arm-gnu-toolchain/bin/../lib/gcc/arm-none-eabi/6.3.1/../../../../arm-none-eabi/lib/thumb/v7e-m\libc.a(lib_a-vfiprintf.o)
__retarget_lock_close                             c:/program files (x86)/atmel/studio/7.0/toolchain/arm/arm-gnu-toolchain/bin/../lib/gcc/arm-none-eabi/6.3.1/../../../../arm-none-eabi/lib/thumb/v7e-m\libc.a(lib_a-lock.o)
__retarget_lock_close_recursive                   c:/program files (x86)/atmel/studio/7.0/toolchain/arm/arm-gnu-toolchain/bin/../lib/gcc/arm-none-eabi/6.3.1/../../../../arm-none-eabi/lib/thumb/v7e-m\libc.a(lib_a-lock.o)
                                                  c:/program files (x86)/atmel/studio/7.0/toolchain/arm/arm-gnu-toolchain/bin/../lib/gcc/arm-none-eabi/6.3.1/../../../../arm-none-eabi/lib/thumb/v7e-m\libc.a(lib_a-fclose.o)
                                                  c:/program files (x86)/atmel/studio/7.0/toolchain/arm/arm-gnu-toolchain/bin/../lib/gcc/arm-none-eabi/6.3.1/../../../../arm-none-eabi/lib/thumb/v7e-m\libc.a(lib_a-vfiprintf.o)
__retarget_lock_init                              c:/program files (x86)/atmel/studio/7.0/toolchain/arm/arm-gnu-toolchain/bin/../lib/gcc/arm-none-eabi/6.3.1/../../../../arm-none-eabi/lib/thumb/v7e-m\libc.a(lib_a-lock.o)
__retarget_lock_init_recursive                    c:/program files (x86)/atmel/studio/7.0/toolchain/arm/arm-gnu-toolchain/bin/../lib/gcc/arm-none-eabi/6.3.1/../../../../arm-none-eabi/lib/thumb/v7e-m\libc.a(lib_a-lock.o)
                                                  c:/program files (x86)/atmel/studio/7.0/toolchain/arm/arm-gnu-toolchain/bin/../lib/gcc/arm-none-eabi/6.3.1/../../../../arm-none-eabi/lib/thumb/v7e-m\libc.a(lib_a-findfp.o)
                                                  c:/program files (x86)/atmel/studio/7.0/toolchain/arm/arm-gnu-toolchain/bin/../lib/gcc/arm-none-eabi/6.3.1/../../../../arm-none-eabi/lib/thumb/v7e-m\libc.a(lib_a-vfiprintf.o)
__retarget_lock_release                           c:/program files (x86)/atmel/studio/7.0/toolchain/arm/arm-gnu-toolchain/bin/../lib/gcc/arm-none-eabi/6.3.1/../../../../arm-none-eabi/lib/thumb/v7e-m\libc.a(lib_a-lock.o)
__retarget_lock_release_recursive                 c:/program files (x86)/atmel/studio/7.0/toolchain/arm/arm-gnu-toolchain/bin/../lib/gcc/arm-none-eabi/6.3.1/../../../../arm-none-eabi/lib/thumb/v7e-m\libc.a(lib_a-lock.o)
                                                  c:/program files (x86)/atmel/studio/7.0/toolchain/arm/arm-gnu-toolchain/bin/../lib/gcc/arm-none-eabi/6.3.1/../../../../arm-none-eabi/lib/thumb/v7e-m\libc.a(lib_a-fclose.o)
                                                  c:/program files (x86)/atmel/studio/7.0/toolchain/arm/arm-gnu-toolchain/bin/../lib/gcc/arm-none-eabi/6.3.1/../../../../arm-none-eabi/lib/thumb/v7e-m\libc.a(lib_a-__atexit.o)
                                                  c:/program files (x86)/atmel/studio/7.0/toolchain/arm/arm-gnu-toolchain/bin/../lib/gcc/arm-none-eabi/6.3.1/../../../../arm-none-eabi/lib/thumb/v7e-m\libc.a(lib_a-mlock.o)
                                                  c:/program files (x86)/atmel/studio/7.0/toolchain/arm/arm-gnu-toolchain/bin/../lib/gcc/arm-none-eabi/6.3.1/../../../../arm-none-eabi/lib/thumb/v7e-m\libc.a(lib_a-fputwc.o)
                                                  c:/program files (x86)/atmel/studio/7.0/toolchain/arm/arm-gnu-toolchain/bin/../lib/gcc/arm-none-eabi/6.3.1/../../../../arm-none-eabi/lib/thumb/v7e-m\libc.a(lib_a-findfp.o)
                                                  c:/program files (x86)/atmel/studio/7.0/toolchain/arm/arm-gnu-toolchain/bin/../lib/gcc/arm-none-eabi/6.3.1/../../../../arm-none-eabi/lib/thumb/v7e-m\libc.a(lib_a-fflush.o)
                                                  c:/program files (x86)/atmel/studio/7.0/toolchain/arm/arm-gnu-toolchain/bin/../lib/gcc/arm-none-eabi/6.3.1/../../../../arm-none-eabi/lib/thumb/v7e-m\libc.a(lib_a-__call_atexit.o)
                                                  c:/program files (x86)/atmel/studio/7.0/toolchain/arm/arm-gnu-toolchain/bin/../lib/gcc/arm-none-eabi/6.3.1/../../../../arm-none-eabi/lib/thumb/v7e-m\libc.a(lib_a-vfiprintf.o)
__retarget_lock_try_acquire                       c:/program files (x86)/atmel/studio/7.0/toolchain/arm/arm-gnu-toolchain/bin/../lib/gcc/arm-none-eabi/6.3.1/../../../../arm-none-eabi/lib/thumb/v7e-m\libc.a(lib_a-lock.o)
__retarget_lock_try_acquire_recursive             c:/program files (x86)/atmel/studio/7.0/toolchain/arm/arm-gnu-toolchain/bin/../lib/gcc/arm-none-eabi/6.3.1/../../../../arm-none-eabi/lib/thumb/v7e-m\libc.a(lib_a-lock.o)
__sclose                                          c:/program files (x86)/atmel/studio/7.0/toolchain/arm/arm-gnu-toolchain/bin/../lib/gcc/arm-none-eabi/6.3.1/../../../../arm-none-eabi/lib/thumb/v7e-m\libc.a(lib_a-stdio.o)
                                                  c:/program files (x86)/atmel/studio/7.0/toolchain/arm/arm-gnu-toolchain/bin/../lib/gcc/arm-none-eabi/6.3.1/../../../../arm-none-eabi/lib/thumb/v7e-m\libc.a(lib_a-findfp.o)
__seofread                                        c:/program files (x86)/atmel/studio/7.0/toolchain/arm/arm-gnu-toolchain/bin/../lib/gcc/arm-none-eabi/6.3.1/../../../../arm-none-eabi/lib/thumb/v7e-m\libc.a(lib_a-stdio.o)
__sflush_r                                        c:/program files (x86)/atmel/studio/7.0/toolchain/arm/arm-gnu-toolchain/bin/../lib/gcc/arm-none-eabi/6.3.1/../../../../arm-none-eabi/lib/thumb/v7e-m\libc.a(lib_a-fflush.o)
                                                  c:/program files (x86)/atmel/studio/7.0/toolchain/arm/arm-gnu-toolchain/bin/../lib/gcc/arm-none-eabi/6.3.1/../../../../arm-none-eabi/lib/thumb/v7e-m\libc.a(lib_a-fclose.o)
__sfmoreglue                                      c:/program files (x86)/atmel/studio/7.0/toolchain/arm/arm-gnu-toolchain/bin/../lib/gcc/arm-none-eabi/6.3.1/../../../../arm-none-eabi/lib/thumb/v7e-m\libc.a(lib_a-findfp.o)
__sfp                                             c:/program files (x86)/atmel/studio/7.0/toolchain/arm/arm-gnu-toolchain/bin/../lib/gcc/arm-none-eabi/6.3.1/../../../../arm-none-eabi/lib/thumb/v7e-m\libc.a(lib_a-findfp.o)
__sfp_lock_acquire                                c:/program files (x86)/atmel/studio/7.0/toolchain/arm/arm-gnu-toolchain/bin/../lib/gcc/arm-none-eabi/6.3.1/../../../../arm-none-eabi/lib/thumb/v7e-m\libc.a(lib_a-findfp.o)
                                                  c:/program files (x86)/atmel/studio/7.0/toolchain/arm/arm-gnu-toolchain/bin/../lib/gcc/arm-none-eabi/6.3.1/../../../../arm-none-eabi/lib/thumb/v7e-m\libc.a(lib_a-fclose.o)
__sfp_lock_release                                c:/program files (x86)/atmel/studio/7.0/toolchain/arm/arm-gnu-toolchain/bin/../lib/gcc/arm-none-eabi/6.3.1/../../../../arm-none-eabi/lib/thumb/v7e-m\libc.a(lib_a-findfp.o)
                                                  c:/program files (x86)/atmel/studio/7.0/toolchain/arm/arm-gnu-toolchain/bin/../lib/gcc/arm-none-eabi/6.3.1/../../../../arm-none-eabi/lib/thumb/v7e-m\libc.a(lib_a-fclose.o)
__sfvwrite_r                                      c:/program files (x86)/atmel/studio/7.0/toolchain/arm/arm-gnu-toolchain/bin/../lib/gcc/arm-none-eabi/6.3.1/../../../../arm-none-eabi/lib/thumb/v7e-m\libc.a(lib_a-fvwrite.o)
                                                  c:/program files (x86)/atmel/studio/7.0/toolchain/arm/arm-gnu-toolchain/bin/../lib/gcc/arm-none-eabi/6.3.1/../../../../arm-none-eabi/lib/thumb/v7e-m\libc.a(lib_a-vfiprintf.o)
__sinit                                           c:/program files (x86)/atmel/studio/7.0/toolchain/arm/arm-gnu-toolchain/bin/../lib/gcc/arm-none-eabi/6.3.1/../../../../arm-none-eabi/lib/thumb/v7e-m\libc.a(lib_a-findfp.o)
                                                  c:/program files (x86)/atmel/studio/7.0/toolchain/arm/arm-gnu-toolchain/bin/../lib/gcc/arm-none-eabi/6.3.1/../../../../arm-none-eabi/lib/thumb/v7e-m\libc.a(lib_a-fclose.o)
                                                  c:/program files (x86)/atmel/studio/7.0/toolchain/arm/arm-gnu-toolchain/bin/../lib/gcc/arm-none-eabi/6.3.1/../../../../arm-none-eabi/lib/thumb/v7e-m\libc.a(lib_a-wbuf.o)
                                                  c:/program files (x86)/atmel/studio/7.0/toolchain/arm/arm-gnu-toolchain/bin/../lib/gcc/arm-none-eabi/6.3.1/../../../../arm-none-eabi/lib/thumb/v7e-m\libc.a(lib_a-fputwc.o)
                                                  c:/program files (x86)/atmel/studio/7.0/toolchain/arm/arm-gnu-toolchain/bin/../lib/gcc/arm-none-eabi/6.3.1/../../../../arm-none-eabi/lib/thumb/v7e-m\libc.a(lib_a-fflush.o)
                                                  c:/program files (x86)/atmel/studio/7.0/toolchain/arm/arm-gnu-toolchain/bin/../lib/gcc/arm-none-eabi/6.3.1/../../../../arm-none-eabi/lib/thumb/v7e-m\libc.a(lib_a-wsetup.o)
                                                  c:/program files (x86)/atmel/studio/7.0/toolchain/arm/arm-gnu-toolchain/bin/../lib/gcc/arm-none-eabi/6.3.1/../../../../arm-none-eabi/lib/thumb/v7e-m\libc.a(lib_a-vfiprintf.o)
__sinit_lock_acquire                              c:/program files (x86)/atmel/studio/7.0/toolchain/arm/arm-gnu-toolchain/bin/../lib/gcc/arm-none-eabi/6.3.1/../../../../arm-none-eabi/lib/thumb/v7e-m\libc.a(lib_a-findfp.o)
__sinit_lock_release                              c:/program files (x86)/atmel/studio/7.0/toolchain/arm/arm-gnu-toolchain/bin/../lib/gcc/arm-none-eabi/6.3.1/../../../../arm-none-eabi/lib/thumb/v7e-m\libc.a(lib_a-findfp.o)
__smakebuf_r                                      c:/program files (x86)/atmel/studio/7.0/toolchain/arm/arm-gnu-toolchain/bin/../lib/gcc/arm-none-eabi/6.3.1/../../../../arm-none-eabi/lib/thumb/v7e-m\libc.a(lib_a-makebuf.o)
                                                  c:/program files (x86)/atmel/studio/7.0/toolchain/arm/arm-gnu-toolchain/bin/../lib/gcc/arm-none-eabi/6.3.1/../../../../arm-none-eabi/lib/thumb/v7e-m\libc.a(lib_a-wsetup.o)
__sprint_r                                        c:/program files (x86)/atmel/studio/7.0/toolchain/arm/arm-gnu-toolchain/bin/../lib/gcc/arm-none-eabi/6.3.1/../../../../arm-none-eabi/lib/thumb/v7e-m\libc.a(lib_a-vfiprintf.o)
__sread                                           c:/program files (x86)/atmel/studio/7.0/toolchain/arm/arm-gnu-toolchain/bin/../lib/gcc/arm-none-eabi/6.3.1/../../../../arm-none-eabi/lib/thumb/v7e-m\libc.a(lib_a-stdio.o)
                                                  c:/program files (x86)/atmel/studio/7.0/toolchain/arm/arm-gnu-toolchain/bin/../lib/gcc/arm-none-eabi/6.3.1/../../../../arm-none-eabi/lib/thumb/v7e-m\libc.a(lib_a-findfp.o)
__sseek                                           c:/program files (x86)/atmel/studio/7.0/toolchain/arm/arm-gnu-toolchain/bin/../lib/gcc/arm-none-eabi/6.3.1/../../../../arm-none-eabi/lib/thumb/v7e-m\libc.a(lib_a-stdio.o)
                                                  c:/program files (x86)/atmel/studio/7.0/toolchain/arm/arm-gnu-toolchain/bin/../lib/gcc/arm-none-eabi/6.3.1/../../../../arm-none-eabi/lib/thumb/v7e-m\libc.a(lib_a-findfp.o)
__stack                                           c:/program files (x86)/atmel/studio/7.0/toolchain/arm/arm-gnu-toolchain/bin/../lib/gcc/arm-none-eabi/6.3.1/../../../../arm-none-eabi/lib/thumb/v7e-m/crt0.o
__swbuf                                           c:/program files (x86)/atmel/studio/7.0/toolchain/arm/arm-gnu-toolchain/bin/../lib/gcc/arm-none-eabi/6.3.1/../../../../arm-none-eabi/lib/thumb/v7e-m\libc.a(lib_a-wbuf.o)
__swbuf_r                                         c:/program files (x86)/atmel/studio/7.0/toolchain/arm/arm-gnu-toolchain/bin/../lib/gcc/arm-none-eabi/6.3.1/../../../../arm-none-eabi/lib/thumb/v7e-m\libc.a(lib_a-wbuf.o)
                                                  c:/program files (x86)/atmel/studio/7.0/toolchain/arm/arm-gnu-toolchain/bin/../lib/gcc/arm-none-eabi/6.3.1/../../../../arm-none-eabi/lib/thumb/v7e-m\libc.a(lib_a-fputwc.o)
__swhatbuf_r                                      c:/program files (x86)/atmel/studio/7.0/toolchain/arm/arm-gnu-toolchain/bin/../lib/gcc/arm-none-eabi/6.3.1/../../../../arm-none-eabi/lib/thumb/v7e-m\libc.a(lib_a-makebuf.o)
__swrite                                          c:/program files (x86)/atmel/studio/7.0/toolchain/arm/arm-gnu-toolchain/bin/../lib/gcc/arm-none-eabi/6.3.1/../../../../arm-none-eabi/lib/thumb/v7e-m\libc.a(lib_a-stdio.o)
                                                  c:/program files (x86)/atmel/studio/7.0/toolchain/arm/arm-gnu-toolchain/bin/../lib/gcc/arm-none-eabi/6.3.1/../../../../arm-none-eabi/lib/thumb/v7e-m\libc.a(lib_a-findfp.o)
__swsetup_r                                       c:/program files (x86)/atmel/studio/7.0/toolchain/arm/arm-gnu-toolchain/bin/../lib/gcc/arm-none-eabi/6.3.1/../../../../arm-none-eabi/lib/thumb/v7e-m\libc.a(lib_a-wsetup.o)
                                                  c:/program files (x86)/atmel/studio/7.0/toolchain/arm/arm-gnu-toolchain/bin/../lib/gcc/arm-none-eabi/6.3.1/../../../../arm-none-eabi/lib/thumb/v7e-m\libc.a(lib_a-wbuf.o)
                                                  c:/program files (x86)/atmel/studio/7.0/toolchain/arm/arm-gnu-toolchain/bin/../lib/gcc/arm-none-eabi/6.3.1/../../../../arm-none-eabi/lib/thumb/v7e-m\libc.a(lib_a-fvwrite.o)
                                                  c:/program files (x86)/atmel/studio/7.0/toolchain/arm/arm-gnu-toolchain/bin/../lib/gcc/arm-none-eabi/6.3.1/../../../../arm-none-eabi/lib/thumb/v7e-m\libc.a(lib_a-vfiprintf.o)
__udivmoddi4                                      c:/program files (x86)/atmel/studio/7.0/toolchain/arm/arm-gnu-toolchain/bin/../lib/gcc/arm-none-eabi/6.3.1/thumb/v7e-m\libgcc.a(_udivmoddi4.o)
                                                  c:/program files (x86)/atmel/studio/7.0/toolchain/arm/arm-gnu-toolchain/bin/../lib/gcc/arm-none-eabi/6.3.1/thumb/v7e-m\libgcc.a(_aeabi_uldivmod.o)
_cleanup                                          c:/program files (x86)/atmel/studio/7.0/toolchain/arm/arm-gnu-toolchain/bin/../lib/gcc/arm-none-eabi/6.3.1/../../../../arm-none-eabi/lib/thumb/v7e-m\libc.a(lib_a-findfp.o)
_cleanup_r                                        c:/program files (x86)/atmel/studio/7.0/toolchain/arm/arm-gnu-toolchain/bin/../lib/gcc/arm-none-eabi/6.3.1/../../../../arm-none-eabi/lib/thumb/v7e-m\libc.a(lib_a-findfp.o)
                                                  c:/program files (x86)/atmel/studio/7.0/toolchain/arm/arm-gnu-toolchain/bin/../lib/gcc/arm-none-eabi/6.3.1/../../../../arm-none-eabi/lib/thumb/v7e-m\libc.a(lib_a-makebuf.o)
_close                                            src/ASF/sam/utils/syscalls/gcc/syscalls.o
                                                  c:/program files (x86)/atmel/studio/7.0/toolchain/arm/arm-gnu-toolchain/bin/../lib/gcc/arm-none-eabi/6.3.1/../../../../arm-none-eabi/lib/thumb/v7e-m\libc.a(lib_a-closer.o)
_close_r                                          c:/program files (x86)/atmel/studio/7.0/toolchain/arm/arm-gnu-toolchain/bin/../lib/gcc/arm-none-eabi/6.3.1/../../../../arm-none-eabi/lib/thumb/v7e-m\libc.a(lib_a-closer.o)
                                                  c:/program files (x86)/atmel/studio/7.0/toolchain/arm/arm-gnu-toolchain/bin/../lib/gcc/arm-none-eabi/6.3.1/../../../../arm-none-eabi/lib/thumb/v7e-m\libc.a(lib_a-stdio.o)
_ctype_                                           c:/program files (x86)/atmel/studio/7.0/toolchain/arm/arm-gnu-toolchain/bin/../lib/gcc/arm-none-eabi/6.3.1/../../../../arm-none-eabi/lib/thumb/v7e-m\libc.a(lib_a-ctype_.o)
                                                  c:/program files (x86)/atmel/studio/7.0/toolchain/arm/arm-gnu-toolchain/bin/../lib/gcc/arm-none-eabi/6.3.1/../../../../arm-none-eabi/lib/thumb/v7e-m\libc.a(lib_a-locale.o)
_end                                              src/ASF/sam/utils/syscalls/gcc/syscalls.o
_erelocate                                        src/ASF/sam/utils/cmsis/same70/source/templates/gcc/startup_same70.o
_estack                                           src/ASF/sam/utils/cmsis/same70/source/templates/gcc/startup_same70.o
_etext                                            src/ASF/sam/utils/cmsis/same70/source/templates/gcc/startup_same70.o
_exit                                             src/ASF/sam/utils/syscalls/gcc/syscalls.o
                                                  c:/program files (x86)/atmel/studio/7.0/toolchain/arm/arm-gnu-toolchain/bin/../lib/gcc/arm-none-eabi/6.3.1/../../../../arm-none-eabi/lib/thumb/v7e-m\libc.a(lib_a-exit.o)
_ezero                                            src/ASF/sam/utils/cmsis/same70/source/templates/gcc/startup_same70.o
_fclose_r                                         c:/program files (x86)/atmel/studio/7.0/toolchain/arm/arm-gnu-toolchain/bin/../lib/gcc/arm-none-eabi/6.3.1/../../../../arm-none-eabi/lib/thumb/v7e-m\libc.a(lib_a-fclose.o)
                                                  c:/program files (x86)/atmel/studio/7.0/toolchain/arm/arm-gnu-toolchain/bin/../lib/gcc/arm-none-eabi/6.3.1/../../../../arm-none-eabi/lib/thumb/v7e-m\libc.a(lib_a-findfp.o)
_fflush_r                                         c:/program files (x86)/atmel/studio/7.0/toolchain/arm/arm-gnu-toolchain/bin/../lib/gcc/arm-none-eabi/6.3.1/../../../../arm-none-eabi/lib/thumb/v7e-m\libc.a(lib_a-fflush.o)
                                                  c:/program files (x86)/atmel/studio/7.0/toolchain/arm/arm-gnu-toolchain/bin/../lib/gcc/arm-none-eabi/6.3.1/../../../../arm-none-eabi/lib/thumb/v7e-m\libc.a(lib_a-wbuf.o)
                                                  c:/program files (x86)/atmel/studio/7.0/toolchain/arm/arm-gnu-toolchain/bin/../lib/gcc/arm-none-eabi/6.3.1/../../../../arm-none-eabi/lib/thumb/v7e-m\libc.a(lib_a-fvwrite.o)
                                                  c:/program files (x86)/atmel/studio/7.0/toolchain/arm/arm-gnu-toolchain/bin/../lib/gcc/arm-none-eabi/6.3.1/../../../../arm-none-eabi/lib/thumb/v7e-m\libc.a(lib_a-vfiprintf.o)
_fini                                             c:/program files (x86)/atmel/studio/7.0/toolchain/arm/arm-gnu-toolchain/bin/../lib/gcc/arm-none-eabi/6.3.1/thumb/v7e-m/crti.o
                                                  c:/program files (x86)/atmel/studio/7.0/toolchain/arm/arm-gnu-toolchain/bin/../lib/gcc/arm-none-eabi/6.3.1/../../../../arm-none-eabi/lib/thumb/v7e-m\libc.a(lib_a-fini.o)
_fputwc_r                                         c:/program files (x86)/atmel/studio/7.0/toolchain/arm/arm-gnu-toolchain/bin/../lib/gcc/arm-none-eabi/6.3.1/../../../../arm-none-eabi/lib/thumb/v7e-m\libc.a(lib_a-fputwc.o)
                                                  c:/program files (x86)/atmel/studio/7.0/toolchain/arm/arm-gnu-toolchain/bin/../lib/gcc/arm-none-eabi/6.3.1/../../../../arm-none-eabi/lib/thumb/v7e-m\libc.a(lib_a-vfiprintf.o)
_free_r                                           c:/program files (x86)/atmel/studio/7.0/toolchain/arm/arm-gnu-toolchain/bin/../lib/gcc/arm-none-eabi/6.3.1/../../../../arm-none-eabi/lib/thumb/v7e-m\libc.a(lib_a-freer.o)
                                                  c:/program files (x86)/atmel/studio/7.0/toolchain/arm/arm-gnu-toolchain/bin/../lib/gcc/arm-none-eabi/6.3.1/../../../../arm-none-eabi/lib/thumb/v7e-m\libc.a(lib_a-reent.o)
                                                  c:/program files (x86)/atmel/studio/7.0/toolchain/arm/arm-gnu-toolchain/bin/../lib/gcc/arm-none-eabi/6.3.1/../../../../arm-none-eabi/lib/thumb/v7e-m\libc.a(lib_a-fclose.o)
                                                  c:/program files (x86)/atmel/studio/7.0/toolchain/arm/arm-gnu-toolchain/bin/../lib/gcc/arm-none-eabi/6.3.1/../../../../arm-none-eabi/lib/thumb/v7e-m\libc.a(lib_a-reallocr.o)
                                                  c:/program files (x86)/atmel/studio/7.0/toolchain/arm/arm-gnu-toolchain/bin/../lib/gcc/arm-none-eabi/6.3.1/../../../../arm-none-eabi/lib/thumb/v7e-m\libc.a(lib_a-mallocr.o)
                                                  c:/program files (x86)/atmel/studio/7.0/toolchain/arm/arm-gnu-toolchain/bin/../lib/gcc/arm-none-eabi/6.3.1/../../../../arm-none-eabi/lib/thumb/v7e-m\libc.a(lib_a-fvwrite.o)
                                                  c:/program files (x86)/atmel/studio/7.0/toolchain/arm/arm-gnu-toolchain/bin/../lib/gcc/arm-none-eabi/6.3.1/../../../../arm-none-eabi/lib/thumb/v7e-m\libc.a(lib_a-fflush.o)
                                                  c:/program files (x86)/atmel/studio/7.0/toolchain/arm/arm-gnu-toolchain/bin/../lib/gcc/arm-none-eabi/6.3.1/../../../../arm-none-eabi/lib/thumb/v7e-m\libc.a(lib_a-wsetup.o)
_fstat                                            src/ASF/sam/utils/syscalls/gcc/syscalls.o
                                                  c:/program files (x86)/atmel/studio/7.0/toolchain/arm/arm-gnu-toolchain/bin/../lib/gcc/arm-none-eabi/6.3.1/../../../../arm-none-eabi/lib/thumb/v7e-m\libc.a(lib_a-fstatr.o)
_fstat_r                                          c:/program files (x86)/atmel/studio/7.0/toolchain/arm/arm-gnu-toolchain/bin/../lib/gcc/arm-none-eabi/6.3.1/../../../../arm-none-eabi/lib/thumb/v7e-m\libc.a(lib_a-fstatr.o)
                                                  c:/program files (x86)/atmel/studio/7.0/toolchain/arm/arm-gnu-toolchain/bin/../lib/gcc/arm-none-eabi/6.3.1/../../../../arm-none-eabi/lib/thumb/v7e-m\libc.a(lib_a-makebuf.o)
_fwalk                                            c:/program files (x86)/atmel/studio/7.0/toolchain/arm/arm-gnu-toolchain/bin/../lib/gcc/arm-none-eabi/6.3.1/../../../../arm-none-eabi/lib/thumb/v7e-m\libc.a(lib_a-fwalk.o)
                                                  c:/program files (x86)/atmel/studio/7.0/toolchain/arm/arm-gnu-toolchain/bin/../lib/gcc/arm-none-eabi/6.3.1/../../../../arm-none-eabi/lib/thumb/v7e-m\libc.a(lib_a-findfp.o)
_fwalk_reent                                      c:/program files (x86)/atmel/studio/7.0/toolchain/arm/arm-gnu-toolchain/bin/../lib/gcc/arm-none-eabi/6.3.1/../../../../arm-none-eabi/lib/thumb/v7e-m\libc.a(lib_a-fwalk.o)
                                                  c:/program files (x86)/atmel/studio/7.0/toolchain/arm/arm-gnu-toolchain/bin/../lib/gcc/arm-none-eabi/6.3.1/../../../../arm-none-eabi/lib/thumb/v7e-m\libc.a(lib_a-findfp.o)
                                                  c:/program files (x86)/atmel/studio/7.0/toolchain/arm/arm-gnu-toolchain/bin/../lib/gcc/arm-none-eabi/6.3.1/../../../../arm-none-eabi/lib/thumb/v7e-m\libc.a(lib_a-fflush.o)
_getpid                                           src/ASF/sam/utils/syscalls/gcc/syscalls.o
_global_impure_ptr                                c:/program files (x86)/atmel/studio/7.0/toolchain/arm/arm-gnu-toolchain/bin/../lib/gcc/arm-none-eabi/6.3.1/../../../../arm-none-eabi/lib/thumb/v7e-m\libc.a(lib_a-impure.o)
                                                  c:/program files (x86)/atmel/studio/7.0/toolchain/arm/arm-gnu-toolchain/bin/../lib/gcc/arm-none-eabi/6.3.1/../../../../arm-none-eabi/lib/thumb/v7e-m\libc.a(lib_a-__atexit.o)
                                                  c:/program files (x86)/atmel/studio/7.0/toolchain/arm/arm-gnu-toolchain/bin/../lib/gcc/arm-none-eabi/6.3.1/../../../../arm-none-eabi/lib/thumb/v7e-m\libc.a(lib_a-findfp.o)
                                                  c:/program files (x86)/atmel/studio/7.0/toolchain/arm/arm-gnu-toolchain/bin/../lib/gcc/arm-none-eabi/6.3.1/../../../../arm-none-eabi/lib/thumb/v7e-m\libc.a(lib_a-fflush.o)
                                                  c:/program files (x86)/atmel/studio/7.0/toolchain/arm/arm-gnu-toolchain/bin/../lib/gcc/arm-none-eabi/6.3.1/../../../../arm-none-eabi/lib/thumb/v7e-m\libc.a(lib_a-__call_atexit.o)
                                                  c:/program files (x86)/atmel/studio/7.0/toolchain/arm/arm-gnu-toolchain/bin/../lib/gcc/arm-none-eabi/6.3.1/../../../../arm-none-eabi/lib/thumb/v7e-m\libc.a(lib_a-exit.o)
_impure_ptr                                       c:/program files (x86)/atmel/studio/7.0/toolchain/arm/arm-gnu-toolchain/bin/../lib/gcc/arm-none-eabi/6.3.1/../../../../arm-none-eabi/lib/thumb/v7e-m\libc.a(lib_a-impure.o)
                                                  c:/program files (x86)/atmel/studio/7.0/toolchain/arm/arm-gnu-toolchain/bin/../lib/gcc/arm-none-eabi/6.3.1/../../../../arm-none-eabi/lib/thumb/v7e-m\libc.a(lib_a-reent.o)
                                                  c:/program files (x86)/atmel/studio/7.0/toolchain/arm/arm-gnu-toolchain/bin/../lib/gcc/arm-none-eabi/6.3.1/../../../../arm-none-eabi/lib/thumb/v7e-m\libc.a(lib_a-fclose.o)
                                                  c:/program files (x86)/atmel/studio/7.0/toolchain/arm/arm-gnu-toolchain/bin/../lib/gcc/arm-none-eabi/6.3.1/../../../../arm-none-eabi/lib/thumb/v7e-m\libc.a(lib_a-wctomb_r.o)
                                                  c:/program files (x86)/atmel/studio/7.0/toolchain/arm/arm-gnu-toolchain/bin/../lib/gcc/arm-none-eabi/6.3.1/../../../../arm-none-eabi/lib/thumb/v7e-m\libc.a(lib_a-wcrtomb.o)
                                                  c:/program files (x86)/atmel/studio/7.0/toolchain/arm/arm-gnu-toolchain/bin/../lib/gcc/arm-none-eabi/6.3.1/../../../../arm-none-eabi/lib/thumb/v7e-m\libc.a(lib_a-wbuf.o)
                                                  c:/program files (x86)/atmel/studio/7.0/toolchain/arm/arm-gnu-toolchain/bin/../lib/gcc/arm-none-eabi/6.3.1/../../../../arm-none-eabi/lib/thumb/v7e-m\libc.a(lib_a-mbtowc_r.o)
                                                  c:/program files (x86)/atmel/studio/7.0/toolchain/arm/arm-gnu-toolchain/bin/../lib/gcc/arm-none-eabi/6.3.1/../../../../arm-none-eabi/lib/thumb/v7e-m\libc.a(lib_a-locale.o)
                                                  c:/program files (x86)/atmel/studio/7.0/toolchain/arm/arm-gnu-toolchain/bin/../lib/gcc/arm-none-eabi/6.3.1/../../../../arm-none-eabi/lib/thumb/v7e-m\libc.a(lib_a-fputwc.o)
                                                  c:/program files (x86)/atmel/studio/7.0/toolchain/arm/arm-gnu-toolchain/bin/../lib/gcc/arm-none-eabi/6.3.1/../../../../arm-none-eabi/lib/thumb/v7e-m\libc.a(lib_a-findfp.o)
                                                  c:/program files (x86)/atmel/studio/7.0/toolchain/arm/arm-gnu-toolchain/bin/../lib/gcc/arm-none-eabi/6.3.1/../../../../arm-none-eabi/lib/thumb/v7e-m\libc.a(lib_a-fflush.o)
                                                  c:/program files (x86)/atmel/studio/7.0/toolchain/arm/arm-gnu-toolchain/bin/../lib/gcc/arm-none-eabi/6.3.1/../../../../arm-none-eabi/lib/thumb/v7e-m\libc.a(lib_a-wsetup.o)
                                                  c:/program files (x86)/atmel/studio/7.0/toolchain/arm/arm-gnu-toolchain/bin/../lib/gcc/arm-none-eabi/6.3.1/../../../../arm-none-eabi/lib/thumb/v7e-m\libc.a(lib_a-vfiprintf.o)
                                                  c:/program files (x86)/atmel/studio/7.0/toolchain/arm/arm-gnu-toolchain/bin/../lib/gcc/arm-none-eabi/6.3.1/../../../../arm-none-eabi/lib/thumb/v7e-m\libc.a(lib_a-iprintf.o)
_init                                             c:/program files (x86)/atmel/studio/7.0/toolchain/arm/arm-gnu-toolchain/bin/../lib/gcc/arm-none-eabi/6.3.1/thumb/v7e-m/crti.o
                                                  c:/program files (x86)/atmel/studio/7.0/toolchain/arm/arm-gnu-toolchain/bin/../lib/gcc/arm-none-eabi/6.3.1/../../../../arm-none-eabi/lib/thumb/v7e-m\libc.a(lib_a-init.o)
_iprintf_r                                        c:/program files (x86)/atmel/studio/7.0/toolchain/arm/arm-gnu-toolchain/bin/../lib/gcc/arm-none-eabi/6.3.1/../../../../arm-none-eabi/lib/thumb/v7e-m\libc.a(lib_a-iprintf.o)
_isatty                                           src/ASF/sam/utils/syscalls/gcc/syscalls.o